******************************************************************************
                  TI ARM Linker PC v5.1.1                      
******************************************************************************
>> Linked Fri Jul 03 20:46:37 2015

OUTPUT FILE NAME:   <POS.out>
ENTRY POINT SYMBOL: "_c_int00"  address: 00001d11


MEMORY CONFIGURATION

         name            origin    length      used     unused   attr    fill
----------------------  --------  ---------  --------  --------  ----  --------
  FLASH                 00000000   00040000  000022c6  0003dd3a  R  X
  SRAM                  20000000   00008000  0000047a  00007b86  RW X


SEGMENT ALLOCATION MAP

run origin  load origin   length   init length attrs members
----------  ----------- ---------- ----------- ----- -------
00000000    00000000    000022c8   000022c8    r-x
  00000000    00000000    0000026c   0000026c    r-- .intvecs
  0000026c    0000026c    00001c96   00001c96    r-x .text
  00001f04    00001f04    0000037c   0000037c    r-- .const
  00002280    00002280    00000048   00000048    r-- .cinit
20000000    20000000    0000047c   00000000    rw-
  20000000    20000000    0000026c   00000000    rw- .vtable
  2000026c    2000026c    00000190   00000000    rw- .stack
  200003fc    200003fc    0000006a   00000000    rw- .bss
  20000468    20000468    00000014   00000000    rw- .data


SECTION ALLOCATION MAP

 output                                  attributes/
section   page    origin      length       input sections
--------  ----  ----------  ----------   ----------------
.intvecs   0    00000000    0000026c     
                  00000000    0000026c     tm4c123gh6pm_startup_ccs.obj (.intvecs)

.init_array 
*          0    00000000    00000000     UNINITIALIZED

.text      0    0000026c    00001c96     
                  0000026c    00000b94     gpio.obj (.text)
                  00000e00    00000604     uart.obj (.text)
                  00001404    000002bc     init.obj (.text)
                  000016c0    00000160     isr.obj (.text)
                  00001820    00000118     main.obj (.text)
                  00001938    000000c8     driverlib.lib : sysctl.obj (.text:SysCtlClockGet)
                  00001a00    0000009c     rtsv7M4_T_le_v4SPD16_eabi.lib : memcpy_t2.obj (.text)
                  00001a9c    00000094                                   : auto_init.obj (.text)
                  00001b30    00000064     pos_uart.obj (.text)
                  00001b94    00000060     driverlib.lib : interrupt.obj (.text:IntDisable)
                  00001bf4    00000060                   : interrupt.obj (.text:IntEnable)
                  00001c54    0000005e     rtsv7M4_T_le_v4SPD16_eabi.lib : copy_decompress_rle.obj (.text)
                  00001cb2    00000002     driverlib.lib : interrupt.obj (.text:_IntDefaultHandler)
                  00001cb4    0000005c                   : timer.obj (.text:TimerConfigure)
                  00001d10    00000048     rtsv7M4_T_le_v4SPD16_eabi.lib : boot.obj (.text)
                  00001d58    00000044                                   : cpy_tbl.obj (.text)
                  00001d9c    00000044                                   : exit.obj (.text)
                  00001de0    00000034     driverlib.lib : interrupt.obj (.text:IntRegister)
                  00001e14    00000034                   : sysctl.obj (.text:SysCtlPeripheralEnable)
                  00001e48    00000018     rtsv7M4_T_le_v4SPD16_eabi.lib : args_main.obj (.text)
                  00001e60    00000014     driverlib.lib : interrupt.obj (.text:IntUnregister)
                  00001e74    00000014     rtsv7M4_T_le_v4SPD16_eabi.lib : _lock.obj (.text)
                  00001e88    00000012     driverlib.lib : timer.obj (.text:TimerLoadSet)
                  00001e9a    00000012     rtsv7M4_T_le_v4SPD16_eabi.lib : copy_zero_init.obj (.text:decompress:ZI)
                  00001eac    0000000e     driverlib.lib : timer.obj (.text:TimerEnable)
                  00001eba    0000000e     rtsv7M4_T_le_v4SPD16_eabi.lib : copy_decompress_none.obj (.text:decompress:none)
                  00001ec8    0000000c     driverlib.lib : cpu.obj (.text:CPUcpsie)
                  00001ed4    0000000c     tm4c123gh6pm_startup_ccs.obj (.text)
                  00001ee0    0000000a     driverlib.lib : interrupt.obj (.text:IntMasterEnable)
                  00001eea    00000008                   : timer.obj (.text:TimerIntEnable)
                  00001ef2    00000006                   : sysctl.obj (.text:SysCtlDelay)
                  00001ef8    00000006     rtsv7M4_T_le_v4SPD16_eabi.lib : copy_decompress_rle.obj (.text:decompress:rle24)
                  00001efe    00000004     driverlib.lib : timer.obj (.text:TimerIntClear)

.const     0    00001f04    0000037c     
                  00001f04    000000c0     gpio.obj (.const:g_ppui32GPIOIntMapBlizzard)
                  00001fc4    000000c0     gpio.obj (.const:g_ppui32GPIOIntMapSnowflake)
                  00002084    00000090     gpio.obj (.const:g_pui32GPIOBaseAddrs)
                  00002114    00000070     driverlib.lib : interrupt.obj (.const)
                  00002184    0000006c                   : sysctl.obj (.const:g_pui32Xtals)
                  000021f0    00000040     uart.obj (.const:g_ppui32UARTIntMap)
                  00002230    00000040     uart.obj (.const:g_ppui32UARTIntMapSnowflake)
                  00002270    00000008     gpio.obj (.const)
                  00002278    00000008     uart.obj (.const)

.cinit     0    00002280    00000048     
                  00002280    0000000f     (.cinit..data.load) [load image, compression = rle]
                  0000228f    00000001     --HOLE-- [fill = 0]
                  00002290    0000000c     (__TI_handler_table)
                  0000229c    00000004     --HOLE-- [fill = 0]
                  000022a0    00000008     (.cinit..bss.load) [load image, compression = zero_init]
                  000022a8    00000008     (.cinit..vtable.load) [load image, compression = zero_init]
                  000022b0    00000018     (__TI_cinit_table)

.vtable    0    20000000    0000026c     UNINITIALIZED
                  20000000    0000026c     driverlib.lib : interrupt.obj (.vtable)

.stack     0    2000026c    00000190     UNINITIALIZED
                  2000026c    00000190     --HOLE--

.bss       0    200003fc    0000006a     UNINITIALIZED
                  200003fc    00000066     pos_uart.obj (.bss:g_uart0_data)
                  20000462    00000002     (.common:i$1)
                  20000464    00000001     (.common:returnval$2)
                  20000465    00000001     (.common:returnval$4)

.data      0    20000468    00000014     UNINITIALIZED
                  20000468    00000008     rtsv7M4_T_le_v4SPD16_eabi.lib : _lock.obj (.data)
                  20000470    00000008                                   : exit.obj (.data)
                  20000478    00000004                                   : stkdepth_vars.obj (.data)


LINKER GENERATED COPY TABLES

__TI_cinit_table @ 000022b0 records: 3, size/record: 8, table size: 24
	.data: load addr=00002280, load size=0000000f bytes, run addr=20000468, run size=00000014 bytes, compression=rle
	.bss: load addr=000022a0, load size=00000008 bytes, run addr=200003fc, run size=0000006a bytes, compression=zero_init
	.vtable: load addr=000022a8, load size=00000008 bytes, run addr=20000000, run size=0000026c bytes, compression=zero_init


LINKER GENERATED HANDLER TABLE

__TI_handler_table @ 00002290 records: 3, size/record: 4, table size: 12
	index: 0, handler: __TI_zero_init
	index: 1, handler: __TI_decompress_rle24
	index: 2, handler: __TI_decompress_none


GLOBAL SYMBOLS: SORTED ALPHABETICALLY BY Name 

address    name
--------   ----
00001d9d   C$$EXIT
00001ec9   CPUcpsie
00000ddb   GPIOADCTriggerDisable
00000dbd   GPIOADCTriggerEnable
00000d9f   GPIODMATriggerDisable
00000d81   GPIODMATriggerEnable
0000032b   GPIODirModeGet
000002cf   GPIODirModeSet
0000089b   GPIOIntClear
00000863   GPIOIntDisable
00000849   GPIOIntEnable
000008af   GPIOIntRegister
0000087d   GPIOIntStatus
0000041b   GPIOIntTypeGet
00000377   GPIOIntTypeSet
000008cd   GPIOIntUnregister
000006f7   GPIOPadConfigGet
000004b9   GPIOPadConfigSet
00000d23   GPIOPinConfigure
000008e7   GPIOPinRead
0000091f   GPIOPinTypeADC
00000943   GPIOPinTypeCAN
00000cef   GPIOPinTypeCIR
00000967   GPIOPinTypeComparator
0000098b   GPIOPinTypeEPI
000009af   GPIOPinTypeEthernetLED
000009d3   GPIOPinTypeEthernetMII
000009f7   GPIOPinTypeGPIOInput
00000a1b   GPIOPinTypeGPIOOutput
00000a3f   GPIOPinTypeGPIOOutputOD
00000a63   GPIOPinTypeI2C
00000a87   GPIOPinTypeI2CSCL
00000ca7   GPIOPinTypeKBColumn
00000c83   GPIOPinTypeKBRow
00000aab   GPIOPinTypeLCD
00000ccb   GPIOPinTypeLEDSeq
00000acf   GPIOPinTypeLPC
00000af3   GPIOPinTypePECIRx
00000b17   GPIOPinTypePECITx
00000b3b   GPIOPinTypePWM
00000b5f   GPIOPinTypeQEI
00000b83   GPIOPinTypeSSI
00000ba7   GPIOPinTypeTimer
00000bcb   GPIOPinTypeUART
00000bef   GPIOPinTypeUSBAnalog
00000c13   GPIOPinTypeUSBDigital
00000c37   GPIOPinTypeWakeHigh
00000c5d   GPIOPinTypeWakeLow
00000d13   GPIOPinWakeStatus
000008ff   GPIOPinWrite
00001b95   IntDisable
00001bf5   IntEnable
00001ee1   IntMasterEnable
00001de1   IntRegister
00001e61   IntUnregister
00001ed5   ResetISR
UNDEFED    SHT$$INIT_ARRAY$$Base
UNDEFED    SHT$$INIT_ARRAY$$Limit
00001939   SysCtlClockGet
00001ef3   SysCtlDelay
00001e15   SysCtlPeripheralEnable
00001725   Timer0AIntHandler
00001cb5   TimerConfigure
00001ead   TimerEnable
00001eff   TimerIntClear
00001eeb   TimerIntEnable
00001e89   TimerLoadSet
000016c1   UART0IntHandler
000013bd   UART9BitAddrSend
00001397   UART9BitAddrSet
00001381   UART9BitDisable
0000136b   UART9BitEnable
0000121f   UARTBreakCtl
00001245   UARTBusy
000011c7   UARTCharGet
000011ab   UARTCharGetNonBlocking
00001201   UARTCharPut
000011dd   UARTCharPutNonBlocking
0000117b   UARTCharsAvail
0000135b   UARTClockSourceGet
00001347   UARTClockSourceSet
00000f47   UARTConfigGetExpClk
00000ed1   UARTConfigSetExpClk
0000130d   UARTDMADisable
000012f5   UARTDMAEnable
00000fb7   UARTDisable
00001037   UARTDisableSIR
00000f93   UARTEnable
0000100d   UARTEnableSIR
00000ff7   UARTFIFODisable
00000fe1   UARTFIFOEnable
00000ea9   UARTFIFOLevelGet
00000e91   UARTFIFOLevelSet
0000113b   UARTFlowControlGet
0000111f   UARTFlowControlSet
000012e3   UARTIntClear
000012b1   UARTIntDisable
00001299   UARTIntEnable
0000125d   UARTIntRegister
000012c9   UARTIntStatus
0000127b   UARTIntUnregister
000010d5   UARTModemControlClear
000010f9   UARTModemControlGet
00001095   UARTModemControlSet
0000110b   UARTModemStatusGet
00000e7f   UARTParityModeGet
00000e63   UARTParityModeSet
00001337   UARTRxErrorClear
00001325   UARTRxErrorGet
0000107f   UARTSmartCardDisable
0000104d   UARTSmartCardEnable
00001193   UARTSpaceAvail
00001169   UARTTxIntModeGet
0000114d   UARTTxIntModeSet
00001751   WTimer1AIntHandler
0000178f   WTimer1BIntHandler
000017b3   WTimer5AIntHandler
000017d5   WTimer5BIntHandler
200003fc   __STACK_END
00000190   __STACK_SIZE
2000046c   __STACK_TOP
000022b0   __TI_CINIT_Base
000022c8   __TI_CINIT_Limit
00002290   __TI_Handler_Table_Base
0000229c   __TI_Handler_Table_Limit
00000001   __TI_args_main
00001a9d   __TI_auto_init
20000470   __TI_cleanup_ptr
00001ebb   __TI_decompress_none
00001ef9   __TI_decompress_rle24
20000474   __TI_dtors_ptr
00000000   __TI_static_base__
00001e9b   __TI_zero_init
00001a01   __aeabi_memcpy
00001a01   __aeabi_memcpy4
00001a01   __aeabi_memcpy8
ffffffff   __binit__
ffffffff   __c_args__
2000026c   __stack
00001e49   _args_main
00001d11   _c_int00
20000468   _lock
00001e83   _nop
00001e7b   _register_lock
00001e75   _register_unlock
2000046c   _unlock
00001da1   abort
ffffffff   binit
00001d59   copy_in
00001da9   exit
20000000   g_pfnRAMVectors
00000000   g_pfnVectors
200003fc   g_uart0_data
00001b75   i2cBatchRead
00001b31   i2cBatchWrite
00001821   main
20000478   main_func_sp
00001a01   memcpy
00001519   myGPIOConfig_Init
00001405   myISR_Config
0000156d   myPWM_Init
000014f1   myPeripheralEnable_Init
000015d9   myTimers_Init
00001407   myUART0Config_Init
00001487   myUART2Config_Init


GLOBAL SYMBOLS: SORTED BY Symbol Address 

address    name
--------   ----
00000000   __TI_static_base__
00000000   g_pfnVectors
00000001   __TI_args_main
00000190   __STACK_SIZE
000002cf   GPIODirModeSet
0000032b   GPIODirModeGet
00000377   GPIOIntTypeSet
0000041b   GPIOIntTypeGet
000004b9   GPIOPadConfigSet
000006f7   GPIOPadConfigGet
00000849   GPIOIntEnable
00000863   GPIOIntDisable
0000087d   GPIOIntStatus
0000089b   GPIOIntClear
000008af   GPIOIntRegister
000008cd   GPIOIntUnregister
000008e7   GPIOPinRead
000008ff   GPIOPinWrite
0000091f   GPIOPinTypeADC
00000943   GPIOPinTypeCAN
00000967   GPIOPinTypeComparator
0000098b   GPIOPinTypeEPI
000009af   GPIOPinTypeEthernetLED
000009d3   GPIOPinTypeEthernetMII
000009f7   GPIOPinTypeGPIOInput
00000a1b   GPIOPinTypeGPIOOutput
00000a3f   GPIOPinTypeGPIOOutputOD
00000a63   GPIOPinTypeI2C
00000a87   GPIOPinTypeI2CSCL
00000aab   GPIOPinTypeLCD
00000acf   GPIOPinTypeLPC
00000af3   GPIOPinTypePECIRx
00000b17   GPIOPinTypePECITx
00000b3b   GPIOPinTypePWM
00000b5f   GPIOPinTypeQEI
00000b83   GPIOPinTypeSSI
00000ba7   GPIOPinTypeTimer
00000bcb   GPIOPinTypeUART
00000bef   GPIOPinTypeUSBAnalog
00000c13   GPIOPinTypeUSBDigital
00000c37   GPIOPinTypeWakeHigh
00000c5d   GPIOPinTypeWakeLow
00000c83   GPIOPinTypeKBRow
00000ca7   GPIOPinTypeKBColumn
00000ccb   GPIOPinTypeLEDSeq
00000cef   GPIOPinTypeCIR
00000d13   GPIOPinWakeStatus
00000d23   GPIOPinConfigure
00000d81   GPIODMATriggerEnable
00000d9f   GPIODMATriggerDisable
00000dbd   GPIOADCTriggerEnable
00000ddb   GPIOADCTriggerDisable
00000e63   UARTParityModeSet
00000e7f   UARTParityModeGet
00000e91   UARTFIFOLevelSet
00000ea9   UARTFIFOLevelGet
00000ed1   UARTConfigSetExpClk
00000f47   UARTConfigGetExpClk
00000f93   UARTEnable
00000fb7   UARTDisable
00000fe1   UARTFIFOEnable
00000ff7   UARTFIFODisable
0000100d   UARTEnableSIR
00001037   UARTDisableSIR
0000104d   UARTSmartCardEnable
0000107f   UARTSmartCardDisable
00001095   UARTModemControlSet
000010d5   UARTModemControlClear
000010f9   UARTModemControlGet
0000110b   UARTModemStatusGet
0000111f   UARTFlowControlSet
0000113b   UARTFlowControlGet
0000114d   UARTTxIntModeSet
00001169   UARTTxIntModeGet
0000117b   UARTCharsAvail
00001193   UARTSpaceAvail
000011ab   UARTCharGetNonBlocking
000011c7   UARTCharGet
000011dd   UARTCharPutNonBlocking
00001201   UARTCharPut
0000121f   UARTBreakCtl
00001245   UARTBusy
0000125d   UARTIntRegister
0000127b   UARTIntUnregister
00001299   UARTIntEnable
000012b1   UARTIntDisable
000012c9   UARTIntStatus
000012e3   UARTIntClear
000012f5   UARTDMAEnable
0000130d   UARTDMADisable
00001325   UARTRxErrorGet
00001337   UARTRxErrorClear
00001347   UARTClockSourceSet
0000135b   UARTClockSourceGet
0000136b   UART9BitEnable
00001381   UART9BitDisable
00001397   UART9BitAddrSet
000013bd   UART9BitAddrSend
00001405   myISR_Config
00001407   myUART0Config_Init
00001487   myUART2Config_Init
000014f1   myPeripheralEnable_Init
00001519   myGPIOConfig_Init
0000156d   myPWM_Init
000015d9   myTimers_Init
000016c1   UART0IntHandler
00001725   Timer0AIntHandler
00001751   WTimer1AIntHandler
0000178f   WTimer1BIntHandler
000017b3   WTimer5AIntHandler
000017d5   WTimer5BIntHandler
00001821   main
00001939   SysCtlClockGet
00001a01   __aeabi_memcpy
00001a01   __aeabi_memcpy4
00001a01   __aeabi_memcpy8
00001a01   memcpy
00001a9d   __TI_auto_init
00001b31   i2cBatchWrite
00001b75   i2cBatchRead
00001b95   IntDisable
00001bf5   IntEnable
00001cb5   TimerConfigure
00001d11   _c_int00
00001d59   copy_in
00001d9d   C$$EXIT
00001da1   abort
00001da9   exit
00001de1   IntRegister
00001e15   SysCtlPeripheralEnable
00001e49   _args_main
00001e61   IntUnregister
00001e75   _register_unlock
00001e7b   _register_lock
00001e83   _nop
00001e89   TimerLoadSet
00001e9b   __TI_zero_init
00001ead   TimerEnable
00001ebb   __TI_decompress_none
00001ec9   CPUcpsie
00001ed5   ResetISR
00001ee1   IntMasterEnable
00001eeb   TimerIntEnable
00001ef3   SysCtlDelay
00001ef9   __TI_decompress_rle24
00001eff   TimerIntClear
00002290   __TI_Handler_Table_Base
0000229c   __TI_Handler_Table_Limit
000022b0   __TI_CINIT_Base
000022c8   __TI_CINIT_Limit
20000000   g_pfnRAMVectors
2000026c   __stack
200003fc   __STACK_END
200003fc   g_uart0_data
20000468   _lock
2000046c   __STACK_TOP
2000046c   _unlock
20000470   __TI_cleanup_ptr
20000474   __TI_dtors_ptr
20000478   main_func_sp
ffffffff   __binit__
ffffffff   __c_args__
ffffffff   binit
UNDEFED    SHT$$INIT_ARRAY$$Base
UNDEFED    SHT$$INIT_ARRAY$$Limit

[165 symbols]
