******************************************************************************
                  TI ARM Linker PC v5.1.1                      
******************************************************************************
>> Linked Mon Jan 04 23:43:00 2016

OUTPUT FILE NAME:   <PSO.out>
ENTRY POINT SYMBOL: "_c_int00"  address: 00008ea5


MEMORY CONFIGURATION

         name            origin    length      used     unused   attr    fill
----------------------  --------  ---------  --------  --------  ----  --------
  FLASH                 00000000   00040000  000097cc  00036834  R  X
  SRAM                  20000000   00008000  0000215e  00005ea2  RW X


SEGMENT ALLOCATION MAP

run origin  load origin   length   init length attrs members
----------  ----------- ---------- ----------- ----- -------
00000000    00000000    000097d0   000097d0    r-x
  00000000    00000000    0000026c   0000026c    r-- .intvecs
  0000026c    0000026c    00009028   00009028    r-x .text
  00009294    00009294    00000480   00000480    r-- .const
  00009718    00009718    000000b8   000000b8    r-- .cinit
20000000    20000000    00002168   00000000    rw-
  20000000    20000000    0000026c   00000000    rw- .vtable
  20000270    20000270    000016b2   00000000    rw- .bss
  20001924    20001924    00000320   00000000    rw- .stack
  20001c48    20001c48    00000320   00000000    rw- .sysmem
  20001f68    20001f68    00000200   00000000    rw- .data


SECTION ALLOCATION MAP

 output                                  attributes/
section   page    origin      length       input sections
--------  ----  ----------  ----------   ----------------
.intvecs   0    00000000    0000026c     
                  00000000    0000026c     tm4c123gh6pm_startup_ccs.obj (.intvecs)

.init_array 
*          0    00000000    00000000     UNINITIALIZED

.text      0    0000026c    00009028     
                  0000026c    00002a24     ff.obj (.text)
                  00002c90    00000e8c     rtsv7M4_T_le_v4SPD16_eabi.lib : _printfi.obj (.text)
                  00003b1c    00000b94     gpio.obj (.text)
                  000046b0    000009d8     mmc-dk-tm4c123g.obj (.text)
                  00005088    000008b8     pso_init.obj (.text)
                  00005940    00000604     uart.obj (.text)
                  00005f44    00000450     ulink.obj (.text)
                  00006394    00000440     main.obj (.text)
                  000067d4    000003cc     rtsv7M4_T_le_v4SPD16_eabi.lib : memory.obj (.text)
                  00006ba0    00000310                                   : lowlev.obj (.text)
                  00006eb0    000002e4     pso_pwm.obj (.text)
                  00007194    000002d4     rtsv7M4_T_le_v4SPD16_eabi.lib : trgdrv.obj (.text)
                  00007468    0000027a     fifo.obj (.text)
                  000076e2    000001f4     rtsv7M4_T_le_v4SPD16_eabi.lib : ull_div_t2.obj (.text)
                  000078d6    00000002     driverlib.lib : interrupt.obj (.text:_IntDefaultHandler)
                  000078d8    000001c0     rtsv7M4_T_le_v4SPD16_eabi.lib : fopen.obj (.text)
                  00007a98    000001b6                                   : fd_add_t2.obj (.text)
                  00007c4e    00000002     --HOLE-- [fill = 0]
                  00007c50    000001a0     pso_isr.obj (.text)
                  00007df0    00000136     rtsv7M4_T_le_v4SPD16_eabi.lib : fd_div_t2.obj (.text)
                  00007f26    00000002     --HOLE-- [fill = 0]
                  00007f28    00000134                                   : fputs.obj (.text)
                  0000805c    00000104     driverlib.lib : sysctl.obj (.text:SysCtlClockSet)
                  00008160    000000fc     rtsv7M4_T_le_v4SPD16_eabi.lib : fd_mul_t2.obj (.text)
                  0000825c    000000e8     pso_led.obj (.text)
                  00008344    000000dc     rtsv7M4_T_le_v4SPD16_eabi.lib : setvbuf.obj (.text)
                  00008420    000000c8     driverlib.lib : sysctl.obj (.text:SysCtlClockGet)
                  000084e8    000000c0     rtsv7M4_T_le_v4SPD16_eabi.lib : fflush.obj (.text)
                  000085a8    000000ac                                   : _io_perm.obj (.text)
                  00008654    0000009c                                   : fputc.obj (.text)
                  000086f0    0000009c                                   : memcpy_t2.obj (.text)
                  0000878c    00000098                                   : fclose.obj (.text)
                  00008824    00000094                                   : auto_init.obj (.text)
                  000088b8    0000007e                                   : fd_cmp_t2.obj (.text:__aeabi_cdcmple)
                  00008936    0000007e                                   : fd_cmp_t2.obj (.text:__aeabi_cdrcmple)
                  000089b4    00000078                                   : memset_t2.obj (.text)
                  00008a2c    00000070                                   : printf.obj (.text)
                  00008a9c    00000068     pso_uart.obj (.text)
                  00008b04    00000064     rtsv7M4_T_le_v4SPD16_eabi.lib : fseek.obj (.text)
                  00008b68    00000060     driverlib.lib : interrupt.obj (.text:IntDisable)
                  00008bc8    00000060                   : interrupt.obj (.text:IntEnable)
                  00008c28    00000060     rtsv7M4_T_le_v4SPD16_eabi.lib : sprintf.obj (.text)
                  00008c88    00000060                                   : trgmsg.obj (.text)
                  00008ce8    0000005e                                   : copy_decompress_rle.obj (.text)
                  00008d46    00000002     --HOLE-- [fill = 0]
                  00008d48    0000005c     driverlib.lib : timer.obj (.text:TimerConfigure)
                  00008da4    0000005a     rtsv7M4_T_le_v4SPD16_eabi.lib : ltoa.obj (.text)
                  00008dfe    00000002     --HOLE-- [fill = 0]
                  00008e00    00000058     driverlib.lib : timer.obj (.text:TimerControlTrigger)
                  00008e58    0000004c     rtsv7M4_T_le_v4SPD16_eabi.lib : atoi.obj (.text)
                  00008ea4    00000048                                   : boot.obj (.text)
                  00008eec    00000048                                   : fd_toi_t2.obj (.text)
                  00008f34    00000044                                   : cpy_tbl.obj (.text)
                  00008f78    00000044                                   : exit.obj (.text)
                  00008fbc    00000044                                   : fd_tou_t2.obj (.text)
                  00009000    00000044                                   : xdtest.obj (.text)
                  00009044    00000034     driverlib.lib : interrupt.obj (.text:IntRegister)
                  00009078    00000034                   : sysctl.obj (.text:SysCtlPeripheralEnable)
                  000090ac    00000030     rtsv7M4_T_le_v4SPD16_eabi.lib : strncpy.obj (.text)
                  000090dc    0000002e                                   : i_tofd_t2.obj (.text)
                  0000910a    00000020                                   : u_tofd_t2.obj (.text)
                  0000912a    0000001c                                   : memccpy.obj (.text)
                  00009146    00000002     --HOLE-- [fill = 0]
                  00009148    00000018                                   : args_main.obj (.text)
                  00009160    00000018                                   : ll_mul_t2.obj (.text)
                  00009178    00000018                                   : strcmp.obj (.text)
                  00009190    00000016                                   : memchr.obj (.text)
                  000091a6    00000016                                   : strchr.obj (.text)
                  000091bc    00000014     driverlib.lib : interrupt.obj (.text:IntUnregister)
                  000091d0    00000014     rtsv7M4_T_le_v4SPD16_eabi.lib : _lock.obj (.text)
                  000091e4    00000014                                   : strlen.obj (.text)
                  000091f8    00000012     driverlib.lib : timer.obj (.text:TimerLoadSet)
                  0000920a    00000012     rtsv7M4_T_le_v4SPD16_eabi.lib : copy_zero_init.obj (.text:decompress:ZI)
                  0000921c    00000012                                   : xdclass.obj (.text)
                  0000922e    00000010                                   : strcpy.obj (.text)
                  0000923e    0000000e     driverlib.lib : timer.obj (.text:TimerEnable)
                  0000924c    0000000e     rtsv7M4_T_le_v4SPD16_eabi.lib : copy_decompress_none.obj (.text:decompress:none)
                  0000925a    0000000c     driverlib.lib : cpu.obj (.text:CPUcpsie)
                  00009266    0000000c     tm4c123gh6pm_startup_ccs.obj (.text)
                  00009272    0000000a     driverlib.lib : interrupt.obj (.text:IntMasterEnable)
                  0000927c    00000008                   : timer.obj (.text:TimerIntEnable)
                  00009284    00000006                   : sysctl.obj (.text:SysCtlDelay)
                  0000928a    00000006     rtsv7M4_T_le_v4SPD16_eabi.lib : copy_decompress_rle.obj (.text:decompress:rle24)
                  00009290    00000004     driverlib.lib : timer.obj (.text:TimerIntClear)

.const     0    00009294    00000480     
                  00009294    00000102     rtsv7M4_T_le_v4SPD16_eabi.lib : ctype.obj (.const:.string:_ctypes_)
                  00009396    00000002     --HOLE-- [fill = 0]
                  00009398    000000c0     gpio.obj (.const:g_ppui32GPIOIntMapBlizzard)
                  00009458    000000c0     gpio.obj (.const:g_ppui32GPIOIntMapSnowflake)
                  00009518    00000090     gpio.obj (.const:g_pui32GPIOBaseAddrs)
                  000095a8    00000070     driverlib.lib : interrupt.obj (.const)
                  00009618    0000006c                   : sysctl.obj (.const:g_pui32Xtals)
                  00009684    00000040     uart.obj (.const:g_ppui32UARTIntMap)
                  000096c4    00000040     uart.obj (.const:g_ppui32UARTIntMapSnowflake)
                  00009704    00000008     gpio.obj (.const)
                  0000970c    00000008     uart.obj (.const)

.cinit     0    00009718    000000b8     
                  00009718    00000081     (.cinit..data.load) [load image, compression = rle]
                  00009799    00000003     --HOLE-- [fill = 0]
                  0000979c    0000000c     (__TI_handler_table)
                  000097a8    00000008     (.cinit..bss.load) [load image, compression = zero_init]
                  000097b0    00000008     (.cinit..vtable.load) [load image, compression = zero_init]
                  000097b8    00000018     (__TI_cinit_table)

.vtable    0    20000000    0000026c     UNINITIALIZED
                  20000000    0000026c     driverlib.lib : interrupt.obj (.vtable)

.bss       0    20000270    000016b2     UNINITIALIZED
                  20000270    00000404     fifo.obj (.bss:g_fifo_ping)
                  20000674    00000404     fifo.obj (.bss:g_fifo_pong)
                  20000a78    00000400     main.obj (.bss:buffer)
                  20000e78    00000234     main.obj (.bss:fs)
                  200010ac    00000224     main.obj (.bss:ftxt)
                  200012d0    00000210     ulink.obj (.bss:uart_rx_buffer)
                  200014e0    00000210     ulink.obj (.bss:uart_tx_buffer)
                  200016f0    00000120     rtsv7M4_T_le_v4SPD16_eabi.lib : trgmsg.obj (.bss:__CIOBUF_)
                  20001810    000000a0                                   : defs.obj (.bss:__TI_tmpnams)
                  200018b0    00000012     (.common:dp)
                  200018c2    00000002     (.common:Fsid)
                  200018c4    0000000c     (.common:adc0_buffer)
                  200018d0    0000000c     (.common:adc1_buffer)
                  200018dc    0000000c     (.common:filename)
                  200018e8    00000008     (.common:lin_coeff$1)
                  200018f0    00000008     (.common:parmbuf)
                  200018f8    00000006     (.common:command)
                  200018fe    00000002     (.common:dec)
                  20001900    00000004     (.common:FatFs)
                  20001904    00000004     (.common:b_aux)
                  20001908    00000004     (.common:delta)
                  2000190c    00000004     (.common:g_uart0_data)
                  20001910    00000004     (.common:wt1cpp0_tav_buffer)
                  20001914    00000002     (.common:i$1)
                  20001916    00000002     (.common:inc)
                  20001918    00000002     (.common:scan_period_actual)
                  2000191a    00000002     (.common:ulink_system)
                  2000191c    00000001     (.common:CardType)
                  2000191d    00000001     (.common:Timer1)
                  2000191e    00000001     (.common:Timer2)
                  2000191f    00000001     (.common:res)
                  20001920    00000001     (.common:returnval$2)
                  20001921    00000001     (.common:returnval$4)

.stack     0    20001924    00000320     UNINITIALIZED
                  20001924    00000320     --HOLE--

.sysmem    0    20001c48    00000320     UNINITIALIZED
                  20001c48    00000008     rtsv7M4_T_le_v4SPD16_eabi.lib : memory.obj (.sysmem)
                  20001c50    00000318     --HOLE--

.data      0    20001f68    00000200     UNINITIALIZED
                  20001f68    000000f0     rtsv7M4_T_le_v4SPD16_eabi.lib : defs.obj (.data:_ftable)
                  20002058    000000d0                                   : lowlev.obj (.data)
                  20002128    00000010                                   : defs.obj (.data)
                  20002138    0000000c                                   : memory.obj (.data)
                  20002144    00000008     pso_isr.obj (.data)
                  2000214c    00000008     rtsv7M4_T_le_v4SPD16_eabi.lib : _lock.obj (.data)
                  20002154    00000008                                   : exit.obj (.data)
                  2000215c    00000004                                   : fopen.obj (.data)
                  20002160    00000004                                   : stkdepth_vars.obj (.data)
                  20002164    00000002     mmc-dk-tm4c123g.obj (.data)
                  20002166    00000002     pso_pwm.obj (.data)


LINKER GENERATED COPY TABLES

__TI_cinit_table @ 000097b8 records: 3, size/record: 8, table size: 24
	.data: load addr=00009718, load size=00000081 bytes, run addr=20001f68, run size=00000200 bytes, compression=rle
	.bss: load addr=000097a8, load size=00000008 bytes, run addr=20000270, run size=000016b2 bytes, compression=zero_init
	.vtable: load addr=000097b0, load size=00000008 bytes, run addr=20000000, run size=0000026c bytes, compression=zero_init


LINKER GENERATED HANDLER TABLE

__TI_handler_table @ 0000979c records: 3, size/record: 4, table size: 12
	index: 0, handler: __TI_zero_init
	index: 1, handler: __TI_decompress_rle24
	index: 2, handler: __TI_decompress_none


GLOBAL SYMBOLS: SORTED ALPHABETICALLY BY Name 

address    name
--------   ----
00007d19   ADC0SS1IntHandler
00007d6f   ADC1SS1IntHandler
00008f79   C$$EXIT
00008cb3   C$$IO$$
0000925b   CPUcpsie
0000468b   GPIOADCTriggerDisable
0000466d   GPIOADCTriggerEnable
0000464f   GPIODMATriggerDisable
00004631   GPIODMATriggerEnable
00003bdb   GPIODirModeGet
00003b7f   GPIODirModeSet
0000414b   GPIOIntClear
00004113   GPIOIntDisable
000040f9   GPIOIntEnable
0000415f   GPIOIntRegister
0000412d   GPIOIntStatus
00003ccb   GPIOIntTypeGet
00003c27   GPIOIntTypeSet
0000417d   GPIOIntUnregister
00003fa7   GPIOPadConfigGet
00003d69   GPIOPadConfigSet
000045d3   GPIOPinConfigure
00004197   GPIOPinRead
000041cf   GPIOPinTypeADC
000041f3   GPIOPinTypeCAN
0000459f   GPIOPinTypeCIR
00004217   GPIOPinTypeComparator
0000423b   GPIOPinTypeEPI
0000425f   GPIOPinTypeEthernetLED
00004283   GPIOPinTypeEthernetMII
000042a7   GPIOPinTypeGPIOInput
000042cb   GPIOPinTypeGPIOOutput
000042ef   GPIOPinTypeGPIOOutputOD
00004313   GPIOPinTypeI2C
00004337   GPIOPinTypeI2CSCL
00004557   GPIOPinTypeKBColumn
00004533   GPIOPinTypeKBRow
0000435b   GPIOPinTypeLCD
0000457b   GPIOPinTypeLEDSeq
0000437f   GPIOPinTypeLPC
000043a3   GPIOPinTypePECIRx
000043c7   GPIOPinTypePECITx
000043eb   GPIOPinTypePWM
0000440f   GPIOPinTypeQEI
00004433   GPIOPinTypeSSI
00004457   GPIOPinTypeTimer
0000447b   GPIOPinTypeUART
0000449f   GPIOPinTypeUSBAnalog
000044c3   GPIOPinTypeUSBDigital
000044e7   GPIOPinTypeWakeHigh
0000450d   GPIOPinTypeWakeLow
000045c3   GPIOPinWakeStatus
000041af   GPIOPinWrite
00007421   HOSTclock
000073e9   HOSTclose
000073ab   HOSTgetenv
0000734f   HOSTlseek
000072fd   HOSTopen
000072b1   HOSTread
00007253   HOSTrename
00007219   HOSTtime
000071e1   HOSTunlink
00007195   HOSTwrite
00008b69   IntDisable
00008bc9   IntEnable
00009273   IntMasterEnable
00009045   IntRegister
000091bd   IntUnregister
00005261   PSO_ADCConfig
00005175   PSO_GPIOConfig
0000832d   PSO_LEDAllOff
000082a3   PSO_LEDBlueOff
00008295   PSO_LEDBlueOn
000082e7   PSO_LEDCyanOff
000082d9   PSO_LEDCyanOn
00008287   PSO_LEDGreenOff
00008279   PSO_LEDGreenOn
00008303   PSO_LEDPurpleOff
000082f5   PSO_LEDPurpleOn
0000826b   PSO_LEDRedOff
0000825d   PSO_LEDRedOn
000082cb   PSO_LEDWhiteOff
000082bd   PSO_LEDWhiteOn
0000831f   PSO_LEDYellowOff
00008311   PSO_LEDYellowOn
0000515f   PSO_PeripheralEnable
00005209   PSO_Timers
0000508b   PSO_UART0Config
00009267   ResetISR
UNDEFED    SHT$$INIT_ARRAY$$Base
UNDEFED    SHT$$INIT_ARRAY$$Limit
00008421   SysCtlClockGet
0000805d   SysCtlClockSet
00009285   SysCtlDelay
00009079   SysCtlPeripheralEnable
00007c89   Timer0AIntHandler
00007cdb   Timer3AIntHandler
00008d49   TimerConfigure
00008e01   TimerControlTrigger
0000923f   TimerEnable
00009291   TimerIntClear
0000927d   TimerIntEnable
000091f9   TimerLoadSet
00007c51   UART0IntHandler
00005efd   UART9BitAddrSend
00005ed7   UART9BitAddrSet
00005ec1   UART9BitDisable
00005eab   UART9BitEnable
00005d5f   UARTBreakCtl
00005d85   UARTBusy
00005d07   UARTCharGet
00005ceb   UARTCharGetNonBlocking
00005d41   UARTCharPut
00005d1d   UARTCharPutNonBlocking
00005cbb   UARTCharsAvail
00005e9b   UARTClockSourceGet
00005e87   UARTClockSourceSet
00005a87   UARTConfigGetExpClk
00005a11   UARTConfigSetExpClk
00005e4d   UARTDMADisable
00005e35   UARTDMAEnable
00005af7   UARTDisable
00005b77   UARTDisableSIR
00005ad3   UARTEnable
00005b4d   UARTEnableSIR
00005b37   UARTFIFODisable
00005b21   UARTFIFOEnable
000059e9   UARTFIFOLevelGet
000059d1   UARTFIFOLevelSet
00005c7b   UARTFlowControlGet
00005c5f   UARTFlowControlSet
00005e23   UARTIntClear
00005df1   UARTIntDisable
00005dd9   UARTIntEnable
00005d9d   UARTIntRegister
00005e09   UARTIntStatus
00005dbb   UARTIntUnregister
00005c15   UARTModemControlClear
00005c39   UARTModemControlGet
00005bd5   UARTModemControlSet
00005c4b   UARTModemStatusGet
000059bf   UARTParityModeGet
000059a3   UARTParityModeSet
00005e77   UARTRxErrorClear
00005e65   UARTRxErrorGet
00005bbf   UARTSmartCardDisable
00005b8d   UARTSmartCardEnable
00005cd3   UARTSpaceAvail
00005ca9   UARTTxIntModeGet
00005c8d   UARTTxIntModeSet
00007c95   WTimer1AIntHandler
00007ca1   WTimer1BIntHandler
00007cb5   WTimer5AIntHandler
00007cc7   WTimer5BIntHandler
0000921d   _Dclass
00009001   _Dtest
200016f0   __CIOBUF_
20001c44   __STACK_END
00000320   __STACK_SIZE
20001b24   __STACK_TOP
00000320   __SYSMEM_SIZE
000097b8   __TI_CINIT_Base
000097d0   __TI_CINIT_Limit
0000979c   __TI_Handler_Table_Base
000097a8   __TI_Handler_Table_Limit
00000001   __TI_args_main
00008825   __TI_auto_init
000079a1   __TI_cleanup
20002154   __TI_cleanup_ptr
0000878d   __TI_closefile
0000924d   __TI_decompress_none
0000928b   __TI_decompress_rle24
000084e9   __TI_doflush
20002158   __TI_dtors_ptr
20002128   __TI_ft_end
00003813   __TI_printfi
0000860b   __TI_rd_ok
00008cb7   __TI_readmsg
00000000   __TI_static_base__
20001810   __TI_tmpnams
00008c89   __TI_writemsg
000085a9   __TI_wrt_ok
0000920b   __TI_zero_init
000088b9   __aeabi_cdcmpeq
000088b9   __aeabi_cdcmple
00008937   __aeabi_cdrcmple
00008eed   __aeabi_d2iz
00008fbd   __aeabi_d2uiz
00007aa3   __aeabi_dadd
00007df1   __aeabi_ddiv
00008161   __aeabi_dmul
00007a99   __aeabi_dsub
000090dd   __aeabi_i2d
00009161   __aeabi_lmul
000089b5   __aeabi_memclr
000089b5   __aeabi_memclr4
000089b5   __aeabi_memclr8
000086f1   __aeabi_memcpy
000086f1   __aeabi_memcpy4
000086f1   __aeabi_memcpy8
000089b7   __aeabi_memset
000089b7   __aeabi_memset4
000089b7   __aeabi_memset8
20002134   __aeabi_stderr
2000212c   __aeabi_stdin
20002130   __aeabi_stdout
0000910b   __aeabi_ui2d
000076e3   __aeabi_uldivmod
ffffffff   __binit__
ffffffff   __c_args__
20001924   __stack
00009149   _args_main
00008ea5   _c_int00
00009294   _ctypes_
20001f68   _ftable
2000214c   _lock
000091df   _nop
000091d7   _register_lock
000091d1   _register_unlock
20001c48   _sys_memory
20002150   _unlock
00008f7d   abort
00006117   accumulate_checksum
200018c4   adc0_buffer
200018d0   adc1_buffer
00006e03   add_device
00008e59   atoi
20001904   b_aux
ffffffff   binit
20000a78   buffer
00006b69   calloc
00006db1   close
0000050d   clust2sect
200018f8   command
000061cd   copy_data
00008f35   copy_in
000060d1   create_checksum
00006053   create_message
00006f17   decrement
20001908   delta
00004ad5   disk_initialize
00004e2d   disk_ioctl
00004c8d   disk_read
00004c73   disk_status
0000502f   disk_timerproc
00004d41   disk_write
200018b0   dp
00008f85   exit
00002a25   f_chmod
000020ed   f_close
000024e7   f_getfree
0000210d   f_lseek
0000283f   f_mkdir
0000188b   f_mount
000018e1   f_open
0000235b   f_opendir
00001af5   f_read
0000240b   f_readdir
00002b39   f_rename
00002497   f_stat
00001fed   f_sync
00002649   f_truncate
0000273d   f_unlink
00002ab5   f_utime
00001d49   f_write
000087f3   fclose
00008535   fflush
00007651   fifo_count_elements
000074f5   fifo_del
0000754f   fifo_get
00007469   fifo_init
00007583   fifo_is_empty
000075ab   fifo_is_full
000076c7   fifo_ping_pong
000075d9   fifo_print
00007483   fifo_put
00007685   fifo_transfer
200018dc   filename
000079f7   fopen
00008655   fputc
00007f29   fputs
000068c3   free
000079cd   freopen
20000e78   fs
00008b05   fseek
200010ac   ftxt
00006f3d   fun_linear
0000700d   fun_trapezoid
20000270   g_fifo_ping
20000674   g_fifo_pong
20000000   g_pfnRAMVectors
00000000   g_pfnVectors
20002144   g_timer_a0_scan_flag
20002145   g_timer_a3_scan_flag
2000190c   g_uart0_data
0000053d   get_fat
00005073   get_fattime
00008ae3   i2cBatchRead
00006ef7   increment
000082b1   led_blue_toggle
00006d8d   lseek
00008da5   ltoa
00006395   main
20002160   main_func_sp
000046b1   make_pa5_gpio
000046db   make_pa5_ssi0tx
00006861   malloc
00006a89   memalign
0000912b   memccpy
00009191   memchr
000086f1   memcpy
000089bd   memset
000067d5   minit
00005089   myISR_Config
000051cd   myPWM_Init
000050f5   myUART2Config_Init
00006cdf   open
000062fd   packet_data
0000616b   parse_message
00008a35   printf
000054fd   pso_pwm_config
000053c1   pso_rpm_config
000055e9   pso_spi0_config
000057a5   pso_spi2_config
00000661   put_fat
000086d9   putc
000086dd   putchar
00008035   puts
20002166   pwm_throttle
00006cbb   read
00006983   realloc
00006c31   remove
00006c93   remove_device
00006c55   rename
2000191f   res
20001918   scan_period_actual
0000473b   sd_error
0000479f   sd_finish_record
00004709   sd_ok
0000476d   sd_stand_by
00006eb1   set_pwm_position
00008345   setvbuf
00008c29   sprintf
000091a7   strchr
00009179   strcmp
0000922f   strcpy
000091e5   strlen
000090ad   strncpy
00008a9d   uartBatchWrite
00005fcb   uart_read
200012d0   uart_rx_buffer
200014e0   uart_tx_buffer
00005f57   uart_write
2000191a   ulink_system
00006c31   unlink
00006ba1   write
20001910   wt1cpp0_tav_buffer


GLOBAL SYMBOLS: SORTED BY Symbol Address 

address    name
--------   ----
00000000   __TI_static_base__
00000000   g_pfnVectors
00000001   __TI_args_main
00000320   __STACK_SIZE
00000320   __SYSMEM_SIZE
0000050d   clust2sect
0000053d   get_fat
00000661   put_fat
0000188b   f_mount
000018e1   f_open
00001af5   f_read
00001d49   f_write
00001fed   f_sync
000020ed   f_close
0000210d   f_lseek
0000235b   f_opendir
0000240b   f_readdir
00002497   f_stat
000024e7   f_getfree
00002649   f_truncate
0000273d   f_unlink
0000283f   f_mkdir
00002a25   f_chmod
00002ab5   f_utime
00002b39   f_rename
00003813   __TI_printfi
00003b7f   GPIODirModeSet
00003bdb   GPIODirModeGet
00003c27   GPIOIntTypeSet
00003ccb   GPIOIntTypeGet
00003d69   GPIOPadConfigSet
00003fa7   GPIOPadConfigGet
000040f9   GPIOIntEnable
00004113   GPIOIntDisable
0000412d   GPIOIntStatus
0000414b   GPIOIntClear
0000415f   GPIOIntRegister
0000417d   GPIOIntUnregister
00004197   GPIOPinRead
000041af   GPIOPinWrite
000041cf   GPIOPinTypeADC
000041f3   GPIOPinTypeCAN
00004217   GPIOPinTypeComparator
0000423b   GPIOPinTypeEPI
0000425f   GPIOPinTypeEthernetLED
00004283   GPIOPinTypeEthernetMII
000042a7   GPIOPinTypeGPIOInput
000042cb   GPIOPinTypeGPIOOutput
000042ef   GPIOPinTypeGPIOOutputOD
00004313   GPIOPinTypeI2C
00004337   GPIOPinTypeI2CSCL
0000435b   GPIOPinTypeLCD
0000437f   GPIOPinTypeLPC
000043a3   GPIOPinTypePECIRx
000043c7   GPIOPinTypePECITx
000043eb   GPIOPinTypePWM
0000440f   GPIOPinTypeQEI
00004433   GPIOPinTypeSSI
00004457   GPIOPinTypeTimer
0000447b   GPIOPinTypeUART
0000449f   GPIOPinTypeUSBAnalog
000044c3   GPIOPinTypeUSBDigital
000044e7   GPIOPinTypeWakeHigh
0000450d   GPIOPinTypeWakeLow
00004533   GPIOPinTypeKBRow
00004557   GPIOPinTypeKBColumn
0000457b   GPIOPinTypeLEDSeq
0000459f   GPIOPinTypeCIR
000045c3   GPIOPinWakeStatus
000045d3   GPIOPinConfigure
00004631   GPIODMATriggerEnable
0000464f   GPIODMATriggerDisable
0000466d   GPIOADCTriggerEnable
0000468b   GPIOADCTriggerDisable
000046b1   make_pa5_gpio
000046db   make_pa5_ssi0tx
00004709   sd_ok
0000473b   sd_error
0000476d   sd_stand_by
0000479f   sd_finish_record
00004ad5   disk_initialize
00004c73   disk_status
00004c8d   disk_read
00004d41   disk_write
00004e2d   disk_ioctl
0000502f   disk_timerproc
00005073   get_fattime
00005089   myISR_Config
0000508b   PSO_UART0Config
000050f5   myUART2Config_Init
0000515f   PSO_PeripheralEnable
00005175   PSO_GPIOConfig
000051cd   myPWM_Init
00005209   PSO_Timers
00005261   PSO_ADCConfig
000053c1   pso_rpm_config
000054fd   pso_pwm_config
000055e9   pso_spi0_config
000057a5   pso_spi2_config
000059a3   UARTParityModeSet
000059bf   UARTParityModeGet
000059d1   UARTFIFOLevelSet
000059e9   UARTFIFOLevelGet
00005a11   UARTConfigSetExpClk
00005a87   UARTConfigGetExpClk
00005ad3   UARTEnable
00005af7   UARTDisable
00005b21   UARTFIFOEnable
00005b37   UARTFIFODisable
00005b4d   UARTEnableSIR
00005b77   UARTDisableSIR
00005b8d   UARTSmartCardEnable
00005bbf   UARTSmartCardDisable
00005bd5   UARTModemControlSet
00005c15   UARTModemControlClear
00005c39   UARTModemControlGet
00005c4b   UARTModemStatusGet
00005c5f   UARTFlowControlSet
00005c7b   UARTFlowControlGet
00005c8d   UARTTxIntModeSet
00005ca9   UARTTxIntModeGet
00005cbb   UARTCharsAvail
00005cd3   UARTSpaceAvail
00005ceb   UARTCharGetNonBlocking
00005d07   UARTCharGet
00005d1d   UARTCharPutNonBlocking
00005d41   UARTCharPut
00005d5f   UARTBreakCtl
00005d85   UARTBusy
00005d9d   UARTIntRegister
00005dbb   UARTIntUnregister
00005dd9   UARTIntEnable
00005df1   UARTIntDisable
00005e09   UARTIntStatus
00005e23   UARTIntClear
00005e35   UARTDMAEnable
00005e4d   UARTDMADisable
00005e65   UARTRxErrorGet
00005e77   UARTRxErrorClear
00005e87   UARTClockSourceSet
00005e9b   UARTClockSourceGet
00005eab   UART9BitEnable
00005ec1   UART9BitDisable
00005ed7   UART9BitAddrSet
00005efd   UART9BitAddrSend
00005f57   uart_write
00005fcb   uart_read
00006053   create_message
000060d1   create_checksum
00006117   accumulate_checksum
0000616b   parse_message
000061cd   copy_data
000062fd   packet_data
00006395   main
000067d5   minit
00006861   malloc
000068c3   free
00006983   realloc
00006a89   memalign
00006b69   calloc
00006ba1   write
00006c31   remove
00006c31   unlink
00006c55   rename
00006c93   remove_device
00006cbb   read
00006cdf   open
00006d8d   lseek
00006db1   close
00006e03   add_device
00006eb1   set_pwm_position
00006ef7   increment
00006f17   decrement
00006f3d   fun_linear
0000700d   fun_trapezoid
00007195   HOSTwrite
000071e1   HOSTunlink
00007219   HOSTtime
00007253   HOSTrename
000072b1   HOSTread
000072fd   HOSTopen
0000734f   HOSTlseek
000073ab   HOSTgetenv
000073e9   HOSTclose
00007421   HOSTclock
00007469   fifo_init
00007483   fifo_put
000074f5   fifo_del
0000754f   fifo_get
00007583   fifo_is_empty
000075ab   fifo_is_full
000075d9   fifo_print
00007651   fifo_count_elements
00007685   fifo_transfer
000076c7   fifo_ping_pong
000076e3   __aeabi_uldivmod
000079a1   __TI_cleanup
000079cd   freopen
000079f7   fopen
00007a99   __aeabi_dsub
00007aa3   __aeabi_dadd
00007c51   UART0IntHandler
00007c89   Timer0AIntHandler
00007c95   WTimer1AIntHandler
00007ca1   WTimer1BIntHandler
00007cb5   WTimer5AIntHandler
00007cc7   WTimer5BIntHandler
00007cdb   Timer3AIntHandler
00007d19   ADC0SS1IntHandler
00007d6f   ADC1SS1IntHandler
00007df1   __aeabi_ddiv
00007f29   fputs
00008035   puts
0000805d   SysCtlClockSet
00008161   __aeabi_dmul
0000825d   PSO_LEDRedOn
0000826b   PSO_LEDRedOff
00008279   PSO_LEDGreenOn
00008287   PSO_LEDGreenOff
00008295   PSO_LEDBlueOn
000082a3   PSO_LEDBlueOff
000082b1   led_blue_toggle
000082bd   PSO_LEDWhiteOn
000082cb   PSO_LEDWhiteOff
000082d9   PSO_LEDCyanOn
000082e7   PSO_LEDCyanOff
000082f5   PSO_LEDPurpleOn
00008303   PSO_LEDPurpleOff
00008311   PSO_LEDYellowOn
0000831f   PSO_LEDYellowOff
0000832d   PSO_LEDAllOff
00008345   setvbuf
00008421   SysCtlClockGet
000084e9   __TI_doflush
00008535   fflush
000085a9   __TI_wrt_ok
0000860b   __TI_rd_ok
00008655   fputc
000086d9   putc
000086dd   putchar
000086f1   __aeabi_memcpy
000086f1   __aeabi_memcpy4
000086f1   __aeabi_memcpy8
000086f1   memcpy
0000878d   __TI_closefile
000087f3   fclose
00008825   __TI_auto_init
000088b9   __aeabi_cdcmpeq
000088b9   __aeabi_cdcmple
00008937   __aeabi_cdrcmple
000089b5   __aeabi_memclr
000089b5   __aeabi_memclr4
000089b5   __aeabi_memclr8
000089b7   __aeabi_memset
000089b7   __aeabi_memset4
000089b7   __aeabi_memset8
000089bd   memset
00008a35   printf
00008a9d   uartBatchWrite
00008ae3   i2cBatchRead
00008b05   fseek
00008b69   IntDisable
00008bc9   IntEnable
00008c29   sprintf
00008c89   __TI_writemsg
00008cb3   C$$IO$$
00008cb7   __TI_readmsg
00008d49   TimerConfigure
00008da5   ltoa
00008e01   TimerControlTrigger
00008e59   atoi
00008ea5   _c_int00
00008eed   __aeabi_d2iz
00008f35   copy_in
00008f79   C$$EXIT
00008f7d   abort
00008f85   exit
00008fbd   __aeabi_d2uiz
00009001   _Dtest
00009045   IntRegister
00009079   SysCtlPeripheralEnable
000090ad   strncpy
000090dd   __aeabi_i2d
0000910b   __aeabi_ui2d
0000912b   memccpy
00009149   _args_main
00009161   __aeabi_lmul
00009179   strcmp
00009191   memchr
000091a7   strchr
000091bd   IntUnregister
000091d1   _register_unlock
000091d7   _register_lock
000091df   _nop
000091e5   strlen
000091f9   TimerLoadSet
0000920b   __TI_zero_init
0000921d   _Dclass
0000922f   strcpy
0000923f   TimerEnable
0000924d   __TI_decompress_none
0000925b   CPUcpsie
00009267   ResetISR
00009273   IntMasterEnable
0000927d   TimerIntEnable
00009285   SysCtlDelay
0000928b   __TI_decompress_rle24
00009291   TimerIntClear
00009294   _ctypes_
0000979c   __TI_Handler_Table_Base
000097a8   __TI_Handler_Table_Limit
000097b8   __TI_CINIT_Base
000097d0   __TI_CINIT_Limit
20000000   g_pfnRAMVectors
20000270   g_fifo_ping
20000674   g_fifo_pong
20000a78   buffer
20000e78   fs
200010ac   ftxt
200012d0   uart_rx_buffer
200014e0   uart_tx_buffer
200016f0   __CIOBUF_
20001810   __TI_tmpnams
200018b0   dp
200018c4   adc0_buffer
200018d0   adc1_buffer
200018dc   filename
200018f8   command
20001904   b_aux
20001908   delta
2000190c   g_uart0_data
20001910   wt1cpp0_tav_buffer
20001918   scan_period_actual
2000191a   ulink_system
2000191f   res
20001924   __stack
20001b24   __STACK_TOP
20001c44   __STACK_END
20001c48   _sys_memory
20001f68   _ftable
20002128   __TI_ft_end
2000212c   __aeabi_stdin
20002130   __aeabi_stdout
20002134   __aeabi_stderr
20002144   g_timer_a0_scan_flag
20002145   g_timer_a3_scan_flag
2000214c   _lock
20002150   _unlock
20002154   __TI_cleanup_ptr
20002158   __TI_dtors_ptr
20002160   main_func_sp
20002166   pwm_throttle
ffffffff   __binit__
ffffffff   __c_args__
ffffffff   binit
UNDEFED    SHT$$INIT_ARRAY$$Base
UNDEFED    SHT$$INIT_ARRAY$$Limit

[357 symbols]
