******************************************************************************
                  TI ARM Linker PC v5.1.1                      
******************************************************************************
>> Linked Sun Nov 22 19:17:22 2015

OUTPUT FILE NAME:   <PSO.out>
ENTRY POINT SYMBOL: "_c_int00"  address: 00004f15


MEMORY CONFIGURATION

         name            origin    length      used     unused   attr    fill
----------------------  --------  ---------  --------  --------  ----  --------
  FLASH                 00000000   00040000  000057d8  0003a828  R  X
  SRAM                  20000000   00008000  00000cea  00007316  RW X


SEGMENT ALLOCATION MAP

run origin  load origin   length   init length attrs members
----------  ----------- ---------- ----------- ----- -------
00000000    00000000    000057d8   000057d8    r-x
  00000000    00000000    0000026c   0000026c    r-- .intvecs
  0000026c    0000026c    00005034   00005034    r-x .text
  000052a0    000052a0    00000480   00000480    r-- .const
  00005720    00005720    000000b8   000000b8    r-- .cinit
20000000    20000000    00000cf0   00000000    rw-
  20000000    20000000    0000026c   00000000    rw- .vtable
  2000026c    2000026c    00000628   00000000    rw- .bss
  20000894    20000894    000001fe   00000000    rw- .data
  20000a94    20000a94    00000190   00000000    rw- .stack
  20000c28    20000c28    000000c8   00000000    rw- .sysmem


SECTION ALLOCATION MAP

 output                                  attributes/
section   page    origin      length       input sections
--------  ----  ----------  ----------   ----------------
.intvecs   0    00000000    0000026c     
                  00000000    0000026c     tm4c123gh6pm_startup_ccs.obj (.intvecs)

.init_array 
*          0    00000000    00000000     UNINITIALIZED

.text      0    0000026c    00005034     
                  0000026c    00000e8c     rtsv7M4_T_le_v4SPD16_eabi.lib : _printfi.obj (.text)
                  000010f8    00000b94     gpio.obj (.text)
                  00001c8c    0000061c     pso_init.obj (.text)
                  000022a8    00000604     uart.obj (.text)
                  000028ac    00000448     ulink.obj (.text)
                  00002cf4    000003cc     rtsv7M4_T_le_v4SPD16_eabi.lib : memory.obj (.text)
                  000030c0    00000310                                   : lowlev.obj (.text)
                  000033d0    000002d4                                   : trgdrv.obj (.text)
                  000036a4    000001f4                                   : ull_div_t2.obj (.text)
                  00003898    000001c0                                   : fopen.obj (.text)
                  00003a58    000001b6                                   : fd_add_t2.obj (.text)
                  00003c0e    00000002     driverlib.lib : interrupt.obj (.text:_IntDefaultHandler)
                  00003c10    00000190     pso_isr.obj (.text)
                  00003da0    00000136     rtsv7M4_T_le_v4SPD16_eabi.lib : fd_div_t2.obj (.text)
                  00003ed6    00000002     --HOLE-- [fill = 0]
                  00003ed8    00000134                                   : fputs.obj (.text)
                  0000400c    0000010c     main.obj (.text)
                  00004118    00000104     driverlib.lib : sysctl.obj (.text:SysCtlClockSet)
                  0000421c    000000fc     rtsv7M4_T_le_v4SPD16_eabi.lib : fd_mul_t2.obj (.text)
                  00004318    000000dc                                   : setvbuf.obj (.text)
                  000043f4    000000c8     driverlib.lib : sysctl.obj (.text:SysCtlClockGet)
                  000044bc    000000c0     rtsv7M4_T_le_v4SPD16_eabi.lib : fflush.obj (.text)
                  0000457c    000000ac                                   : _io_perm.obj (.text)
                  00004628    000000aa     pso_data.obj (.text)
                  000046d2    00000002     --HOLE-- [fill = 0]
                  000046d4    0000009c     rtsv7M4_T_le_v4SPD16_eabi.lib : fputc.obj (.text)
                  00004770    0000009c                                   : memcpy_t2.obj (.text)
                  0000480c    00000098                                   : fclose.obj (.text)
                  000048a4    00000094                                   : auto_init.obj (.text)
                  00004938    0000007e                                   : fd_cmp_t2.obj (.text:__aeabi_cdcmple)
                  000049b6    0000007e                                   : fd_cmp_t2.obj (.text:__aeabi_cdrcmple)
                  00004a34    00000078                                   : memset_t2.obj (.text)
                  00004aac    00000070                                   : printf.obj (.text)
                  00004b1c    00000064                                   : fseek.obj (.text)
                  00004b80    00000060     driverlib.lib : interrupt.obj (.text:IntDisable)
                  00004be0    00000060                   : interrupt.obj (.text:IntEnable)
                  00004c40    00000060     pso_uart.obj (.text)
                  00004ca0    00000060     rtsv7M4_T_le_v4SPD16_eabi.lib : trgmsg.obj (.text)
                  00004d00    0000005e                                   : copy_decompress_rle.obj (.text)
                  00004d5e    00000002     --HOLE-- [fill = 0]
                  00004d60    0000005c     driverlib.lib : timer.obj (.text:TimerConfigure)
                  00004dbc    0000005a     rtsv7M4_T_le_v4SPD16_eabi.lib : ltoa.obj (.text)
                  00004e16    00000002     --HOLE-- [fill = 0]
                  00004e18    00000058     driverlib.lib : timer.obj (.text:TimerControlTrigger)
                  00004e70    00000058     pso_pwm.obj (.text)
                  00004ec8    0000004c     rtsv7M4_T_le_v4SPD16_eabi.lib : atoi.obj (.text)
                  00004f14    00000048                                   : boot.obj (.text)
                  00004f5c    00000048                                   : fd_toi_t2.obj (.text)
                  00004fa4    00000044                                   : cpy_tbl.obj (.text)
                  00004fe8    00000044                                   : exit.obj (.text)
                  0000502c    00000044                                   : xdtest.obj (.text)
                  00005070    00000034     driverlib.lib : interrupt.obj (.text:IntRegister)
                  000050a4    00000034                   : sysctl.obj (.text:SysCtlPeripheralEnable)
                  000050d8    00000030     rtsv7M4_T_le_v4SPD16_eabi.lib : strncpy.obj (.text)
                  00005108    0000002e                                   : i_tofd_t2.obj (.text)
                  00005136    0000001c                                   : memccpy.obj (.text)
                  00005152    00000002     --HOLE-- [fill = 0]
                  00005154    00000018                                   : args_main.obj (.text)
                  0000516c    00000018                                   : ll_mul_t2.obj (.text)
                  00005184    00000018                                   : strcmp.obj (.text)
                  0000519c    00000016                                   : memchr.obj (.text)
                  000051b2    00000016                                   : strchr.obj (.text)
                  000051c8    00000014     driverlib.lib : interrupt.obj (.text:IntUnregister)
                  000051dc    00000014     rtsv7M4_T_le_v4SPD16_eabi.lib : _lock.obj (.text)
                  000051f0    00000014                                   : strlen.obj (.text)
                  00005204    00000012     driverlib.lib : timer.obj (.text:TimerLoadSet)
                  00005216    00000012     rtsv7M4_T_le_v4SPD16_eabi.lib : copy_zero_init.obj (.text:decompress:ZI)
                  00005228    00000012                                   : xdclass.obj (.text)
                  0000523a    00000010                                   : strcpy.obj (.text)
                  0000524a    0000000e     driverlib.lib : timer.obj (.text:TimerEnable)
                  00005258    0000000e     rtsv7M4_T_le_v4SPD16_eabi.lib : copy_decompress_none.obj (.text:decompress:none)
                  00005266    0000000c     driverlib.lib : cpu.obj (.text:CPUcpsie)
                  00005272    0000000c     tm4c123gh6pm_startup_ccs.obj (.text)
                  0000527e    0000000a     driverlib.lib : interrupt.obj (.text:IntMasterEnable)
                  00005288    00000008                   : timer.obj (.text:TimerIntEnable)
                  00005290    00000006                   : sysctl.obj (.text:SysCtlDelay)
                  00005296    00000006     rtsv7M4_T_le_v4SPD16_eabi.lib : copy_decompress_rle.obj (.text:decompress:rle24)
                  0000529c    00000004     driverlib.lib : timer.obj (.text:TimerIntClear)

.const     0    000052a0    00000480     
                  000052a0    00000102     rtsv7M4_T_le_v4SPD16_eabi.lib : ctype.obj (.const:.string:_ctypes_)
                  000053a2    00000002     --HOLE-- [fill = 0]
                  000053a4    000000c0     gpio.obj (.const:g_ppui32GPIOIntMapBlizzard)
                  00005464    000000c0     gpio.obj (.const:g_ppui32GPIOIntMapSnowflake)
                  00005524    00000090     gpio.obj (.const:g_pui32GPIOBaseAddrs)
                  000055b4    00000070     driverlib.lib : interrupt.obj (.const)
                  00005624    0000006c                   : sysctl.obj (.const:g_pui32Xtals)
                  00005690    00000040     uart.obj (.const:g_ppui32UARTIntMap)
                  000056d0    00000040     uart.obj (.const:g_ppui32UARTIntMapSnowflake)
                  00005710    00000008     gpio.obj (.const)
                  00005718    00000008     uart.obj (.const)

.cinit     0    00005720    000000b8     
                  00005720    0000007d     (.cinit..data.load) [load image, compression = rle]
                  0000579d    00000003     --HOLE-- [fill = 0]
                  000057a0    0000000c     (__TI_handler_table)
                  000057ac    00000004     --HOLE-- [fill = 0]
                  000057b0    00000008     (.cinit..bss.load) [load image, compression = zero_init]
                  000057b8    00000008     (.cinit..vtable.load) [load image, compression = zero_init]
                  000057c0    00000018     (__TI_cinit_table)

.vtable    0    20000000    0000026c     UNINITIALIZED
                  20000000    0000026c     driverlib.lib : interrupt.obj (.vtable)

.bss       0    2000026c    00000628     UNINITIALIZED
                  2000026c    00000210     ulink.obj (.bss:uart_rx_buffer)
                  2000047c    00000210     ulink.obj (.bss:uart_tx_buffer)
                  2000068c    00000120     rtsv7M4_T_le_v4SPD16_eabi.lib : trgmsg.obj (.bss:__CIOBUF_)
                  200007ac    000000a0                                   : defs.obj (.bss:__TI_tmpnams)
                  2000084c    0000000e     (.common:dp)
                  2000085a    00000002     (.common:ulink_system)
                  2000085c    0000000c     (.common:adc0_buffer)
                  20000868    0000000c     (.common:adc1_buffer)
                  20000874    00000008     (.common:parmbuf)
                  2000087c    00000006     (.common:command)
                  20000882    00000001     (.common:returnval$2)
                  20000883    00000001     --HOLE--
                  20000884    00000004     (.common:delta)
                  20000888    00000004     (.common:g_tx_buffer_uart)
                  2000088c    00000004     (.common:g_uart0_data)
                  20000890    00000004     (.common:wt1cpp0_tav_buffer)

.data      0    20000894    000001fe     UNINITIALIZED
                  20000894    000000f0     rtsv7M4_T_le_v4SPD16_eabi.lib : defs.obj (.data:_ftable)
                  20000984    000000d0                                   : lowlev.obj (.data)
                  20000a54    00000010                                   : defs.obj (.data)
                  20000a64    0000000c                                   : memory.obj (.data)
                  20000a70    00000008     pso_isr.obj (.data)
                  20000a78    00000008     rtsv7M4_T_le_v4SPD16_eabi.lib : _lock.obj (.data)
                  20000a80    00000008                                   : exit.obj (.data)
                  20000a88    00000004                                   : fopen.obj (.data)
                  20000a8c    00000004                                   : stkdepth_vars.obj (.data)
                  20000a90    00000002     ulink.obj (.data)

.stack     0    20000a94    00000190     UNINITIALIZED
                  20000a94    00000190     --HOLE--

.sysmem    0    20000c28    000000c8     UNINITIALIZED
                  20000c28    00000008     rtsv7M4_T_le_v4SPD16_eabi.lib : memory.obj (.sysmem)
                  20000c30    000000c0     --HOLE--


LINKER GENERATED COPY TABLES

__TI_cinit_table @ 000057c0 records: 3, size/record: 8, table size: 24
	.data: load addr=00005720, load size=0000007d bytes, run addr=20000894, run size=000001fe bytes, compression=rle
	.bss: load addr=000057b0, load size=00000008 bytes, run addr=2000026c, run size=00000628 bytes, compression=zero_init
	.vtable: load addr=000057b8, load size=00000008 bytes, run addr=20000000, run size=0000026c bytes, compression=zero_init


LINKER GENERATED HANDLER TABLE

__TI_handler_table @ 000057a0 records: 3, size/record: 4, table size: 12
	index: 0, handler: __TI_zero_init
	index: 1, handler: __TI_decompress_rle24
	index: 2, handler: __TI_decompress_none


GLOBAL SYMBOLS: SORTED ALPHABETICALLY BY Name 

address    name
--------   ----
00003cd5   ADC0SS1IntHandler
00003d13   ADC1SS1IntHandler
00004fe9   C$$EXIT
00004ccb   C$$IO$$
00005267   CPUcpsie
00001c67   GPIOADCTriggerDisable
00001c49   GPIOADCTriggerEnable
00001c2b   GPIODMATriggerDisable
00001c0d   GPIODMATriggerEnable
000011b7   GPIODirModeGet
0000115b   GPIODirModeSet
00001727   GPIOIntClear
000016ef   GPIOIntDisable
000016d5   GPIOIntEnable
0000173b   GPIOIntRegister
00001709   GPIOIntStatus
000012a7   GPIOIntTypeGet
00001203   GPIOIntTypeSet
00001759   GPIOIntUnregister
00001583   GPIOPadConfigGet
00001345   GPIOPadConfigSet
00001baf   GPIOPinConfigure
00001773   GPIOPinRead
000017ab   GPIOPinTypeADC
000017cf   GPIOPinTypeCAN
00001b7b   GPIOPinTypeCIR
000017f3   GPIOPinTypeComparator
00001817   GPIOPinTypeEPI
0000183b   GPIOPinTypeEthernetLED
0000185f   GPIOPinTypeEthernetMII
00001883   GPIOPinTypeGPIOInput
000018a7   GPIOPinTypeGPIOOutput
000018cb   GPIOPinTypeGPIOOutputOD
000018ef   GPIOPinTypeI2C
00001913   GPIOPinTypeI2CSCL
00001b33   GPIOPinTypeKBColumn
00001b0f   GPIOPinTypeKBRow
00001937   GPIOPinTypeLCD
00001b57   GPIOPinTypeLEDSeq
0000195b   GPIOPinTypeLPC
0000197f   GPIOPinTypePECIRx
000019a3   GPIOPinTypePECITx
000019c7   GPIOPinTypePWM
000019eb   GPIOPinTypeQEI
00001a0f   GPIOPinTypeSSI
00001a33   GPIOPinTypeTimer
00001a57   GPIOPinTypeUART
00001a7b   GPIOPinTypeUSBAnalog
00001a9f   GPIOPinTypeUSBDigital
00001ac3   GPIOPinTypeWakeHigh
00001ae9   GPIOPinTypeWakeLow
00001b9f   GPIOPinWakeStatus
0000178b   GPIOPinWrite
0000365d   HOSTclock
00003625   HOSTclose
000035e7   HOSTgetenv
0000358b   HOSTlseek
00003539   HOSTopen
000034ed   HOSTread
0000348f   HOSTrename
00003455   HOSTtime
0000341d   HOSTunlink
000033d1   HOSTwrite
00004b81   IntDisable
00004be1   IntEnable
0000527f   IntMasterEnable
00005071   IntRegister
000051c9   IntUnregister
00001e63   PSO_ADCConfig
00001d79   PSO_GPIOConfig
00001d63   PSO_PeripheralEnable
00001e0d   PSO_Timers
00001c8f   PSO_UART0Config
00005273   ResetISR
UNDEFED    SHT$$INIT_ARRAY$$Base
UNDEFED    SHT$$INIT_ARRAY$$Limit
000043f5   SysCtlClockGet
00004119   SysCtlClockSet
00005291   SysCtlDelay
000050a5   SysCtlPeripheralEnable
00003c49   Timer0AIntHandler
00003c9b   Timer3AIntHandler
00004d61   TimerConfigure
00004e19   TimerControlTrigger
0000524b   TimerEnable
0000529d   TimerIntClear
00005289   TimerIntEnable
00005205   TimerLoadSet
00003c11   UART0IntHandler
00002865   UART9BitAddrSend
0000283f   UART9BitAddrSet
00002829   UART9BitDisable
00002813   UART9BitEnable
000026c7   UARTBreakCtl
000026ed   UARTBusy
0000266f   UARTCharGet
00002653   UARTCharGetNonBlocking
000026a9   UARTCharPut
00002685   UARTCharPutNonBlocking
00002623   UARTCharsAvail
00002803   UARTClockSourceGet
000027ef   UARTClockSourceSet
000023ef   UARTConfigGetExpClk
00002379   UARTConfigSetExpClk
000027b5   UARTDMADisable
0000279d   UARTDMAEnable
0000245f   UARTDisable
000024df   UARTDisableSIR
0000243b   UARTEnable
000024b5   UARTEnableSIR
0000249f   UARTFIFODisable
00002489   UARTFIFOEnable
00002351   UARTFIFOLevelGet
00002339   UARTFIFOLevelSet
000025e3   UARTFlowControlGet
000025c7   UARTFlowControlSet
0000278b   UARTIntClear
00002759   UARTIntDisable
00002741   UARTIntEnable
00002705   UARTIntRegister
00002771   UARTIntStatus
00002723   UARTIntUnregister
0000257d   UARTModemControlClear
000025a1   UARTModemControlGet
0000253d   UARTModemControlSet
000025b3   UARTModemStatusGet
00002327   UARTParityModeGet
0000230b   UARTParityModeSet
000027df   UARTRxErrorClear
000027cd   UARTRxErrorGet
00002527   UARTSmartCardDisable
000024f5   UARTSmartCardEnable
0000263b   UARTSpaceAvail
00002611   UARTTxIntModeGet
000025f5   UARTTxIntModeSet
00003c55   WTimer1AIntHandler
00003c61   WTimer1BIntHandler
00003c75   WTimer5AIntHandler
00003c87   WTimer5BIntHandler
00005229   _Dclass
0000502d   _Dtest
2000068c   __CIOBUF_
20000c24   __STACK_END
00000190   __STACK_SIZE
20000c94   __STACK_TOP
000000c8   __SYSMEM_SIZE
000057c0   __TI_CINIT_Base
000057d8   __TI_CINIT_Limit
000057a0   __TI_Handler_Table_Base
000057ac   __TI_Handler_Table_Limit
00000001   __TI_args_main
000048a5   __TI_auto_init
00003961   __TI_cleanup
20000a80   __TI_cleanup_ptr
0000480d   __TI_closefile
00005259   __TI_decompress_none
00005297   __TI_decompress_rle24
000044bd   __TI_doflush
20000a84   __TI_dtors_ptr
20000a54   __TI_ft_end
00000def   __TI_printfi
000045df   __TI_rd_ok
00004ccf   __TI_readmsg
00000000   __TI_static_base__
200007ac   __TI_tmpnams
00004ca1   __TI_writemsg
0000457d   __TI_wrt_ok
00005217   __TI_zero_init
00004939   __aeabi_cdcmpeq
00004939   __aeabi_cdcmple
000049b7   __aeabi_cdrcmple
00004f5d   __aeabi_d2iz
00003a63   __aeabi_dadd
00003da1   __aeabi_ddiv
0000421d   __aeabi_dmul
00003a59   __aeabi_dsub
00005109   __aeabi_i2d
0000516d   __aeabi_lmul
00004a35   __aeabi_memclr
00004a35   __aeabi_memclr4
00004a35   __aeabi_memclr8
00004771   __aeabi_memcpy
00004771   __aeabi_memcpy4
00004771   __aeabi_memcpy8
00004a37   __aeabi_memset
00004a37   __aeabi_memset4
00004a37   __aeabi_memset8
20000a60   __aeabi_stderr
20000a58   __aeabi_stdin
20000a5c   __aeabi_stdout
000036a5   __aeabi_uldivmod
ffffffff   __binit__
ffffffff   __c_args__
20000a94   __stack
00005155   _args_main
00004f15   _c_int00
000052a0   _ctypes_
20000894   _ftable
20000a78   _lock
000051eb   _nop
000051e3   _register_lock
000051dd   _register_unlock
20000c28   _sys_memory
20000a7c   _unlock
00004fed   abort
00002a7f   accumulate_checksum
2000085c   adc0_buffer
20000868   adc1_buffer
00003323   add_device
00004ec9   atoi
ffffffff   binit
00003089   calloc
000032d1   close
2000087c   command
00004fa5   copy_in
00004629   copy_raw_data
00002a39   create_checksum
000029bb   create_message
20000884   delta
2000084c   dp
00004ff5   exit
00004873   fclose
00004509   fflush
000039b7   fopen
000046d5   fputc
00003ed9   fputs
00002de3   free
0000398d   freopen
00004b1d   fseek
20000000   g_pfnRAMVectors
00000000   g_pfnVectors
20000a70   g_timer_a0_scan_flag
20000a71   g_timer_a3_scan_flag
20000888   g_tx_buffer_uart
2000088c   g_uart0_data
00004c89   i2cBatchRead
000032ad   lseek
00004dbd   ltoa
0000400d   main
20000a8c   main_func_sp
00002d81   malloc
00002fa9   memalign
00005137   memccpy
0000519d   memchr
00004771   memcpy
00004a3d   memset
00002cf5   minit
00001c8d   myISR_Config
00001dd1   myPWM_Init
00001cf9   myUART2Config_Init
000031ff   open
00002c65   packet_data
00002ad3   parse_message
00004ab5   printf
000020fd   pso_pwm_config
00001fa5   pso_rpm_config
00004759   putc
0000475d   putchar
00003fe5   puts
000031db   read
00004689   read_raw_data
00002ea3   realloc
00003151   remove
000031b3   remove_device
00003175   rename
00004e71   set_pwm_position
00004319   setvbuf
000051b3   strchr
00005185   strcmp
0000523b   strcpy
000051f1   strlen
000050d9   strncpy
00004c41   uartBatchWrite
00002933   uart_read
2000026c   uart_rx_buffer
2000047c   uart_tx_buffer
000028bf   uart_write
00002b35   uart_write2
2000085a   ulink_system
00003151   unlink
000030c1   write
20000890   wt1cpp0_tav_buffer


GLOBAL SYMBOLS: SORTED BY Symbol Address 

address    name
--------   ----
00000000   __TI_static_base__
00000000   g_pfnVectors
00000001   __TI_args_main
000000c8   __SYSMEM_SIZE
00000190   __STACK_SIZE
00000def   __TI_printfi
0000115b   GPIODirModeSet
000011b7   GPIODirModeGet
00001203   GPIOIntTypeSet
000012a7   GPIOIntTypeGet
00001345   GPIOPadConfigSet
00001583   GPIOPadConfigGet
000016d5   GPIOIntEnable
000016ef   GPIOIntDisable
00001709   GPIOIntStatus
00001727   GPIOIntClear
0000173b   GPIOIntRegister
00001759   GPIOIntUnregister
00001773   GPIOPinRead
0000178b   GPIOPinWrite
000017ab   GPIOPinTypeADC
000017cf   GPIOPinTypeCAN
000017f3   GPIOPinTypeComparator
00001817   GPIOPinTypeEPI
0000183b   GPIOPinTypeEthernetLED
0000185f   GPIOPinTypeEthernetMII
00001883   GPIOPinTypeGPIOInput
000018a7   GPIOPinTypeGPIOOutput
000018cb   GPIOPinTypeGPIOOutputOD
000018ef   GPIOPinTypeI2C
00001913   GPIOPinTypeI2CSCL
00001937   GPIOPinTypeLCD
0000195b   GPIOPinTypeLPC
0000197f   GPIOPinTypePECIRx
000019a3   GPIOPinTypePECITx
000019c7   GPIOPinTypePWM
000019eb   GPIOPinTypeQEI
00001a0f   GPIOPinTypeSSI
00001a33   GPIOPinTypeTimer
00001a57   GPIOPinTypeUART
00001a7b   GPIOPinTypeUSBAnalog
00001a9f   GPIOPinTypeUSBDigital
00001ac3   GPIOPinTypeWakeHigh
00001ae9   GPIOPinTypeWakeLow
00001b0f   GPIOPinTypeKBRow
00001b33   GPIOPinTypeKBColumn
00001b57   GPIOPinTypeLEDSeq
00001b7b   GPIOPinTypeCIR
00001b9f   GPIOPinWakeStatus
00001baf   GPIOPinConfigure
00001c0d   GPIODMATriggerEnable
00001c2b   GPIODMATriggerDisable
00001c49   GPIOADCTriggerEnable
00001c67   GPIOADCTriggerDisable
00001c8d   myISR_Config
00001c8f   PSO_UART0Config
00001cf9   myUART2Config_Init
00001d63   PSO_PeripheralEnable
00001d79   PSO_GPIOConfig
00001dd1   myPWM_Init
00001e0d   PSO_Timers
00001e63   PSO_ADCConfig
00001fa5   pso_rpm_config
000020fd   pso_pwm_config
0000230b   UARTParityModeSet
00002327   UARTParityModeGet
00002339   UARTFIFOLevelSet
00002351   UARTFIFOLevelGet
00002379   UARTConfigSetExpClk
000023ef   UARTConfigGetExpClk
0000243b   UARTEnable
0000245f   UARTDisable
00002489   UARTFIFOEnable
0000249f   UARTFIFODisable
000024b5   UARTEnableSIR
000024df   UARTDisableSIR
000024f5   UARTSmartCardEnable
00002527   UARTSmartCardDisable
0000253d   UARTModemControlSet
0000257d   UARTModemControlClear
000025a1   UARTModemControlGet
000025b3   UARTModemStatusGet
000025c7   UARTFlowControlSet
000025e3   UARTFlowControlGet
000025f5   UARTTxIntModeSet
00002611   UARTTxIntModeGet
00002623   UARTCharsAvail
0000263b   UARTSpaceAvail
00002653   UARTCharGetNonBlocking
0000266f   UARTCharGet
00002685   UARTCharPutNonBlocking
000026a9   UARTCharPut
000026c7   UARTBreakCtl
000026ed   UARTBusy
00002705   UARTIntRegister
00002723   UARTIntUnregister
00002741   UARTIntEnable
00002759   UARTIntDisable
00002771   UARTIntStatus
0000278b   UARTIntClear
0000279d   UARTDMAEnable
000027b5   UARTDMADisable
000027cd   UARTRxErrorGet
000027df   UARTRxErrorClear
000027ef   UARTClockSourceSet
00002803   UARTClockSourceGet
00002813   UART9BitEnable
00002829   UART9BitDisable
0000283f   UART9BitAddrSet
00002865   UART9BitAddrSend
000028bf   uart_write
00002933   uart_read
000029bb   create_message
00002a39   create_checksum
00002a7f   accumulate_checksum
00002ad3   parse_message
00002b35   uart_write2
00002c65   packet_data
00002cf5   minit
00002d81   malloc
00002de3   free
00002ea3   realloc
00002fa9   memalign
00003089   calloc
000030c1   write
00003151   remove
00003151   unlink
00003175   rename
000031b3   remove_device
000031db   read
000031ff   open
000032ad   lseek
000032d1   close
00003323   add_device
000033d1   HOSTwrite
0000341d   HOSTunlink
00003455   HOSTtime
0000348f   HOSTrename
000034ed   HOSTread
00003539   HOSTopen
0000358b   HOSTlseek
000035e7   HOSTgetenv
00003625   HOSTclose
0000365d   HOSTclock
000036a5   __aeabi_uldivmod
00003961   __TI_cleanup
0000398d   freopen
000039b7   fopen
00003a59   __aeabi_dsub
00003a63   __aeabi_dadd
00003c11   UART0IntHandler
00003c49   Timer0AIntHandler
00003c55   WTimer1AIntHandler
00003c61   WTimer1BIntHandler
00003c75   WTimer5AIntHandler
00003c87   WTimer5BIntHandler
00003c9b   Timer3AIntHandler
00003cd5   ADC0SS1IntHandler
00003d13   ADC1SS1IntHandler
00003da1   __aeabi_ddiv
00003ed9   fputs
00003fe5   puts
0000400d   main
00004119   SysCtlClockSet
0000421d   __aeabi_dmul
00004319   setvbuf
000043f5   SysCtlClockGet
000044bd   __TI_doflush
00004509   fflush
0000457d   __TI_wrt_ok
000045df   __TI_rd_ok
00004629   copy_raw_data
00004689   read_raw_data
000046d5   fputc
00004759   putc
0000475d   putchar
00004771   __aeabi_memcpy
00004771   __aeabi_memcpy4
00004771   __aeabi_memcpy8
00004771   memcpy
0000480d   __TI_closefile
00004873   fclose
000048a5   __TI_auto_init
00004939   __aeabi_cdcmpeq
00004939   __aeabi_cdcmple
000049b7   __aeabi_cdrcmple
00004a35   __aeabi_memclr
00004a35   __aeabi_memclr4
00004a35   __aeabi_memclr8
00004a37   __aeabi_memset
00004a37   __aeabi_memset4
00004a37   __aeabi_memset8
00004a3d   memset
00004ab5   printf
00004b1d   fseek
00004b81   IntDisable
00004be1   IntEnable
00004c41   uartBatchWrite
00004c89   i2cBatchRead
00004ca1   __TI_writemsg
00004ccb   C$$IO$$
00004ccf   __TI_readmsg
00004d61   TimerConfigure
00004dbd   ltoa
00004e19   TimerControlTrigger
00004e71   set_pwm_position
00004ec9   atoi
00004f15   _c_int00
00004f5d   __aeabi_d2iz
00004fa5   copy_in
00004fe9   C$$EXIT
00004fed   abort
00004ff5   exit
0000502d   _Dtest
00005071   IntRegister
000050a5   SysCtlPeripheralEnable
000050d9   strncpy
00005109   __aeabi_i2d
00005137   memccpy
00005155   _args_main
0000516d   __aeabi_lmul
00005185   strcmp
0000519d   memchr
000051b3   strchr
000051c9   IntUnregister
000051dd   _register_unlock
000051e3   _register_lock
000051eb   _nop
000051f1   strlen
00005205   TimerLoadSet
00005217   __TI_zero_init
00005229   _Dclass
0000523b   strcpy
0000524b   TimerEnable
00005259   __TI_decompress_none
00005267   CPUcpsie
00005273   ResetISR
0000527f   IntMasterEnable
00005289   TimerIntEnable
00005291   SysCtlDelay
00005297   __TI_decompress_rle24
0000529d   TimerIntClear
000052a0   _ctypes_
000057a0   __TI_Handler_Table_Base
000057ac   __TI_Handler_Table_Limit
000057c0   __TI_CINIT_Base
000057d8   __TI_CINIT_Limit
20000000   g_pfnRAMVectors
2000026c   uart_rx_buffer
2000047c   uart_tx_buffer
2000068c   __CIOBUF_
200007ac   __TI_tmpnams
2000084c   dp
2000085a   ulink_system
2000085c   adc0_buffer
20000868   adc1_buffer
2000087c   command
20000884   delta
20000888   g_tx_buffer_uart
2000088c   g_uart0_data
20000890   wt1cpp0_tav_buffer
20000894   _ftable
20000a54   __TI_ft_end
20000a58   __aeabi_stdin
20000a5c   __aeabi_stdout
20000a60   __aeabi_stderr
20000a70   g_timer_a0_scan_flag
20000a71   g_timer_a3_scan_flag
20000a78   _lock
20000a7c   _unlock
20000a80   __TI_cleanup_ptr
20000a84   __TI_dtors_ptr
20000a8c   main_func_sp
20000a94   __stack
20000c24   __STACK_END
20000c28   _sys_memory
20000c94   __STACK_TOP
ffffffff   __binit__
ffffffff   __c_args__
ffffffff   binit
UNDEFED    SHT$$INIT_ARRAY$$Base
UNDEFED    SHT$$INIT_ARRAY$$Limit

[282 symbols]
