******************************************************************************
                  TI ARM Linker PC v5.1.1                      
******************************************************************************
>> Linked Wed Dec 09 20:11:55 2015

OUTPUT FILE NAME:   <PSO.out>
ENTRY POINT SYMBOL: "_c_int00"  address: 00008651


MEMORY CONFIGURATION

         name            origin    length      used     unused   attr    fill
----------------------  --------  ---------  --------  --------  ----  --------
  FLASH                 00000000   00040000  00008f14  000370ec  R  X
  SRAM                  20000000   00008000  00001941  000066bf  RW X


SEGMENT ALLOCATION MAP

run origin  load origin   length   init length attrs members
----------  ----------- ---------- ----------- ----- -------
00000000    00000000    00008f18   00008f18    r-x
  00000000    00000000    0000026c   0000026c    r-- .intvecs
  0000026c    0000026c    00008770   00008770    r-x .text
  000089dc    000089dc    00000480   00000480    r-- .const
  00008e60    00008e60    000000b8   000000b8    r-- .cinit
20000000    20000000    00001948   00000000    rw-
  20000000    20000000    0000026c   00000000    rw- .vtable
  2000026c    2000026c    00000e95   00000000    rw- .bss
  20001104    20001104    00000320   00000000    rw- .stack
  20001428    20001428    00000320   00000000    rw- .sysmem
  20001748    20001748    00000200   00000000    rw- .data


SECTION ALLOCATION MAP

 output                                  attributes/
section   page    origin      length       input sections
--------  ----  ----------  ----------   ----------------
.intvecs   0    00000000    0000026c     
                  00000000    0000026c     tm4c123gh6pm_startup_ccs.obj (.intvecs)

.init_array 
*          0    00000000    00000000     UNINITIALIZED

.text      0    0000026c    00008770     
                  0000026c    00002a24     ff.obj (.text)
                  00002c90    00000e8c     rtsv7M4_T_le_v4SPD16_eabi.lib : _printfi.obj (.text)
                  00003b1c    00000b94     gpio.obj (.text)
                  000046b0    00000930     mmc-dk-tm4c123g.obj (.text)
                  00004fe0    00000890     pso_init.obj (.text)
                  00005870    00000604     uart.obj (.text)
                  00005e74    00000448     ulink.obj (.text)
                  000062bc    000003cc     rtsv7M4_T_le_v4SPD16_eabi.lib : memory.obj (.text)
                  00006688    00000310                                   : lowlev.obj (.text)
                  00006998    000002d4                                   : trgdrv.obj (.text)
                  00006c6c    0000021c     main.obj (.text)
                  00006e88    000001f4     rtsv7M4_T_le_v4SPD16_eabi.lib : ull_div_t2.obj (.text)
                  0000707c    000001c0                                   : fopen.obj (.text)
                  0000723c    000001b6                                   : fd_add_t2.obj (.text)
                  000073f2    00000002     driverlib.lib : interrupt.obj (.text:_IntDefaultHandler)
                  000073f4    00000194     pso_isr.obj (.text)
                  00007588    00000136     rtsv7M4_T_le_v4SPD16_eabi.lib : fd_div_t2.obj (.text)
                  000076be    00000002     --HOLE-- [fill = 0]
                  000076c0    00000134                                   : fputs.obj (.text)
                  000077f4    00000104     driverlib.lib : sysctl.obj (.text:SysCtlClockSet)
                  000078f8    000000fc     rtsv7M4_T_le_v4SPD16_eabi.lib : fd_mul_t2.obj (.text)
                  000079f4    000000dc                                   : setvbuf.obj (.text)
                  00007ad0    000000c8     driverlib.lib : sysctl.obj (.text:SysCtlClockGet)
                  00007b98    000000c0     rtsv7M4_T_le_v4SPD16_eabi.lib : fflush.obj (.text)
                  00007c58    000000ac                                   : _io_perm.obj (.text)
                  00007d04    000000aa     pso_data.obj (.text)
                  00007dae    00000002     --HOLE-- [fill = 0]
                  00007db0    0000009c     rtsv7M4_T_le_v4SPD16_eabi.lib : fputc.obj (.text)
                  00007e4c    0000009c                                   : memcpy_t2.obj (.text)
                  00007ee8    00000098                                   : fclose.obj (.text)
                  00007f80    00000094                                   : auto_init.obj (.text)
                  00008014    0000007e                                   : fd_cmp_t2.obj (.text:__aeabi_cdcmple)
                  00008092    0000007e                                   : fd_cmp_t2.obj (.text:__aeabi_cdrcmple)
                  00008110    00000078                                   : memset_t2.obj (.text)
                  00008188    00000070                                   : printf.obj (.text)
                  000081f8    00000064                                   : fseek.obj (.text)
                  0000825c    00000060     driverlib.lib : interrupt.obj (.text:IntDisable)
                  000082bc    00000060                   : interrupt.obj (.text:IntEnable)
                  0000831c    00000060     pso_uart.obj (.text)
                  0000837c    00000060     rtsv7M4_T_le_v4SPD16_eabi.lib : sprintf.obj (.text)
                  000083dc    00000060                                   : trgmsg.obj (.text)
                  0000843c    0000005e                                   : copy_decompress_rle.obj (.text)
                  0000849a    00000002     --HOLE-- [fill = 0]
                  0000849c    0000005c     driverlib.lib : timer.obj (.text:TimerConfigure)
                  000084f8    0000005a     rtsv7M4_T_le_v4SPD16_eabi.lib : ltoa.obj (.text)
                  00008552    00000002     --HOLE-- [fill = 0]
                  00008554    00000058     driverlib.lib : timer.obj (.text:TimerControlTrigger)
                  000085ac    00000058     pso_pwm.obj (.text)
                  00008604    0000004c     rtsv7M4_T_le_v4SPD16_eabi.lib : atoi.obj (.text)
                  00008650    00000048                                   : boot.obj (.text)
                  00008698    00000048                                   : fd_toi_t2.obj (.text)
                  000086e0    00000044                                   : cpy_tbl.obj (.text)
                  00008724    00000044                                   : exit.obj (.text)
                  00008768    00000044                                   : xdtest.obj (.text)
                  000087ac    00000034     driverlib.lib : interrupt.obj (.text:IntRegister)
                  000087e0    00000034                   : sysctl.obj (.text:SysCtlPeripheralEnable)
                  00008814    00000030     rtsv7M4_T_le_v4SPD16_eabi.lib : strncpy.obj (.text)
                  00008844    0000002e                                   : i_tofd_t2.obj (.text)
                  00008872    0000001c                                   : memccpy.obj (.text)
                  0000888e    00000002     --HOLE-- [fill = 0]
                  00008890    00000018                                   : args_main.obj (.text)
                  000088a8    00000018                                   : ll_mul_t2.obj (.text)
                  000088c0    00000018                                   : strcmp.obj (.text)
                  000088d8    00000016                                   : memchr.obj (.text)
                  000088ee    00000016                                   : strchr.obj (.text)
                  00008904    00000014     driverlib.lib : interrupt.obj (.text:IntUnregister)
                  00008918    00000014     rtsv7M4_T_le_v4SPD16_eabi.lib : _lock.obj (.text)
                  0000892c    00000014                                   : strlen.obj (.text)
                  00008940    00000012     driverlib.lib : timer.obj (.text:TimerLoadSet)
                  00008952    00000012     rtsv7M4_T_le_v4SPD16_eabi.lib : copy_zero_init.obj (.text:decompress:ZI)
                  00008964    00000012                                   : xdclass.obj (.text)
                  00008976    00000010                                   : strcpy.obj (.text)
                  00008986    0000000e     driverlib.lib : timer.obj (.text:TimerEnable)
                  00008994    0000000e     rtsv7M4_T_le_v4SPD16_eabi.lib : copy_decompress_none.obj (.text:decompress:none)
                  000089a2    0000000c     driverlib.lib : cpu.obj (.text:CPUcpsie)
                  000089ae    0000000c     tm4c123gh6pm_startup_ccs.obj (.text)
                  000089ba    0000000a     driverlib.lib : interrupt.obj (.text:IntMasterEnable)
                  000089c4    00000008                   : timer.obj (.text:TimerIntEnable)
                  000089cc    00000006                   : sysctl.obj (.text:SysCtlDelay)
                  000089d2    00000006     rtsv7M4_T_le_v4SPD16_eabi.lib : copy_decompress_rle.obj (.text:decompress:rle24)
                  000089d8    00000004     driverlib.lib : timer.obj (.text:TimerIntClear)

.const     0    000089dc    00000480     
                  000089dc    00000102     rtsv7M4_T_le_v4SPD16_eabi.lib : ctype.obj (.const:.string:_ctypes_)
                  00008ade    00000002     --HOLE-- [fill = 0]
                  00008ae0    000000c0     gpio.obj (.const:g_ppui32GPIOIntMapBlizzard)
                  00008ba0    000000c0     gpio.obj (.const:g_ppui32GPIOIntMapSnowflake)
                  00008c60    00000090     gpio.obj (.const:g_pui32GPIOBaseAddrs)
                  00008cf0    00000070     driverlib.lib : interrupt.obj (.const)
                  00008d60    0000006c                   : sysctl.obj (.const:g_pui32Xtals)
                  00008dcc    00000040     uart.obj (.const:g_ppui32UARTIntMap)
                  00008e0c    00000040     uart.obj (.const:g_ppui32UARTIntMapSnowflake)
                  00008e4c    00000008     gpio.obj (.const)
                  00008e54    00000008     uart.obj (.const)

.cinit     0    00008e60    000000b8     
                  00008e60    00000081     (.cinit..data.load) [load image, compression = rle]
                  00008ee1    00000003     --HOLE-- [fill = 0]
                  00008ee4    0000000c     (__TI_handler_table)
                  00008ef0    00000008     (.cinit..bss.load) [load image, compression = zero_init]
                  00008ef8    00000008     (.cinit..vtable.load) [load image, compression = zero_init]
                  00008f00    00000018     (__TI_cinit_table)

.vtable    0    20000000    0000026c     UNINITIALIZED
                  20000000    0000026c     driverlib.lib : interrupt.obj (.vtable)

.bss       0    2000026c    00000e95     UNINITIALIZED
                  2000026c    00000400     main.obj (.bss:buffer)
                  2000066c    00000234     main.obj (.bss:fs)
                  200008a0    00000224     main.obj (.bss:ftxt)
                  20000ac4    00000210     ulink.obj (.bss:uart_rx_buffer)
                  20000cd4    00000210     ulink.obj (.bss:uart_tx_buffer)
                  20000ee4    00000120     rtsv7M4_T_le_v4SPD16_eabi.lib : trgmsg.obj (.bss:__CIOBUF_)
                  20001004    000000a0                                   : defs.obj (.bss:__TI_tmpnams)
                  200010a4    0000000e     (.common:dp)
                  200010b2    00000002     (.common:Fsid)
                  200010b4    0000000c     (.common:adc0_buffer)
                  200010c0    0000000c     (.common:adc1_buffer)
                  200010cc    0000000c     (.common:filename)
                  200010d8    00000008     (.common:parmbuf)
                  200010e0    00000006     (.common:command)
                  200010e6    00000002     (.common:ulink_system)
                  200010e8    00000004     (.common:FatFs)
                  200010ec    00000004     (.common:delta)
                  200010f0    00000004     (.common:g_tx_buffer_uart)
                  200010f4    00000004     (.common:g_uart0_data)
                  200010f8    00000004     (.common:wt1cpp0_tav_buffer)
                  200010fc    00000001     (.common:CardType)
                  200010fd    00000001     (.common:Timer1)
                  200010fe    00000001     (.common:Timer2)
                  200010ff    00000001     (.common:res)
                  20001100    00000001     (.common:returnval$2)

.stack     0    20001104    00000320     UNINITIALIZED
                  20001104    00000320     --HOLE--

.sysmem    0    20001428    00000320     UNINITIALIZED
                  20001428    00000008     rtsv7M4_T_le_v4SPD16_eabi.lib : memory.obj (.sysmem)
                  20001430    00000318     --HOLE--

.data      0    20001748    00000200     UNINITIALIZED
                  20001748    000000f0     rtsv7M4_T_le_v4SPD16_eabi.lib : defs.obj (.data:_ftable)
                  20001838    000000d0                                   : lowlev.obj (.data)
                  20001908    00000010                                   : defs.obj (.data)
                  20001918    0000000c                                   : memory.obj (.data)
                  20001924    00000008     pso_isr.obj (.data)
                  2000192c    00000008     rtsv7M4_T_le_v4SPD16_eabi.lib : _lock.obj (.data)
                  20001934    00000008                                   : exit.obj (.data)
                  2000193c    00000004                                   : fopen.obj (.data)
                  20001940    00000004                                   : stkdepth_vars.obj (.data)
                  20001944    00000002     mmc-dk-tm4c123g.obj (.data)
                  20001946    00000002     ulink.obj (.data)


LINKER GENERATED COPY TABLES

__TI_cinit_table @ 00008f00 records: 3, size/record: 8, table size: 24
	.data: load addr=00008e60, load size=00000081 bytes, run addr=20001748, run size=00000200 bytes, compression=rle
	.bss: load addr=00008ef0, load size=00000008 bytes, run addr=2000026c, run size=00000e95 bytes, compression=zero_init
	.vtable: load addr=00008ef8, load size=00000008 bytes, run addr=20000000, run size=0000026c bytes, compression=zero_init


LINKER GENERATED HANDLER TABLE

__TI_handler_table @ 00008ee4 records: 3, size/record: 4, table size: 12
	index: 0, handler: __TI_zero_init
	index: 1, handler: __TI_decompress_rle24
	index: 2, handler: __TI_decompress_none


GLOBAL SYMBOLS: SORTED ALPHABETICALLY BY Name 

address    name
--------   ----
000074bf   ADC0SS1IntHandler
000074fd   ADC1SS1IntHandler
00008725   C$$EXIT
00008407   C$$IO$$
000089a3   CPUcpsie
0000468b   GPIOADCTriggerDisable
0000466d   GPIOADCTriggerEnable
0000464f   GPIODMATriggerDisable
00004631   GPIODMATriggerEnable
00003bdb   GPIODirModeGet
00003b7f   GPIODirModeSet
0000414b   GPIOIntClear
00004113   GPIOIntDisable
000040f9   GPIOIntEnable
0000415f   GPIOIntRegister
0000412d   GPIOIntStatus
00003ccb   GPIOIntTypeGet
00003c27   GPIOIntTypeSet
0000417d   GPIOIntUnregister
00003fa7   GPIOPadConfigGet
00003d69   GPIOPadConfigSet
000045d3   GPIOPinConfigure
00004197   GPIOPinRead
000041cf   GPIOPinTypeADC
000041f3   GPIOPinTypeCAN
0000459f   GPIOPinTypeCIR
00004217   GPIOPinTypeComparator
0000423b   GPIOPinTypeEPI
0000425f   GPIOPinTypeEthernetLED
00004283   GPIOPinTypeEthernetMII
000042a7   GPIOPinTypeGPIOInput
000042cb   GPIOPinTypeGPIOOutput
000042ef   GPIOPinTypeGPIOOutputOD
00004313   GPIOPinTypeI2C
00004337   GPIOPinTypeI2CSCL
00004557   GPIOPinTypeKBColumn
00004533   GPIOPinTypeKBRow
0000435b   GPIOPinTypeLCD
0000457b   GPIOPinTypeLEDSeq
0000437f   GPIOPinTypeLPC
000043a3   GPIOPinTypePECIRx
000043c7   GPIOPinTypePECITx
000043eb   GPIOPinTypePWM
0000440f   GPIOPinTypeQEI
00004433   GPIOPinTypeSSI
00004457   GPIOPinTypeTimer
0000447b   GPIOPinTypeUART
0000449f   GPIOPinTypeUSBAnalog
000044c3   GPIOPinTypeUSBDigital
000044e7   GPIOPinTypeWakeHigh
0000450d   GPIOPinTypeWakeLow
000045c3   GPIOPinWakeStatus
000041af   GPIOPinWrite
00006c25   HOSTclock
00006bed   HOSTclose
00006baf   HOSTgetenv
00006b53   HOSTlseek
00006b01   HOSTopen
00006ab5   HOSTread
00006a57   HOSTrename
00006a1d   HOSTtime
000069e5   HOSTunlink
00006999   HOSTwrite
0000825d   IntDisable
000082bd   IntEnable
000089bb   IntMasterEnable
000087ad   IntRegister
00008905   IntUnregister
000051b9   PSO_ADCConfig
000050cd   PSO_GPIOConfig
000050b7   PSO_PeripheralEnable
00005161   PSO_Timers
00004fe3   PSO_UART0Config
000089af   ResetISR
UNDEFED    SHT$$INIT_ARRAY$$Base
UNDEFED    SHT$$INIT_ARRAY$$Limit
00007ad1   SysCtlClockGet
000077f5   SysCtlClockSet
000089cd   SysCtlDelay
000087e1   SysCtlPeripheralEnable
0000742d   Timer0AIntHandler
0000747f   Timer3AIntHandler
0000849d   TimerConfigure
00008555   TimerControlTrigger
00008987   TimerEnable
000089d9   TimerIntClear
000089c5   TimerIntEnable
00008941   TimerLoadSet
000073f5   UART0IntHandler
00005e2d   UART9BitAddrSend
00005e07   UART9BitAddrSet
00005df1   UART9BitDisable
00005ddb   UART9BitEnable
00005c8f   UARTBreakCtl
00005cb5   UARTBusy
00005c37   UARTCharGet
00005c1b   UARTCharGetNonBlocking
00005c71   UARTCharPut
00005c4d   UARTCharPutNonBlocking
00005beb   UARTCharsAvail
00005dcb   UARTClockSourceGet
00005db7   UARTClockSourceSet
000059b7   UARTConfigGetExpClk
00005941   UARTConfigSetExpClk
00005d7d   UARTDMADisable
00005d65   UARTDMAEnable
00005a27   UARTDisable
00005aa7   UARTDisableSIR
00005a03   UARTEnable
00005a7d   UARTEnableSIR
00005a67   UARTFIFODisable
00005a51   UARTFIFOEnable
00005919   UARTFIFOLevelGet
00005901   UARTFIFOLevelSet
00005bab   UARTFlowControlGet
00005b8f   UARTFlowControlSet
00005d53   UARTIntClear
00005d21   UARTIntDisable
00005d09   UARTIntEnable
00005ccd   UARTIntRegister
00005d39   UARTIntStatus
00005ceb   UARTIntUnregister
00005b45   UARTModemControlClear
00005b69   UARTModemControlGet
00005b05   UARTModemControlSet
00005b7b   UARTModemStatusGet
000058ef   UARTParityModeGet
000058d3   UARTParityModeSet
00005da7   UARTRxErrorClear
00005d95   UARTRxErrorGet
00005aef   UARTSmartCardDisable
00005abd   UARTSmartCardEnable
00005c03   UARTSpaceAvail
00005bd9   UARTTxIntModeGet
00005bbd   UARTTxIntModeSet
00007439   WTimer1AIntHandler
00007445   WTimer1BIntHandler
00007459   WTimer5AIntHandler
0000746b   WTimer5BIntHandler
00008965   _Dclass
00008769   _Dtest
20000ee4   __CIOBUF_
20001424   __STACK_END
00000320   __STACK_SIZE
20001304   __STACK_TOP
00000320   __SYSMEM_SIZE
00008f00   __TI_CINIT_Base
00008f18   __TI_CINIT_Limit
00008ee4   __TI_Handler_Table_Base
00008ef0   __TI_Handler_Table_Limit
00000001   __TI_args_main
00007f81   __TI_auto_init
00007145   __TI_cleanup
20001934   __TI_cleanup_ptr
00007ee9   __TI_closefile
00008995   __TI_decompress_none
000089d3   __TI_decompress_rle24
00007b99   __TI_doflush
20001938   __TI_dtors_ptr
20001908   __TI_ft_end
00003813   __TI_printfi
00007cbb   __TI_rd_ok
0000840b   __TI_readmsg
00000000   __TI_static_base__
20001004   __TI_tmpnams
000083dd   __TI_writemsg
00007c59   __TI_wrt_ok
00008953   __TI_zero_init
00008015   __aeabi_cdcmpeq
00008015   __aeabi_cdcmple
00008093   __aeabi_cdrcmple
00008699   __aeabi_d2iz
00007247   __aeabi_dadd
00007589   __aeabi_ddiv
000078f9   __aeabi_dmul
0000723d   __aeabi_dsub
00008845   __aeabi_i2d
000088a9   __aeabi_lmul
00008111   __aeabi_memclr
00008111   __aeabi_memclr4
00008111   __aeabi_memclr8
00007e4d   __aeabi_memcpy
00007e4d   __aeabi_memcpy4
00007e4d   __aeabi_memcpy8
00008113   __aeabi_memset
00008113   __aeabi_memset4
00008113   __aeabi_memset8
20001914   __aeabi_stderr
2000190c   __aeabi_stdin
20001910   __aeabi_stdout
00006e89   __aeabi_uldivmod
ffffffff   __binit__
ffffffff   __c_args__
20001104   __stack
00008891   _args_main
00008651   _c_int00
000089dc   _ctypes_
20001748   _ftable
2000192c   _lock
00008927   _nop
0000891f   _register_lock
00008919   _register_unlock
20001428   _sys_memory
20001930   _unlock
00008729   abort
00006047   accumulate_checksum
200010b4   adc0_buffer
200010c0   adc1_buffer
000068eb   add_device
00008605   atoi
ffffffff   binit
2000026c   buffer
00006651   calloc
00006899   close
0000050d   clust2sect
200010e0   command
000086e1   copy_in
00007d05   copy_raw_data
00006001   create_checksum
00005f83   create_message
200010ec   delta
00004a25   disk_initialize
00004d85   disk_ioctl
00004be3   disk_read
00004bc9   disk_status
00004f87   disk_timerproc
00004c93   disk_write
200010a4   dp
00008731   exit
00002a25   f_chmod
000020ed   f_close
000024e7   f_getfree
0000210d   f_lseek
0000283f   f_mkdir
0000188b   f_mount
000018e1   f_open
0000235b   f_opendir
00001af5   f_read
0000240b   f_readdir
00002b39   f_rename
00002497   f_stat
00001fed   f_sync
00002649   f_truncate
0000273d   f_unlink
00002ab5   f_utime
00001d49   f_write
00007f4f   fclose
00007be5   fflush
200010cc   filename
0000719b   fopen
00007db1   fputc
000076c1   fputs
000063ab   free
00007171   freopen
2000066c   fs
000081f9   fseek
200008a0   ftxt
20000000   g_pfnRAMVectors
00000000   g_pfnVectors
20001924   g_timer_a0_scan_flag
20001925   g_timer_a3_scan_flag
200010f0   g_tx_buffer_uart
200010f4   g_uart0_data
0000053d   get_fat
00004fcb   get_fattime
00008365   i2cBatchRead
00006875   lseek
000084f9   ltoa
00006c6d   main
20001940   main_func_sp
000046b1   make_pa5_gpio
000046db   make_pa5_ssi0tx
00006349   malloc
00006571   memalign
00008873   memccpy
000088d9   memchr
00007e4d   memcpy
00008119   memset
000062bd   minit
00004fe1   myISR_Config
00005125   myPWM_Init
0000504d   myUART2Config_Init
000067c7   open
0000622d   packet_data
0000609b   parse_message
00008191   printf
00005421   pso_pwm_config
000052f9   pso_rpm_config
00005529   pso_spi0_config
000056d5   pso_spi2_config
00000661   put_fat
00007e35   putc
00007e39   putchar
000077cd   puts
000067a3   read
00007d65   read_raw_data
0000646b   realloc
00006719   remove
0000677b   remove_device
0000673d   rename
200010ff   res
000085ad   set_pwm_position
000079f5   setvbuf
0000837d   sprintf
000088ef   strchr
000088c1   strcmp
00008977   strcpy
0000892d   strlen
00008815   strncpy
0000831d   uartBatchWrite
00005efb   uart_read
20000ac4   uart_rx_buffer
20000cd4   uart_tx_buffer
00005e87   uart_write
000060fd   uart_write2
200010e6   ulink_system
00006719   unlink
00006689   write
200010f8   wt1cpp0_tav_buffer


GLOBAL SYMBOLS: SORTED BY Symbol Address 

address    name
--------   ----
00000000   __TI_static_base__
00000000   g_pfnVectors
00000001   __TI_args_main
00000320   __STACK_SIZE
00000320   __SYSMEM_SIZE
0000050d   clust2sect
0000053d   get_fat
00000661   put_fat
0000188b   f_mount
000018e1   f_open
00001af5   f_read
00001d49   f_write
00001fed   f_sync
000020ed   f_close
0000210d   f_lseek
0000235b   f_opendir
0000240b   f_readdir
00002497   f_stat
000024e7   f_getfree
00002649   f_truncate
0000273d   f_unlink
0000283f   f_mkdir
00002a25   f_chmod
00002ab5   f_utime
00002b39   f_rename
00003813   __TI_printfi
00003b7f   GPIODirModeSet
00003bdb   GPIODirModeGet
00003c27   GPIOIntTypeSet
00003ccb   GPIOIntTypeGet
00003d69   GPIOPadConfigSet
00003fa7   GPIOPadConfigGet
000040f9   GPIOIntEnable
00004113   GPIOIntDisable
0000412d   GPIOIntStatus
0000414b   GPIOIntClear
0000415f   GPIOIntRegister
0000417d   GPIOIntUnregister
00004197   GPIOPinRead
000041af   GPIOPinWrite
000041cf   GPIOPinTypeADC
000041f3   GPIOPinTypeCAN
00004217   GPIOPinTypeComparator
0000423b   GPIOPinTypeEPI
0000425f   GPIOPinTypeEthernetLED
00004283   GPIOPinTypeEthernetMII
000042a7   GPIOPinTypeGPIOInput
000042cb   GPIOPinTypeGPIOOutput
000042ef   GPIOPinTypeGPIOOutputOD
00004313   GPIOPinTypeI2C
00004337   GPIOPinTypeI2CSCL
0000435b   GPIOPinTypeLCD
0000437f   GPIOPinTypeLPC
000043a3   GPIOPinTypePECIRx
000043c7   GPIOPinTypePECITx
000043eb   GPIOPinTypePWM
0000440f   GPIOPinTypeQEI
00004433   GPIOPinTypeSSI
00004457   GPIOPinTypeTimer
0000447b   GPIOPinTypeUART
0000449f   GPIOPinTypeUSBAnalog
000044c3   GPIOPinTypeUSBDigital
000044e7   GPIOPinTypeWakeHigh
0000450d   GPIOPinTypeWakeLow
00004533   GPIOPinTypeKBRow
00004557   GPIOPinTypeKBColumn
0000457b   GPIOPinTypeLEDSeq
0000459f   GPIOPinTypeCIR
000045c3   GPIOPinWakeStatus
000045d3   GPIOPinConfigure
00004631   GPIODMATriggerEnable
0000464f   GPIODMATriggerDisable
0000466d   GPIOADCTriggerEnable
0000468b   GPIOADCTriggerDisable
000046b1   make_pa5_gpio
000046db   make_pa5_ssi0tx
00004a25   disk_initialize
00004bc9   disk_status
00004be3   disk_read
00004c93   disk_write
00004d85   disk_ioctl
00004f87   disk_timerproc
00004fcb   get_fattime
00004fe1   myISR_Config
00004fe3   PSO_UART0Config
0000504d   myUART2Config_Init
000050b7   PSO_PeripheralEnable
000050cd   PSO_GPIOConfig
00005125   myPWM_Init
00005161   PSO_Timers
000051b9   PSO_ADCConfig
000052f9   pso_rpm_config
00005421   pso_pwm_config
00005529   pso_spi0_config
000056d5   pso_spi2_config
000058d3   UARTParityModeSet
000058ef   UARTParityModeGet
00005901   UARTFIFOLevelSet
00005919   UARTFIFOLevelGet
00005941   UARTConfigSetExpClk
000059b7   UARTConfigGetExpClk
00005a03   UARTEnable
00005a27   UARTDisable
00005a51   UARTFIFOEnable
00005a67   UARTFIFODisable
00005a7d   UARTEnableSIR
00005aa7   UARTDisableSIR
00005abd   UARTSmartCardEnable
00005aef   UARTSmartCardDisable
00005b05   UARTModemControlSet
00005b45   UARTModemControlClear
00005b69   UARTModemControlGet
00005b7b   UARTModemStatusGet
00005b8f   UARTFlowControlSet
00005bab   UARTFlowControlGet
00005bbd   UARTTxIntModeSet
00005bd9   UARTTxIntModeGet
00005beb   UARTCharsAvail
00005c03   UARTSpaceAvail
00005c1b   UARTCharGetNonBlocking
00005c37   UARTCharGet
00005c4d   UARTCharPutNonBlocking
00005c71   UARTCharPut
00005c8f   UARTBreakCtl
00005cb5   UARTBusy
00005ccd   UARTIntRegister
00005ceb   UARTIntUnregister
00005d09   UARTIntEnable
00005d21   UARTIntDisable
00005d39   UARTIntStatus
00005d53   UARTIntClear
00005d65   UARTDMAEnable
00005d7d   UARTDMADisable
00005d95   UARTRxErrorGet
00005da7   UARTRxErrorClear
00005db7   UARTClockSourceSet
00005dcb   UARTClockSourceGet
00005ddb   UART9BitEnable
00005df1   UART9BitDisable
00005e07   UART9BitAddrSet
00005e2d   UART9BitAddrSend
00005e87   uart_write
00005efb   uart_read
00005f83   create_message
00006001   create_checksum
00006047   accumulate_checksum
0000609b   parse_message
000060fd   uart_write2
0000622d   packet_data
000062bd   minit
00006349   malloc
000063ab   free
0000646b   realloc
00006571   memalign
00006651   calloc
00006689   write
00006719   remove
00006719   unlink
0000673d   rename
0000677b   remove_device
000067a3   read
000067c7   open
00006875   lseek
00006899   close
000068eb   add_device
00006999   HOSTwrite
000069e5   HOSTunlink
00006a1d   HOSTtime
00006a57   HOSTrename
00006ab5   HOSTread
00006b01   HOSTopen
00006b53   HOSTlseek
00006baf   HOSTgetenv
00006bed   HOSTclose
00006c25   HOSTclock
00006c6d   main
00006e89   __aeabi_uldivmod
00007145   __TI_cleanup
00007171   freopen
0000719b   fopen
0000723d   __aeabi_dsub
00007247   __aeabi_dadd
000073f5   UART0IntHandler
0000742d   Timer0AIntHandler
00007439   WTimer1AIntHandler
00007445   WTimer1BIntHandler
00007459   WTimer5AIntHandler
0000746b   WTimer5BIntHandler
0000747f   Timer3AIntHandler
000074bf   ADC0SS1IntHandler
000074fd   ADC1SS1IntHandler
00007589   __aeabi_ddiv
000076c1   fputs
000077cd   puts
000077f5   SysCtlClockSet
000078f9   __aeabi_dmul
000079f5   setvbuf
00007ad1   SysCtlClockGet
00007b99   __TI_doflush
00007be5   fflush
00007c59   __TI_wrt_ok
00007cbb   __TI_rd_ok
00007d05   copy_raw_data
00007d65   read_raw_data
00007db1   fputc
00007e35   putc
00007e39   putchar
00007e4d   __aeabi_memcpy
00007e4d   __aeabi_memcpy4
00007e4d   __aeabi_memcpy8
00007e4d   memcpy
00007ee9   __TI_closefile
00007f4f   fclose
00007f81   __TI_auto_init
00008015   __aeabi_cdcmpeq
00008015   __aeabi_cdcmple
00008093   __aeabi_cdrcmple
00008111   __aeabi_memclr
00008111   __aeabi_memclr4
00008111   __aeabi_memclr8
00008113   __aeabi_memset
00008113   __aeabi_memset4
00008113   __aeabi_memset8
00008119   memset
00008191   printf
000081f9   fseek
0000825d   IntDisable
000082bd   IntEnable
0000831d   uartBatchWrite
00008365   i2cBatchRead
0000837d   sprintf
000083dd   __TI_writemsg
00008407   C$$IO$$
0000840b   __TI_readmsg
0000849d   TimerConfigure
000084f9   ltoa
00008555   TimerControlTrigger
000085ad   set_pwm_position
00008605   atoi
00008651   _c_int00
00008699   __aeabi_d2iz
000086e1   copy_in
00008725   C$$EXIT
00008729   abort
00008731   exit
00008769   _Dtest
000087ad   IntRegister
000087e1   SysCtlPeripheralEnable
00008815   strncpy
00008845   __aeabi_i2d
00008873   memccpy
00008891   _args_main
000088a9   __aeabi_lmul
000088c1   strcmp
000088d9   memchr
000088ef   strchr
00008905   IntUnregister
00008919   _register_unlock
0000891f   _register_lock
00008927   _nop
0000892d   strlen
00008941   TimerLoadSet
00008953   __TI_zero_init
00008965   _Dclass
00008977   strcpy
00008987   TimerEnable
00008995   __TI_decompress_none
000089a3   CPUcpsie
000089af   ResetISR
000089bb   IntMasterEnable
000089c5   TimerIntEnable
000089cd   SysCtlDelay
000089d3   __TI_decompress_rle24
000089d9   TimerIntClear
000089dc   _ctypes_
00008ee4   __TI_Handler_Table_Base
00008ef0   __TI_Handler_Table_Limit
00008f00   __TI_CINIT_Base
00008f18   __TI_CINIT_Limit
20000000   g_pfnRAMVectors
2000026c   buffer
2000066c   fs
200008a0   ftxt
20000ac4   uart_rx_buffer
20000cd4   uart_tx_buffer
20000ee4   __CIOBUF_
20001004   __TI_tmpnams
200010a4   dp
200010b4   adc0_buffer
200010c0   adc1_buffer
200010cc   filename
200010e0   command
200010e6   ulink_system
200010ec   delta
200010f0   g_tx_buffer_uart
200010f4   g_uart0_data
200010f8   wt1cpp0_tav_buffer
200010ff   res
20001104   __stack
20001304   __STACK_TOP
20001424   __STACK_END
20001428   _sys_memory
20001748   _ftable
20001908   __TI_ft_end
2000190c   __aeabi_stdin
20001910   __aeabi_stdout
20001914   __aeabi_stderr
20001924   g_timer_a0_scan_flag
20001925   g_timer_a3_scan_flag
2000192c   _lock
20001930   _unlock
20001934   __TI_cleanup_ptr
20001938   __TI_dtors_ptr
20001940   main_func_sp
ffffffff   __binit__
ffffffff   __c_args__
ffffffff   binit
UNDEFED    SHT$$INIT_ARRAY$$Base
UNDEFED    SHT$$INIT_ARRAY$$Limit

[319 symbols]
