<?xml version="1.0"?>
<link_info>
   <banner>TI ARM Linker PC v5.2.5</banner>
   <copyright>Copyright (c) 1996-2015 Texas Instruments Incorporated</copyright>
   <link_time>0x5651a928</link_time>
   <link_errors>0x0</link_errors>
   <output_file>PSO.out</output_file>
   <entry_point>
      <name>_c_int00</name>
      <address>0x53b5</address>
   </entry_point>
   <input_file_list>
      <input_file id="fl-2">
         <path>.\src\usr\</path>
         <kind>object</kind>
         <file>main.obj</file>
         <name>main.obj</name>
      </input_file>
      <input_file id="fl-3">
         <path>.\src\usr\</path>
         <kind>object</kind>
         <file>pso_data.obj</file>
         <name>pso_data.obj</name>
      </input_file>
      <input_file id="fl-4">
         <path>.\src\usr\</path>
         <kind>object</kind>
         <file>pso_init.obj</file>
         <name>pso_init.obj</name>
      </input_file>
      <input_file id="fl-5">
         <path>.\src\usr\</path>
         <kind>object</kind>
         <file>pso_isr.obj</file>
         <name>pso_isr.obj</name>
      </input_file>
      <input_file id="fl-6">
         <path>.\src\usr\</path>
         <kind>object</kind>
         <file>pso_led.obj</file>
         <name>pso_led.obj</name>
      </input_file>
      <input_file id="fl-7">
         <path>.\src\usr\</path>
         <kind>object</kind>
         <file>pso_pwm.obj</file>
         <name>pso_pwm.obj</name>
      </input_file>
      <input_file id="fl-8">
         <path>.\src\usr\</path>
         <kind>object</kind>
         <file>pso_uart.obj</file>
         <name>pso_uart.obj</name>
      </input_file>
      <input_file id="fl-9">
         <path>.\src\usr\</path>
         <kind>object</kind>
         <file>ulink.obj</file>
         <name>ulink.obj</name>
      </input_file>
      <input_file id="fl-a">
         <path>.\src\usr\</path>
         <kind>object</kind>
         <file>ulink_bridge.obj</file>
         <name>ulink_bridge.obj</name>
      </input_file>
      <input_file id="fl-b">
         <path>.\src\sys\</path>
         <kind>object</kind>
         <file>adc.obj</file>
         <name>adc.obj</name>
      </input_file>
      <input_file id="fl-c">
         <path>.\src\sys\</path>
         <kind>object</kind>
         <file>crc.obj</file>
         <name>crc.obj</name>
      </input_file>
      <input_file id="fl-d">
         <path>.\src\sys\</path>
         <kind>object</kind>
         <file>flash.obj</file>
         <name>flash.obj</name>
      </input_file>
      <input_file id="fl-e">
         <path>.\src\sys\</path>
         <kind>object</kind>
         <file>gpio.obj</file>
         <name>gpio.obj</name>
      </input_file>
      <input_file id="fl-f">
         <path>.\src\sys\</path>
         <kind>object</kind>
         <file>pwm.obj</file>
         <name>pwm.obj</name>
      </input_file>
      <input_file id="fl-10">
         <path>.\src\sys\</path>
         <kind>object</kind>
         <file>systick.obj</file>
         <name>systick.obj</name>
      </input_file>
      <input_file id="fl-11">
         <path>.\src\sys\</path>
         <kind>object</kind>
         <file>tm4c123gh6pm_startup_ccs.obj</file>
         <name>tm4c123gh6pm_startup_ccs.obj</name>
      </input_file>
      <input_file id="fl-12">
         <path>.\src\sys\</path>
         <kind>object</kind>
         <file>uart.obj</file>
         <name>uart.obj</name>
      </input_file>
      <input_file id="fl-13">
         <path>.\src\sys\</path>
         <kind>object</kind>
         <file>watchdog.obj</file>
         <name>watchdog.obj</name>
      </input_file>
      <input_file id="fl-19">
         <path>..\library\</path>
         <kind>archive</kind>
         <file>driverlib.lib</file>
         <name>timer.obj</name>
      </input_file>
      <input_file id="fl-1a">
         <path>..\library\</path>
         <kind>archive</kind>
         <file>driverlib.lib</file>
         <name>sysctl.obj</name>
      </input_file>
      <input_file id="fl-1b">
         <path>..\library\</path>
         <kind>archive</kind>
         <file>driverlib.lib</file>
         <name>interrupt.obj</name>
      </input_file>
      <input_file id="fl-1c">
         <path>..\library\</path>
         <kind>archive</kind>
         <file>driverlib.lib</file>
         <name>cpu.obj</name>
      </input_file>
      <input_file id="fl-13e">
         <path>C:\ti\ccsv6\tools\compiler\ti-cgt-arm_5.2.5\lib\</path>
         <kind>archive</kind>
         <file>rtsv7M4_T_le_v4SPD16_eabi.lib</file>
         <name>boot.obj</name>
      </input_file>
      <input_file id="fl-13f">
         <path>C:\ti\ccsv6\tools\compiler\ti-cgt-arm_5.2.5\lib\</path>
         <kind>archive</kind>
         <file>rtsv7M4_T_le_v4SPD16_eabi.lib</file>
         <name>copy_decompress_none.obj</name>
      </input_file>
      <input_file id="fl-140">
         <path>C:\ti\ccsv6\tools\compiler\ti-cgt-arm_5.2.5\lib\</path>
         <kind>archive</kind>
         <file>rtsv7M4_T_le_v4SPD16_eabi.lib</file>
         <name>copy_decompress_rle.obj</name>
      </input_file>
      <input_file id="fl-141">
         <path>C:\ti\ccsv6\tools\compiler\ti-cgt-arm_5.2.5\lib\</path>
         <kind>archive</kind>
         <file>rtsv7M4_T_le_v4SPD16_eabi.lib</file>
         <name>copy_zero_init.obj</name>
      </input_file>
      <input_file id="fl-142">
         <path>C:\ti\ccsv6\tools\compiler\ti-cgt-arm_5.2.5\lib\</path>
         <kind>archive</kind>
         <file>rtsv7M4_T_le_v4SPD16_eabi.lib</file>
         <name>exit.obj</name>
      </input_file>
      <input_file id="fl-143">
         <path>C:\ti\ccsv6\tools\compiler\ti-cgt-arm_5.2.5\lib\</path>
         <kind>archive</kind>
         <file>rtsv7M4_T_le_v4SPD16_eabi.lib</file>
         <name>memcpy_t2.obj</name>
      </input_file>
      <input_file id="fl-144">
         <path>C:\ti\ccsv6\tools\compiler\ti-cgt-arm_5.2.5\lib\</path>
         <kind>archive</kind>
         <file>rtsv7M4_T_le_v4SPD16_eabi.lib</file>
         <name>memset_t2.obj</name>
      </input_file>
      <input_file id="fl-145">
         <path>C:\ti\ccsv6\tools\compiler\ti-cgt-arm_5.2.5\lib\</path>
         <kind>archive</kind>
         <file>rtsv7M4_T_le_v4SPD16_eabi.lib</file>
         <name>pre_init.obj</name>
      </input_file>
      <input_file id="fl-146">
         <path>C:\ti\ccsv6\tools\compiler\ti-cgt-arm_5.2.5\lib\</path>
         <kind>archive</kind>
         <file>rtsv7M4_T_le_v4SPD16_eabi.lib</file>
         <name>printf.obj</name>
      </input_file>
      <input_file id="fl-147">
         <path>C:\ti\ccsv6\tools\compiler\ti-cgt-arm_5.2.5\lib\</path>
         <kind>archive</kind>
         <file>rtsv7M4_T_le_v4SPD16_eabi.lib</file>
         <name>stkdepth_vars.obj</name>
      </input_file>
      <input_file id="fl-148">
         <path>C:\ti\ccsv6\tools\compiler\ti-cgt-arm_5.2.5\lib\</path>
         <kind>archive</kind>
         <file>rtsv7M4_T_le_v4SPD16_eabi.lib</file>
         <name>_lock.obj</name>
      </input_file>
      <input_file id="fl-149">
         <path>C:\ti\ccsv6\tools\compiler\ti-cgt-arm_5.2.5\lib\</path>
         <kind>archive</kind>
         <file>rtsv7M4_T_le_v4SPD16_eabi.lib</file>
         <name>_printfi.obj</name>
      </input_file>
      <input_file id="fl-14a">
         <path>C:\ti\ccsv6\tools\compiler\ti-cgt-arm_5.2.5\lib\</path>
         <kind>archive</kind>
         <file>rtsv7M4_T_le_v4SPD16_eabi.lib</file>
         <name>args_main.obj</name>
      </input_file>
      <input_file id="fl-14b">
         <path>C:\ti\ccsv6\tools\compiler\ti-cgt-arm_5.2.5\lib\</path>
         <kind>archive</kind>
         <file>rtsv7M4_T_le_v4SPD16_eabi.lib</file>
         <name>atoi.obj</name>
      </input_file>
      <input_file id="fl-14c">
         <path>C:\ti\ccsv6\tools\compiler\ti-cgt-arm_5.2.5\lib\</path>
         <kind>archive</kind>
         <file>rtsv7M4_T_le_v4SPD16_eabi.lib</file>
         <name>autoinit.obj</name>
      </input_file>
      <input_file id="fl-14d">
         <path>C:\ti\ccsv6\tools\compiler\ti-cgt-arm_5.2.5\lib\</path>
         <kind>archive</kind>
         <file>rtsv7M4_T_le_v4SPD16_eabi.lib</file>
         <name>cpy_tbl.obj</name>
      </input_file>
      <input_file id="fl-14e">
         <path>C:\ti\ccsv6\tools\compiler\ti-cgt-arm_5.2.5\lib\</path>
         <kind>archive</kind>
         <file>rtsv7M4_T_le_v4SPD16_eabi.lib</file>
         <name>ctype.obj</name>
      </input_file>
      <input_file id="fl-14f">
         <path>C:\ti\ccsv6\tools\compiler\ti-cgt-arm_5.2.5\lib\</path>
         <kind>archive</kind>
         <file>rtsv7M4_T_le_v4SPD16_eabi.lib</file>
         <name>defs.obj</name>
      </input_file>
      <input_file id="fl-150">
         <path>C:\ti\ccsv6\tools\compiler\ti-cgt-arm_5.2.5\lib\</path>
         <kind>archive</kind>
         <file>rtsv7M4_T_le_v4SPD16_eabi.lib</file>
         <name>fd_add_t2.obj</name>
      </input_file>
      <input_file id="fl-151">
         <path>C:\ti\ccsv6\tools\compiler\ti-cgt-arm_5.2.5\lib\</path>
         <kind>archive</kind>
         <file>rtsv7M4_T_le_v4SPD16_eabi.lib</file>
         <name>fd_cmp_t2.obj</name>
      </input_file>
      <input_file id="fl-152">
         <path>C:\ti\ccsv6\tools\compiler\ti-cgt-arm_5.2.5\lib\</path>
         <kind>archive</kind>
         <file>rtsv7M4_T_le_v4SPD16_eabi.lib</file>
         <name>fd_div_t2.obj</name>
      </input_file>
      <input_file id="fl-153">
         <path>C:\ti\ccsv6\tools\compiler\ti-cgt-arm_5.2.5\lib\</path>
         <kind>archive</kind>
         <file>rtsv7M4_T_le_v4SPD16_eabi.lib</file>
         <name>fd_mul_t2.obj</name>
      </input_file>
      <input_file id="fl-154">
         <path>C:\ti\ccsv6\tools\compiler\ti-cgt-arm_5.2.5\lib\</path>
         <kind>archive</kind>
         <file>rtsv7M4_T_le_v4SPD16_eabi.lib</file>
         <name>fd_toi_t2.obj</name>
      </input_file>
      <input_file id="fl-155">
         <path>C:\ti\ccsv6\tools\compiler\ti-cgt-arm_5.2.5\lib\</path>
         <kind>archive</kind>
         <file>rtsv7M4_T_le_v4SPD16_eabi.lib</file>
         <name>fputc.obj</name>
      </input_file>
      <input_file id="fl-156">
         <path>C:\ti\ccsv6\tools\compiler\ti-cgt-arm_5.2.5\lib\</path>
         <kind>archive</kind>
         <file>rtsv7M4_T_le_v4SPD16_eabi.lib</file>
         <name>fputs.obj</name>
      </input_file>
      <input_file id="fl-157">
         <path>C:\ti\ccsv6\tools\compiler\ti-cgt-arm_5.2.5\lib\</path>
         <kind>archive</kind>
         <file>rtsv7M4_T_le_v4SPD16_eabi.lib</file>
         <name>frexp.obj</name>
      </input_file>
      <input_file id="fl-158">
         <path>C:\ti\ccsv6\tools\compiler\ti-cgt-arm_5.2.5\lib\</path>
         <kind>archive</kind>
         <file>rtsv7M4_T_le_v4SPD16_eabi.lib</file>
         <name>i_tofd_t2.obj</name>
      </input_file>
      <input_file id="fl-159">
         <path>C:\ti\ccsv6\tools\compiler\ti-cgt-arm_5.2.5\lib\</path>
         <kind>archive</kind>
         <file>rtsv7M4_T_le_v4SPD16_eabi.lib</file>
         <name>ldexp.obj</name>
      </input_file>
      <input_file id="fl-15a">
         <path>C:\ti\ccsv6\tools\compiler\ti-cgt-arm_5.2.5\lib\</path>
         <kind>archive</kind>
         <file>rtsv7M4_T_le_v4SPD16_eabi.lib</file>
         <name>lowlev.obj</name>
      </input_file>
      <input_file id="fl-15b">
         <path>C:\ti\ccsv6\tools\compiler\ti-cgt-arm_5.2.5\lib\</path>
         <kind>archive</kind>
         <file>rtsv7M4_T_le_v4SPD16_eabi.lib</file>
         <name>ltoa.obj</name>
      </input_file>
      <input_file id="fl-15c">
         <path>C:\ti\ccsv6\tools\compiler\ti-cgt-arm_5.2.5\lib\</path>
         <kind>archive</kind>
         <file>rtsv7M4_T_le_v4SPD16_eabi.lib</file>
         <name>memccpy.obj</name>
      </input_file>
      <input_file id="fl-15d">
         <path>C:\ti\ccsv6\tools\compiler\ti-cgt-arm_5.2.5\lib\</path>
         <kind>archive</kind>
         <file>rtsv7M4_T_le_v4SPD16_eabi.lib</file>
         <name>memchr.obj</name>
      </input_file>
      <input_file id="fl-15e">
         <path>C:\ti\ccsv6\tools\compiler\ti-cgt-arm_5.2.5\lib\</path>
         <kind>archive</kind>
         <file>rtsv7M4_T_le_v4SPD16_eabi.lib</file>
         <name>strchr.obj</name>
      </input_file>
      <input_file id="fl-15f">
         <path>C:\ti\ccsv6\tools\compiler\ti-cgt-arm_5.2.5\lib\</path>
         <kind>archive</kind>
         <file>rtsv7M4_T_le_v4SPD16_eabi.lib</file>
         <name>strcmp.obj</name>
      </input_file>
      <input_file id="fl-160">
         <path>C:\ti\ccsv6\tools\compiler\ti-cgt-arm_5.2.5\lib\</path>
         <kind>archive</kind>
         <file>rtsv7M4_T_le_v4SPD16_eabi.lib</file>
         <name>strlen.obj</name>
      </input_file>
      <input_file id="fl-161">
         <path>C:\ti\ccsv6\tools\compiler\ti-cgt-arm_5.2.5\lib\</path>
         <kind>archive</kind>
         <file>rtsv7M4_T_le_v4SPD16_eabi.lib</file>
         <name>strncpy.obj</name>
      </input_file>
      <input_file id="fl-162">
         <path>C:\ti\ccsv6\tools\compiler\ti-cgt-arm_5.2.5\lib\</path>
         <kind>archive</kind>
         <file>rtsv7M4_T_le_v4SPD16_eabi.lib</file>
         <name>trgdrv.obj</name>
      </input_file>
      <input_file id="fl-163">
         <path>C:\ti\ccsv6\tools\compiler\ti-cgt-arm_5.2.5\lib\</path>
         <kind>archive</kind>
         <file>rtsv7M4_T_le_v4SPD16_eabi.lib</file>
         <name>trgmsg.obj</name>
      </input_file>
      <input_file id="fl-164">
         <path>C:\ti\ccsv6\tools\compiler\ti-cgt-arm_5.2.5\lib\</path>
         <kind>archive</kind>
         <file>rtsv7M4_T_le_v4SPD16_eabi.lib</file>
         <name>ull_div_t2.obj</name>
      </input_file>
      <input_file id="fl-165">
         <path>C:\ti\ccsv6\tools\compiler\ti-cgt-arm_5.2.5\lib\</path>
         <kind>archive</kind>
         <file>rtsv7M4_T_le_v4SPD16_eabi.lib</file>
         <name>xdclass.obj</name>
      </input_file>
      <input_file id="fl-166">
         <path>C:\ti\ccsv6\tools\compiler\ti-cgt-arm_5.2.5\lib\</path>
         <kind>archive</kind>
         <file>rtsv7M4_T_le_v4SPD16_eabi.lib</file>
         <name>xdscale.obj</name>
      </input_file>
      <input_file id="fl-167">
         <path>C:\ti\ccsv6\tools\compiler\ti-cgt-arm_5.2.5\lib\</path>
         <kind>archive</kind>
         <file>rtsv7M4_T_le_v4SPD16_eabi.lib</file>
         <name>xdunscal.obj</name>
      </input_file>
      <input_file id="fl-168">
         <path>C:\ti\ccsv6\tools\compiler\ti-cgt-arm_5.2.5\lib\</path>
         <kind>archive</kind>
         <file>rtsv7M4_T_le_v4SPD16_eabi.lib</file>
         <name>xferaise.obj</name>
      </input_file>
      <input_file id="fl-169">
         <path>C:\ti\ccsv6\tools\compiler\ti-cgt-arm_5.2.5\lib\</path>
         <kind>archive</kind>
         <file>rtsv7M4_T_le_v4SPD16_eabi.lib</file>
         <name>xvalues.obj</name>
      </input_file>
      <input_file id="fl-16a">
         <path>C:\ti\ccsv6\tools\compiler\ti-cgt-arm_5.2.5\lib\</path>
         <kind>archive</kind>
         <file>rtsv7M4_T_le_v4SPD16_eabi.lib</file>
         <name>_io_perm.obj</name>
      </input_file>
      <input_file id="fl-16b">
         <path>C:\ti\ccsv6\tools\compiler\ti-cgt-arm_5.2.5\lib\</path>
         <kind>archive</kind>
         <file>rtsv7M4_T_le_v4SPD16_eabi.lib</file>
         <name>errno.obj</name>
      </input_file>
      <input_file id="fl-16c">
         <path>C:\ti\ccsv6\tools\compiler\ti-cgt-arm_5.2.5\lib\</path>
         <kind>archive</kind>
         <file>rtsv7M4_T_le_v4SPD16_eabi.lib</file>
         <name>feraiseexcept.obj</name>
      </input_file>
      <input_file id="fl-16d">
         <path>C:\ti\ccsv6\tools\compiler\ti-cgt-arm_5.2.5\lib\</path>
         <kind>archive</kind>
         <file>rtsv7M4_T_le_v4SPD16_eabi.lib</file>
         <name>fflush.obj</name>
      </input_file>
      <input_file id="fl-16e">
         <path>C:\ti\ccsv6\tools\compiler\ti-cgt-arm_5.2.5\lib\</path>
         <kind>archive</kind>
         <file>rtsv7M4_T_le_v4SPD16_eabi.lib</file>
         <name>fseek.obj</name>
      </input_file>
      <input_file id="fl-16f">
         <path>C:\ti\ccsv6\tools\compiler\ti-cgt-arm_5.2.5\lib\</path>
         <kind>archive</kind>
         <file>rtsv7M4_T_le_v4SPD16_eabi.lib</file>
         <name>raise.obj</name>
      </input_file>
      <input_file id="fl-170">
         <path>C:\ti\ccsv6\tools\compiler\ti-cgt-arm_5.2.5\lib\</path>
         <kind>archive</kind>
         <file>rtsv7M4_T_le_v4SPD16_eabi.lib</file>
         <name>setvbuf.obj</name>
      </input_file>
      <input_file id="fl-171">
         <path>C:\ti\ccsv6\tools\compiler\ti-cgt-arm_5.2.5\lib\</path>
         <kind>archive</kind>
         <file>rtsv7M4_T_le_v4SPD16_eabi.lib</file>
         <name>signal.obj</name>
      </input_file>
      <input_file id="fl-172">
         <path>C:\ti\ccsv6\tools\compiler\ti-cgt-arm_5.2.5\lib\</path>
         <kind>archive</kind>
         <file>rtsv7M4_T_le_v4SPD16_eabi.lib</file>
         <name>strcpy.obj</name>
      </input_file>
      <input_file id="fl-173">
         <path>C:\ti\ccsv6\tools\compiler\ti-cgt-arm_5.2.5\lib\</path>
         <kind>archive</kind>
         <file>rtsv7M4_T_le_v4SPD16_eabi.lib</file>
         <name>xdnorm.obj</name>
      </input_file>
      <input_file id="fl-174">
         <path>C:\ti\ccsv6\tools\compiler\ti-cgt-arm_5.2.5\lib\</path>
         <kind>archive</kind>
         <file>rtsv7M4_T_le_v4SPD16_eabi.lib</file>
         <name>fopen.obj</name>
      </input_file>
      <input_file id="fl-175">
         <path>C:\ti\ccsv6\tools\compiler\ti-cgt-arm_5.2.5\lib\</path>
         <kind>archive</kind>
         <file>rtsv7M4_T_le_v4SPD16_eabi.lib</file>
         <name>memory.obj</name>
      </input_file>
      <input_file id="fl-176">
         <path>C:\ti\ccsv6\tools\compiler\ti-cgt-arm_5.2.5\lib\</path>
         <kind>archive</kind>
         <file>rtsv7M4_T_le_v4SPD16_eabi.lib</file>
         <name>fclose.obj</name>
      </input_file>
      <input_file id="fl-177">
         <path>C:\ti\ccsv6\tools\compiler\ti-cgt-arm_5.2.5\lib\</path>
         <kind>archive</kind>
         <file>rtsv7M4_T_le_v4SPD16_eabi.lib</file>
         <name>remove.obj</name>
      </input_file>
   </input_file_list>
   <object_component_list>
      <object_component id="oc-f">
         <name>.intvecs</name>
         <load_address>0x0</load_address>
         <run_address>0x0</run_address>
         <size>0x26c</size>
         <input_file_ref idref="fl-11"/>
      </object_component>
      <object_component id="oc-238">
         <name>.text</name>
         <load_address>0x26c</load_address>
         <run_address>0x26c</run_address>
         <size>0x10ba</size>
         <input_file_ref idref="fl-149"/>
      </object_component>
      <object_component id="oc-187">
         <name>.text:_IntDefaultHandler</name>
         <load_address>0x1326</load_address>
         <run_address>0x1326</run_address>
         <size>0x2</size>
         <input_file_ref idref="fl-1b"/>
      </object_component>
      <object_component id="oc-142">
         <name>.text</name>
         <load_address>0x1328</load_address>
         <run_address>0x1328</run_address>
         <size>0xb98</size>
         <input_file_ref idref="fl-e"/>
      </object_component>
      <object_component id="oc-82">
         <name>.text</name>
         <load_address>0x1ec0</load_address>
         <run_address>0x1ec0</run_address>
         <size>0x622</size>
         <input_file_ref idref="fl-12"/>
      </object_component>
      <object_component id="oc-130">
         <name>.text</name>
         <load_address>0x24e4</load_address>
         <run_address>0x24e4</run_address>
         <size>0x61c</size>
         <input_file_ref idref="fl-4"/>
      </object_component>
      <object_component id="oc-14e">
         <name>.text</name>
         <load_address>0x2b00</load_address>
         <run_address>0x2b00</run_address>
         <size>0x448</size>
         <input_file_ref idref="fl-9"/>
      </object_component>
      <object_component id="oc-343">
         <name>.text</name>
         <load_address>0x2f48</load_address>
         <run_address>0x2f48</run_address>
         <size>0x3dc</size>
         <input_file_ref idref="fl-175"/>
      </object_component>
      <object_component id="oc-258">
         <name>.text</name>
         <load_address>0x3324</load_address>
         <run_address>0x3324</run_address>
         <size>0x30c</size>
         <input_file_ref idref="fl-15a"/>
      </object_component>
      <object_component id="oc-360">
         <name>.text</name>
         <load_address>0x3630</load_address>
         <run_address>0x3630</run_address>
         <size>0x2d4</size>
         <input_file_ref idref="fl-162"/>
      </object_component>
      <object_component id="oc-26e">
         <name>.text</name>
         <load_address>0x3904</load_address>
         <run_address>0x3904</run_address>
         <size>0x1f4</size>
         <input_file_ref idref="fl-164"/>
      </object_component>
      <object_component id="oc-349">
         <name>.text</name>
         <load_address>0x3af8</load_address>
         <run_address>0x3af8</run_address>
         <size>0x1c4</size>
         <input_file_ref idref="fl-174"/>
      </object_component>
      <object_component id="oc-297">
         <name>.text</name>
         <load_address>0x3cbc</load_address>
         <run_address>0x3cbc</run_address>
         <size>0x1b6</size>
         <input_file_ref idref="fl-150"/>
      </object_component>
      <object_component id="oc-33">
         <name>.text</name>
         <load_address>0x3e74</load_address>
         <run_address>0x3e74</run_address>
         <size>0x190</size>
         <input_file_ref idref="fl-5"/>
      </object_component>
      <object_component id="oc-27d">
         <name>.text</name>
         <load_address>0x4004</load_address>
         <run_address>0x4004</run_address>
         <size>0x136</size>
         <input_file_ref idref="fl-152"/>
      </object_component>
      <object_component id="oc-232">
         <name>.text</name>
         <load_address>0x413c</load_address>
         <run_address>0x413c</run_address>
         <size>0x134</size>
         <input_file_ref idref="fl-156"/>
      </object_component>
      <object_component id="oc-c3">
         <name>.text</name>
         <load_address>0x4270</load_address>
         <run_address>0x4270</run_address>
         <size>0x110</size>
         <input_file_ref idref="fl-2"/>
      </object_component>
      <object_component id="oc-31f">
         <name>.text</name>
         <load_address>0x4380</load_address>
         <run_address>0x4380</run_address>
         <size>0x110</size>
         <input_file_ref idref="fl-166"/>
      </object_component>
      <object_component id="oc-12a">
         <name>.text:SysCtlClockSet</name>
         <load_address>0x4490</load_address>
         <run_address>0x4490</run_address>
         <size>0x104</size>
         <input_file_ref idref="fl-1a"/>
      </object_component>
      <object_component id="oc-278">
         <name>.text</name>
         <load_address>0x4594</load_address>
         <run_address>0x4594</run_address>
         <size>0xfc</size>
         <input_file_ref idref="fl-153"/>
      </object_component>
      <object_component id="oc-2e1">
         <name>.text</name>
         <load_address>0x4690</load_address>
         <run_address>0x4690</run_address>
         <size>0xdc</size>
         <input_file_ref idref="fl-170"/>
      </object_component>
      <object_component id="oc-1a8">
         <name>.text:SysCtlClockGet</name>
         <load_address>0x476c</load_address>
         <run_address>0x476c</run_address>
         <size>0xc8</size>
         <input_file_ref idref="fl-1a"/>
      </object_component>
      <object_component id="oc-252">
         <name>.text</name>
         <load_address>0x4834</load_address>
         <run_address>0x4834</run_address>
         <size>0xc8</size>
         <input_file_ref idref="fl-16d"/>
      </object_component>
      <object_component id="oc-375">
         <name>.text</name>
         <load_address>0x48fc</load_address>
         <run_address>0x48fc</run_address>
         <size>0xbe</size>
         <input_file_ref idref="fl-173"/>
      </object_component>
      <object_component id="oc-24c">
         <name>.text</name>
         <load_address>0x49ba</load_address>
         <run_address>0x49ba</run_address>
         <size>0xac</size>
         <input_file_ref idref="fl-16a"/>
      </object_component>
      <object_component id="oc-148">
         <name>.text</name>
         <load_address>0x4a66</load_address>
         <run_address>0x4a66</run_address>
         <size>0xaa</size>
         <input_file_ref idref="fl-3"/>
      </object_component>
      <object_component id="oc-3c">
         <name>.text</name>
         <load_address>0x4b10</load_address>
         <run_address>0x4b10</run_address>
         <size>0x9c</size>
         <input_file_ref idref="fl-143"/>
      </object_component>
      <object_component id="oc-3a1">
         <name>.text</name>
         <load_address>0x4bac</load_address>
         <run_address>0x4bac</run_address>
         <size>0x98</size>
         <input_file_ref idref="fl-176"/>
      </object_component>
      <object_component id="oc-22c">
         <name>.text</name>
         <load_address>0x4c44</load_address>
         <run_address>0x4c44</run_address>
         <size>0x98</size>
         <input_file_ref idref="fl-155"/>
      </object_component>
      <object_component id="oc-273">
         <name>.text:__aeabi_cdcmple</name>
         <load_address>0x4cdc</load_address>
         <run_address>0x4cdc</run_address>
         <size>0x86</size>
         <input_file_ref idref="fl-151"/>
      </object_component>
      <object_component id="oc-282">
         <name>.text:__aeabi_cdrcmple</name>
         <load_address>0x4d62</load_address>
         <run_address>0x4d62</run_address>
         <size>0x86</size>
         <input_file_ref idref="fl-151"/>
      </object_component>
      <object_component id="oc-55">
         <name>.text</name>
         <load_address>0x4de8</load_address>
         <run_address>0x4de8</run_address>
         <size>0x7a</size>
         <input_file_ref idref="fl-144"/>
      </object_component>
      <object_component id="oc-1e5">
         <name>.text</name>
         <load_address>0x4e64</load_address>
         <run_address>0x4e64</run_address>
         <size>0x70</size>
         <input_file_ref idref="fl-146"/>
      </object_component>
      <object_component id="oc-67">
         <name>.text</name>
         <load_address>0x4ed4</load_address>
         <run_address>0x4ed4</run_address>
         <size>0x6c</size>
         <input_file_ref idref="fl-14c"/>
      </object_component>
      <object_component id="oc-48">
         <name>.text</name>
         <load_address>0x4f40</load_address>
         <run_address>0x4f40</run_address>
         <size>0x6a</size>
         <input_file_ref idref="fl-140"/>
      </object_component>
      <object_component id="oc-3b0">
         <name>.text</name>
         <load_address>0x4fac</load_address>
         <run_address>0x4fac</run_address>
         <size>0x68</size>
         <input_file_ref idref="fl-163"/>
      </object_component>
      <object_component id="oc-317">
         <name>.text</name>
         <load_address>0x5014</load_address>
         <run_address>0x5014</run_address>
         <size>0x66</size>
         <input_file_ref idref="fl-167"/>
      </object_component>
      <object_component id="oc-2db">
         <name>.text</name>
         <load_address>0x507c</load_address>
         <run_address>0x507c</run_address>
         <size>0x64</size>
         <input_file_ref idref="fl-16e"/>
      </object_component>
      <object_component id="oc-f7">
         <name>.text:IntDisable</name>
         <load_address>0x50e0</load_address>
         <run_address>0x50e0</run_address>
         <size>0x60</size>
         <input_file_ref idref="fl-1b"/>
      </object_component>
      <object_component id="oc-f1">
         <name>.text:IntEnable</name>
         <load_address>0x5140</load_address>
         <run_address>0x5140</run_address>
         <size>0x60</size>
         <input_file_ref idref="fl-1b"/>
      </object_component>
      <object_component id="oc-154">
         <name>.text</name>
         <load_address>0x51a0</load_address>
         <run_address>0x51a0</run_address>
         <size>0x60</size>
         <input_file_ref idref="fl-8"/>
      </object_component>
      <object_component id="oc-1ae">
         <name>.text:TimerConfigure</name>
         <load_address>0x5200</load_address>
         <run_address>0x5200</run_address>
         <size>0x5c</size>
         <input_file_ref idref="fl-19"/>
      </object_component>
      <object_component id="oc-1ba">
         <name>.text:TimerControlTrigger</name>
         <load_address>0x525c</load_address>
         <run_address>0x525c</run_address>
         <size>0x58</size>
         <input_file_ref idref="fl-19"/>
      </object_component>
      <object_component id="oc-13c">
         <name>.text</name>
         <load_address>0x52b4</load_address>
         <run_address>0x52b4</run_address>
         <size>0x58</size>
         <input_file_ref idref="fl-7"/>
      </object_component>
      <object_component id="oc-28c">
         <name>.text</name>
         <load_address>0x530c</load_address>
         <run_address>0x530c</run_address>
         <size>0x56</size>
         <input_file_ref idref="fl-15b"/>
      </object_component>
      <object_component id="oc-2a2">
         <name>.text</name>
         <load_address>0x5362</load_address>
         <run_address>0x5362</run_address>
         <size>0x52</size>
         <input_file_ref idref="fl-159"/>
      </object_component>
      <object_component id="oc-24">
         <name>.text</name>
         <load_address>0x53b4</load_address>
         <run_address>0x53b4</run_address>
         <size>0x50</size>
         <input_file_ref idref="fl-13e"/>
      </object_component>
      <object_component id="oc-2ba">
         <name>.text</name>
         <load_address>0x5404</load_address>
         <run_address>0x5404</run_address>
         <size>0x4c</size>
         <input_file_ref idref="fl-14b"/>
      </object_component>
      <object_component id="oc-bb">
         <name>.text</name>
         <load_address>0x5450</load_address>
         <run_address>0x5450</run_address>
         <size>0x4c</size>
         <input_file_ref idref="fl-14d"/>
      </object_component>
      <object_component id="oc-287">
         <name>.text</name>
         <load_address>0x549c</load_address>
         <run_address>0x549c</run_address>
         <size>0x48</size>
         <input_file_ref idref="fl-154"/>
      </object_component>
      <object_component id="oc-73">
         <name>.text</name>
         <load_address>0x54e4</load_address>
         <run_address>0x54e4</run_address>
         <size>0x44</size>
         <input_file_ref idref="fl-142"/>
      </object_component>
      <object_component id="oc-3f4">
         <name>.text</name>
         <load_address>0x5528</load_address>
         <run_address>0x5528</run_address>
         <size>0x40</size>
         <input_file_ref idref="fl-171"/>
      </object_component>
      <object_component id="oc-eb">
         <name>.text:IntRegister</name>
         <load_address>0x5568</load_address>
         <run_address>0x5568</run_address>
         <size>0x34</size>
         <input_file_ref idref="fl-1b"/>
      </object_component>
      <object_component id="oc-1a2">
         <name>.text:SysCtlPeripheralEnable</name>
         <load_address>0x559c</load_address>
         <run_address>0x559c</run_address>
         <size>0x34</size>
         <input_file_ref idref="fl-1a"/>
      </object_component>
      <object_component id="oc-384">
         <name>.text</name>
         <load_address>0x55d0</load_address>
         <run_address>0x55d0</run_address>
         <size>0x34</size>
         <input_file_ref idref="fl-16c"/>
      </object_component>
      <object_component id="oc-2f4">
         <name>.text</name>
         <load_address>0x5604</load_address>
         <run_address>0x5604</run_address>
         <size>0x30</size>
         <input_file_ref idref="fl-161"/>
      </object_component>
      <object_component id="oc-2ae">
         <name>.text</name>
         <load_address>0x5634</load_address>
         <run_address>0x5634</run_address>
         <size>0x30</size>
         <input_file_ref idref="fl-165"/>
      </object_component>
      <object_component id="oc-325">
         <name>.text</name>
         <load_address>0x5664</load_address>
         <run_address>0x5664</run_address>
         <size>0x30</size>
         <input_file_ref idref="fl-168"/>
      </object_component>
      <object_component id="oc-292">
         <name>.text</name>
         <load_address>0x5694</load_address>
         <run_address>0x5694</run_address>
         <size>0x2e</size>
         <input_file_ref idref="fl-158"/>
      </object_component>
      <object_component id="oc-3d2">
         <name>.text</name>
         <load_address>0x56c2</load_address>
         <run_address>0x56c2</run_address>
         <size>0x2e</size>
         <input_file_ref idref="fl-16f"/>
      </object_component>
      <object_component id="oc-29c">
         <name>.text</name>
         <load_address>0x56f0</load_address>
         <run_address>0x56f0</run_address>
         <size>0x2a</size>
         <input_file_ref idref="fl-157"/>
      </object_component>
      <object_component id="oc-266">
         <name>.text</name>
         <load_address>0x571a</load_address>
         <run_address>0x571a</run_address>
         <size>0x20</size>
         <input_file_ref idref="fl-15d"/>
      </object_component>
      <object_component id="oc-2b4">
         <name>.text</name>
         <load_address>0x573a</load_address>
         <run_address>0x573a</run_address>
         <size>0x1c</size>
         <input_file_ref idref="fl-15c"/>
      </object_component>
      <object_component id="oc-6d">
         <name>.text</name>
         <load_address>0x5758</load_address>
         <run_address>0x5758</run_address>
         <size>0x18</size>
         <input_file_ref idref="fl-14a"/>
      </object_component>
      <object_component id="oc-2ee">
         <name>.text</name>
         <load_address>0x5770</load_address>
         <run_address>0x5770</run_address>
         <size>0x18</size>
         <input_file_ref idref="fl-15f"/>
      </object_component>
      <object_component id="oc-2a8">
         <name>.text</name>
         <load_address>0x5788</load_address>
         <run_address>0x5788</run_address>
         <size>0x16</size>
         <input_file_ref idref="fl-15e"/>
      </object_component>
      <object_component id="oc-fd">
         <name>.text:IntUnregister</name>
         <load_address>0x57a0</load_address>
         <run_address>0x57a0</run_address>
         <size>0x14</size>
         <input_file_ref idref="fl-1b"/>
      </object_component>
      <object_component id="oc-169">
         <name>.text</name>
         <load_address>0x57b4</load_address>
         <run_address>0x57b4</run_address>
         <size>0x14</size>
         <input_file_ref idref="fl-148"/>
      </object_component>
      <object_component id="oc-3b6">
         <name>.text</name>
         <load_address>0x57c8</load_address>
         <run_address>0x57c8</run_address>
         <size>0x14</size>
         <input_file_ref idref="fl-172"/>
      </object_component>
      <object_component id="oc-260">
         <name>.text</name>
         <load_address>0x57dc</load_address>
         <run_address>0x57dc</run_address>
         <size>0x14</size>
         <input_file_ref idref="fl-160"/>
      </object_component>
      <object_component id="oc-1b4">
         <name>.text:TimerLoadSet</name>
         <load_address>0x57f0</load_address>
         <run_address>0x57f0</run_address>
         <size>0x12</size>
         <input_file_ref idref="fl-19"/>
      </object_component>
      <object_component id="oc-1c6">
         <name>.text:TimerEnable</name>
         <load_address>0x5802</load_address>
         <run_address>0x5802</run_address>
         <size>0xe</size>
         <input_file_ref idref="fl-19"/>
      </object_component>
      <object_component id="oc-12">
         <name>.text:decompress:none</name>
         <load_address>0x5810</load_address>
         <run_address>0x5810</run_address>
         <size>0xe</size>
         <input_file_ref idref="fl-13f"/>
      </object_component>
      <object_component id="oc-1cd">
         <name>.text:CPUcpsie</name>
         <load_address>0x581e</load_address>
         <run_address>0x581e</run_address>
         <size>0xc</size>
         <input_file_ref idref="fl-1c"/>
      </object_component>
      <object_component id="oc-1e">
         <name>.text:decompress:ZI</name>
         <load_address>0x582a</load_address>
         <run_address>0x582a</run_address>
         <size>0xc</size>
         <input_file_ref idref="fl-141"/>
      </object_component>
      <object_component id="oc-2d">
         <name>.text</name>
         <load_address>0x5836</load_address>
         <run_address>0x5836</run_address>
         <size>0xc</size>
         <input_file_ref idref="fl-11"/>
      </object_component>
      <object_component id="oc-136">
         <name>.text:IntMasterEnable</name>
         <load_address>0x5842</load_address>
         <run_address>0x5842</run_address>
         <size>0xa</size>
         <input_file_ref idref="fl-1b"/>
      </object_component>
      <object_component id="oc-1c0">
         <name>.text:TimerIntEnable</name>
         <load_address>0x584c</load_address>
         <run_address>0x584c</run_address>
         <size>0x8</size>
         <input_file_ref idref="fl-19"/>
      </object_component>
      <object_component id="oc-19f">
         <name>.text:SysCtlDelay</name>
         <load_address>0x5854</load_address>
         <run_address>0x5854</run_address>
         <size>0x6</size>
         <input_file_ref idref="fl-1a"/>
      </object_component>
      <object_component id="oc-18">
         <name>.text:decompress:rle24</name>
         <load_address>0x585a</load_address>
         <run_address>0x585a</run_address>
         <size>0x6</size>
         <input_file_ref idref="fl-140"/>
      </object_component>
      <object_component id="oc-88">
         <name>.text:TimerIntClear</name>
         <load_address>0x5860</load_address>
         <run_address>0x5860</run_address>
         <size>0x4</size>
         <input_file_ref idref="fl-19"/>
      </object_component>
      <object_component id="oc-61">
         <name>.text</name>
         <load_address>0x5864</load_address>
         <run_address>0x5864</run_address>
         <size>0x4</size>
         <input_file_ref idref="fl-145"/>
      </object_component>
      <object_component id="oc-333">
         <name>.const:.string:_ctypes_</name>
         <load_address>0x5868</load_address>
         <run_address>0x5868</run_address>
         <size>0x101</size>
         <input_file_ref idref="fl-14e"/>
      </object_component>
      <object_component id="oc-1d5">
         <name>.const:g_ppui32GPIOIntMapBlizzard</name>
         <load_address>0x596c</load_address>
         <run_address>0x596c</run_address>
         <size>0xc0</size>
         <input_file_ref idref="fl-e"/>
      </object_component>
      <object_component id="oc-1db">
         <name>.const:g_ppui32GPIOIntMapSnowflake</name>
         <load_address>0x5a2c</load_address>
         <run_address>0x5a2c</run_address>
         <size>0xc0</size>
         <input_file_ref idref="fl-e"/>
      </object_component>
      <object_component id="oc-1de">
         <name>.const:g_pui32GPIOBaseAddrs</name>
         <load_address>0x5aec</load_address>
         <run_address>0x5aec</run_address>
         <size>0x90</size>
         <input_file_ref idref="fl-e"/>
      </object_component>
      <object_component id="oc-182">
         <name>.const</name>
         <load_address>0x5b7c</load_address>
         <run_address>0x5b7c</run_address>
         <size>0x70</size>
         <input_file_ref idref="fl-1b"/>
      </object_component>
      <object_component id="oc-216">
         <name>.const:g_pui32Xtals</name>
         <load_address>0x5bec</load_address>
         <run_address>0x5bec</run_address>
         <size>0x6c</size>
         <input_file_ref idref="fl-1a"/>
      </object_component>
      <object_component id="oc-e2">
         <name>.const:g_ppui32UARTIntMap</name>
         <load_address>0x5c58</load_address>
         <run_address>0x5c58</run_address>
         <size>0x40</size>
         <input_file_ref idref="fl-12"/>
      </object_component>
      <object_component id="oc-e8">
         <name>.const:g_ppui32UARTIntMapSnowflake</name>
         <load_address>0x5c98</load_address>
         <run_address>0x5c98</run_address>
         <size>0x40</size>
         <input_file_ref idref="fl-12"/>
      </object_component>
      <object_component id="oc-1d8">
         <name>.const</name>
         <load_address>0x5cd8</load_address>
         <run_address>0x5cd8</run_address>
         <size>0x8</size>
         <input_file_ref idref="fl-e"/>
      </object_component>
      <object_component id="oc-e5">
         <name>.const</name>
         <load_address>0x5ce0</load_address>
         <run_address>0x5ce0</run_address>
         <size>0x8</size>
         <input_file_ref idref="fl-12"/>
      </object_component>
      <object_component id="oc-445">
         <name>.cinit..data.load</name>
         <load_address>0x5ce8</load_address>
         <run_address>0x5ce8</run_address>
         <size>0xae</size>
      </object_component>
      <object_component id="oc-442">
         <name>__TI_handler_table</name>
         <load_address>0x5d98</load_address>
         <run_address>0x5d98</run_address>
         <size>0xc</size>
      </object_component>
      <object_component id="oc-446">
         <name>.cinit..bss.load</name>
         <load_address>0x5da8</load_address>
         <run_address>0x5da8</run_address>
         <size>0x8</size>
      </object_component>
      <object_component id="oc-444">
         <name>.cinit..vtable.load</name>
         <load_address>0x5db0</load_address>
         <run_address>0x5db0</run_address>
         <size>0x8</size>
      </object_component>
      <object_component id="oc-443">
         <name>__TI_cinit_table</name>
         <load_address>0x5db8</load_address>
         <run_address>0x5db8</run_address>
         <size>0x18</size>
      </object_component>
      <object_component id="oc-17d">
         <name>.vtable</name>
         <uninitialized>true</uninitialized>
         <run_address>0x20000000</run_address>
         <size>0x26c</size>
         <input_file_ref idref="fl-1b"/>
      </object_component>
      <object_component id="oc-2a">
         <name>.sysmem</name>
         <uninitialized>true</uninitialized>
         <run_address>0x20000d68</run_address>
         <size>0x8</size>
         <input_file_ref idref="fl-175"/>
      </object_component>
      <object_component id="oc-448">
         <name>.sysmem</name>
         <uninitialized>true</uninitialized>
         <run_address>0x20000d68</run_address>
         <size>0x0</size>
      </object_component>
      <object_component id="oc-29">
         <name>.stack</name>
         <uninitialized>true</uninitialized>
         <run_address>0x20000bd4</run_address>
         <size>0x0</size>
         <input_file_ref idref="fl-13e"/>
      </object_component>
      <object_component id="oc-447">
         <name>.stack</name>
         <uninitialized>true</uninitialized>
         <run_address>0x20000bd4</run_address>
         <size>0x0</size>
      </object_component>
      <object_component id="oc-1ec">
         <name>.bss:uart_rx_buffer</name>
         <uninitialized>true</uninitialized>
         <run_address>0x2000026c</run_address>
         <size>0x210</size>
         <input_file_ref idref="fl-9"/>
      </object_component>
      <object_component id="oc-15e">
         <name>.bss:uart_tx_buffer</name>
         <uninitialized>true</uninitialized>
         <run_address>0x2000047c</run_address>
         <size>0x210</size>
         <input_file_ref idref="fl-9"/>
      </object_component>
      <object_component id="oc-3e2">
         <name>.bss:__TI_tmpnams</name>
         <uninitialized>true</uninitialized>
         <run_address>0x200007ac</run_address>
         <size>0xa0</size>
         <input_file_ref idref="fl-14f"/>
      </object_component>
      <object_component id="oc-3e9">
         <name>.bss:__CIOBUF_</name>
         <uninitialized>true</uninitialized>
         <run_address>0x2000068c</run_address>
         <size>0x120</size>
         <input_file_ref idref="fl-163"/>
      </object_component>
      <object_component id="oc-98">
         <name>.common:adc0_buffer</name>
         <uninitialized>true</uninitialized>
         <run_address>0x2000085c</run_address>
         <size>0xc</size>
      </object_component>
      <object_component id="oc-99">
         <name>.common:adc1_buffer</name>
         <uninitialized>true</uninitialized>
         <run_address>0x20000868</run_address>
         <size>0xc</size>
      </object_component>
      <object_component id="oc-94">
         <name>.common:delta</name>
         <uninitialized>true</uninitialized>
         <run_address>0x20000884</run_address>
         <size>0x4</size>
      </object_component>
      <object_component id="oc-91">
         <name>.common:wt1cpp0_tav_buffer</name>
         <uninitialized>true</uninitialized>
         <run_address>0x20000890</run_address>
         <size>0x4</size>
      </object_component>
      <object_component id="oc-1f7">
         <name>.common:returnval$2</name>
         <uninitialized>true</uninitialized>
         <run_address>0x20000882</run_address>
         <size>0x1</size>
      </object_component>
      <object_component id="oc-8e">
         <name>.common:g_uart0_data</name>
         <uninitialized>true</uninitialized>
         <run_address>0x2000088c</run_address>
         <size>0x4</size>
      </object_component>
      <object_component id="oc-15a">
         <name>.common:g_tx_buffer_uart</name>
         <uninitialized>true</uninitialized>
         <run_address>0x20000888</run_address>
         <size>0x4</size>
      </object_component>
      <object_component id="oc-15b">
         <name>.common:dp</name>
         <uninitialized>true</uninitialized>
         <run_address>0x2000084c</run_address>
         <size>0xe</size>
      </object_component>
      <object_component id="oc-1ef">
         <name>.common:command</name>
         <uninitialized>true</uninitialized>
         <run_address>0x2000087c</run_address>
         <size>0x6</size>
      </object_component>
      <object_component id="oc-1eb">
         <name>.common:ulink_system</name>
         <uninitialized>true</uninitialized>
         <run_address>0x2000085a</run_address>
         <size>0x2</size>
      </object_component>
      <object_component id="oc-3bc">
         <name>.common:parmbuf</name>
         <uninitialized>true</uninitialized>
         <run_address>0x20000874</run_address>
         <size>0x8</size>
      </object_component>
      <object_component id="oc-95">
         <name>.data</name>
         <load_address>0x20000ba4</load_address>
         <run_address>0x20000ba4</run_address>
         <size>0x8</size>
         <input_file_ref idref="fl-5"/>
      </object_component>
      <object_component id="oc-1f0">
         <name>.data</name>
         <load_address>0x20000bd0</load_address>
         <run_address>0x20000bd0</run_address>
         <size>0x2</size>
         <input_file_ref idref="fl-9"/>
      </object_component>
      <object_component id="oc-ce">
         <name>.data</name>
         <load_address>0x20000bb4</load_address>
         <run_address>0x20000bb4</run_address>
         <size>0x8</size>
         <input_file_ref idref="fl-142"/>
      </object_component>
      <object_component id="oc-79">
         <name>.data</name>
         <load_address>0x20000bcc</load_address>
         <run_address>0x20000bcc</run_address>
         <size>0x4</size>
         <input_file_ref idref="fl-147"/>
      </object_component>
      <object_component id="oc-cb">
         <name>.data</name>
         <load_address>0x20000bac</load_address>
         <run_address>0x20000bac</run_address>
         <size>0x8</size>
         <input_file_ref idref="fl-148"/>
      </object_component>
      <object_component id="oc-23e">
         <name>.data:_ftable</name>
         <load_address>0x20000898</load_address>
         <run_address>0x20000898</run_address>
         <size>0xf0</size>
         <input_file_ref idref="fl-14f"/>
      </object_component>
      <object_component id="oc-2e9">
         <name>.data</name>
         <load_address>0x20000b88</load_address>
         <run_address>0x20000b88</run_address>
         <size>0x10</size>
         <input_file_ref idref="fl-14f"/>
      </object_component>
      <object_component id="oc-2fa">
         <name>.data</name>
         <load_address>0x20000988</load_address>
         <run_address>0x20000988</run_address>
         <size>0xd0</size>
         <input_file_ref idref="fl-15a"/>
      </object_component>
      <object_component id="oc-37f">
         <name>.data</name>
         <load_address>0x20000b08</load_address>
         <run_address>0x20000b08</run_address>
         <size>0x80</size>
         <input_file_ref idref="fl-169"/>
      </object_component>
      <object_component id="oc-38a">
         <name>.data</name>
         <load_address>0x20000bc4</load_address>
         <run_address>0x20000bc4</run_address>
         <size>0x4</size>
         <input_file_ref idref="fl-16b"/>
      </object_component>
      <object_component id="oc-3d8">
         <name>.data</name>
         <load_address>0x20000bbc</load_address>
         <run_address>0x20000bbc</run_address>
         <size>0x8</size>
         <input_file_ref idref="fl-16c"/>
      </object_component>
      <object_component id="oc-40f">
         <name>.data:sigtable</name>
         <load_address>0x20000a58</load_address>
         <run_address>0x20000a58</run_address>
         <size>0xb0</size>
         <input_file_ref idref="fl-171"/>
      </object_component>
      <object_component id="oc-3a7">
         <name>.data</name>
         <load_address>0x20000bc8</load_address>
         <run_address>0x20000bc8</run_address>
         <size>0x4</size>
         <input_file_ref idref="fl-174"/>
      </object_component>
      <object_component id="oc-39d">
         <name>.data</name>
         <load_address>0x20000b98</load_address>
         <run_address>0x20000b98</run_address>
         <size>0xc</size>
         <input_file_ref idref="fl-175"/>
      </object_component>
      <object_component id="oc-197">
         <name>.debug_info</name>
         <load_address>0x0</load_address>
         <run_address>0x0</run_address>
         <size>0x53a</size>
         <input_file_ref idref="fl-2"/>
      </object_component>
      <object_component id="oc-c4">
         <name>.debug_info</name>
         <load_address>0x53a</load_address>
         <run_address>0x53a</run_address>
         <size>0x2af</size>
         <input_file_ref idref="fl-2"/>
      </object_component>
      <object_component id="oc-1fb">
         <name>.debug_info</name>
         <load_address>0x7e9</load_address>
         <run_address>0x7e9</run_address>
         <size>0x6e9</size>
         <input_file_ref idref="fl-2"/>
      </object_component>
      <object_component id="oc-105">
         <name>.debug_info</name>
         <load_address>0xed2</load_address>
         <run_address>0xed2</run_address>
         <size>0x8b</size>
         <input_file_ref idref="fl-2"/>
      </object_component>
      <object_component id="oc-9b">
         <name>.debug_info</name>
         <load_address>0xf5d</load_address>
         <run_address>0xf5d</run_address>
         <size>0x18b</size>
         <input_file_ref idref="fl-2"/>
      </object_component>
      <object_component id="oc-1f2">
         <name>.debug_info</name>
         <load_address>0x10e8</load_address>
         <run_address>0x10e8</run_address>
         <size>0xf5</size>
         <input_file_ref idref="fl-2"/>
      </object_component>
      <object_component id="oc-243">
         <name>.debug_info</name>
         <load_address>0x11dd</load_address>
         <run_address>0x11dd</run_address>
         <size>0x4e</size>
         <input_file_ref idref="fl-2"/>
      </object_component>
      <object_component id="oc-113">
         <name>.debug_info</name>
         <load_address>0x122b</load_address>
         <run_address>0x122b</run_address>
         <size>0x76</size>
         <input_file_ref idref="fl-2"/>
      </object_component>
      <object_component id="oc-1e4">
         <name>.debug_info</name>
         <load_address>0x12a1</load_address>
         <run_address>0x12a1</run_address>
         <size>0xda</size>
         <input_file_ref idref="fl-3"/>
      </object_component>
      <object_component id="oc-149">
         <name>.debug_info</name>
         <load_address>0x137b</load_address>
         <run_address>0x137b</run_address>
         <size>0x285</size>
         <input_file_ref idref="fl-3"/>
      </object_component>
      <object_component id="oc-a2">
         <name>.debug_info</name>
         <load_address>0x1600</load_address>
         <run_address>0x1600</run_address>
         <size>0x84</size>
         <input_file_ref idref="fl-3"/>
      </object_component>
      <object_component id="oc-131">
         <name>.debug_info</name>
         <load_address>0x1684</load_address>
         <run_address>0x1684</run_address>
         <size>0x7ff</size>
         <input_file_ref idref="fl-4"/>
      </object_component>
      <object_component id="oc-92">
         <name>.debug_info</name>
         <load_address>0x1e83</load_address>
         <run_address>0x1e83</run_address>
         <size>0x270</size>
         <input_file_ref idref="fl-5"/>
      </object_component>
      <object_component id="oc-96">
         <name>.debug_info</name>
         <load_address>0x20f3</load_address>
         <run_address>0x20f3</run_address>
         <size>0x12b</size>
         <input_file_ref idref="fl-5"/>
      </object_component>
      <object_component id="oc-34">
         <name>.debug_info</name>
         <load_address>0x221e</load_address>
         <run_address>0x221e</run_address>
         <size>0x524</size>
         <input_file_ref idref="fl-5"/>
      </object_component>
      <object_component id="oc-13d">
         <name>.debug_info</name>
         <load_address>0x2742</load_address>
         <run_address>0x2742</run_address>
         <size>0x187</size>
         <input_file_ref idref="fl-7"/>
      </object_component>
      <object_component id="oc-8f">
         <name>.debug_info</name>
         <load_address>0x28c9</load_address>
         <run_address>0x28c9</run_address>
         <size>0x13f</size>
         <input_file_ref idref="fl-8"/>
      </object_component>
      <object_component id="oc-155">
         <name>.debug_info</name>
         <load_address>0x2a08</load_address>
         <run_address>0x2a08</run_address>
         <size>0x33c</size>
         <input_file_ref idref="fl-8"/>
      </object_component>
      <object_component id="oc-15c">
         <name>.debug_info</name>
         <load_address>0x2d44</load_address>
         <run_address>0x2d44</run_address>
         <size>0x29d</size>
         <input_file_ref idref="fl-9"/>
      </object_component>
      <object_component id="oc-1ed">
         <name>.debug_info</name>
         <load_address>0x2fe1</load_address>
         <run_address>0x2fe1</run_address>
         <size>0xe4</size>
         <input_file_ref idref="fl-9"/>
      </object_component>
      <object_component id="oc-15f">
         <name>.debug_info</name>
         <load_address>0x30c5</load_address>
         <run_address>0x30c5</run_address>
         <size>0xe4</size>
         <input_file_ref idref="fl-9"/>
      </object_component>
      <object_component id="oc-14f">
         <name>.debug_info</name>
         <load_address>0x31a9</load_address>
         <run_address>0x31a9</run_address>
         <size>0x8dd</size>
         <input_file_ref idref="fl-9"/>
      </object_component>
      <object_component id="oc-1e2">
         <name>.debug_info</name>
         <load_address>0x3a86</load_address>
         <run_address>0x3a86</run_address>
         <size>0x1af</size>
         <input_file_ref idref="fl-e"/>
      </object_component>
      <object_component id="oc-1d6">
         <name>.debug_info</name>
         <load_address>0x3c35</load_address>
         <run_address>0x3c35</run_address>
         <size>0xfa</size>
         <input_file_ref idref="fl-e"/>
      </object_component>
      <object_component id="oc-1d9">
         <name>.debug_info</name>
         <load_address>0x3d2f</load_address>
         <run_address>0x3d2f</run_address>
         <size>0x148</size>
         <input_file_ref idref="fl-e"/>
      </object_component>
      <object_component id="oc-1dc">
         <name>.debug_info</name>
         <load_address>0x3e77</load_address>
         <run_address>0x3e77</run_address>
         <size>0xfc</size>
         <input_file_ref idref="fl-e"/>
      </object_component>
      <object_component id="oc-1df">
         <name>.debug_info</name>
         <load_address>0x3f73</load_address>
         <run_address>0x3f73</run_address>
         <size>0xee</size>
         <input_file_ref idref="fl-e"/>
      </object_component>
      <object_component id="oc-143">
         <name>.debug_info</name>
         <load_address>0x4061</load_address>
         <run_address>0x4061</run_address>
         <size>0x2f88</size>
         <input_file_ref idref="fl-e"/>
      </object_component>
      <object_component id="oc-3b">
         <name>.debug_info</name>
         <load_address>0x6fe9</load_address>
         <run_address>0x6fe9</run_address>
         <size>0x28c</size>
         <input_file_ref idref="fl-11"/>
      </object_component>
      <object_component id="oc-10">
         <name>.debug_info</name>
         <load_address>0x7275</load_address>
         <run_address>0x7275</run_address>
         <size>0xf3</size>
         <input_file_ref idref="fl-11"/>
      </object_component>
      <object_component id="oc-2e">
         <name>.debug_info</name>
         <load_address>0x7368</load_address>
         <run_address>0x7368</run_address>
         <size>0x2af</size>
         <input_file_ref idref="fl-11"/>
      </object_component>
      <object_component id="oc-104">
         <name>.debug_info</name>
         <load_address>0x7617</load_address>
         <run_address>0x7617</run_address>
         <size>0x1a1</size>
         <input_file_ref idref="fl-12"/>
      </object_component>
      <object_component id="oc-e3">
         <name>.debug_info</name>
         <load_address>0x77b8</load_address>
         <run_address>0x77b8</run_address>
         <size>0xea</size>
         <input_file_ref idref="fl-12"/>
      </object_component>
      <object_component id="oc-e6">
         <name>.debug_info</name>
         <load_address>0x78a2</load_address>
         <run_address>0x78a2</run_address>
         <size>0x134</size>
         <input_file_ref idref="fl-12"/>
      </object_component>
      <object_component id="oc-e9">
         <name>.debug_info</name>
         <load_address>0x79d6</load_address>
         <run_address>0x79d6</run_address>
         <size>0xfc</size>
         <input_file_ref idref="fl-12"/>
      </object_component>
      <object_component id="oc-83">
         <name>.debug_info</name>
         <load_address>0x7ad2</load_address>
         <run_address>0x7ad2</run_address>
         <size>0x259f</size>
         <input_file_ref idref="fl-12"/>
      </object_component>
      <object_component id="oc-110">
         <name>.debug_info</name>
         <load_address>0xa071</load_address>
         <run_address>0xa071</run_address>
         <size>0x1cf</size>
         <input_file_ref idref="fl-19"/>
      </object_component>
      <object_component id="oc-1b8">
         <name>.debug_info</name>
         <load_address>0xa240</load_address>
         <run_address>0xa240</run_address>
         <size>0x21e</size>
         <input_file_ref idref="fl-19"/>
      </object_component>
      <object_component id="oc-1c4">
         <name>.debug_info</name>
         <load_address>0xa45e</load_address>
         <run_address>0xa45e</run_address>
         <size>0x1f8</size>
         <input_file_ref idref="fl-19"/>
      </object_component>
      <object_component id="oc-8c">
         <name>.debug_info</name>
         <load_address>0xa656</load_address>
         <run_address>0xa656</run_address>
         <size>0x1f6</size>
         <input_file_ref idref="fl-19"/>
      </object_component>
      <object_component id="oc-1ca">
         <name>.debug_info</name>
         <load_address>0xa84c</load_address>
         <run_address>0xa84c</run_address>
         <size>0x1e3</size>
         <input_file_ref idref="fl-19"/>
      </object_component>
      <object_component id="oc-1be">
         <name>.debug_info</name>
         <load_address>0xaa2f</load_address>
         <run_address>0xaa2f</run_address>
         <size>0x23b</size>
         <input_file_ref idref="fl-19"/>
      </object_component>
      <object_component id="oc-1b2">
         <name>.debug_info</name>
         <load_address>0xac6a</load_address>
         <run_address>0xac6a</run_address>
         <size>0x1f0</size>
         <input_file_ref idref="fl-19"/>
      </object_component>
      <object_component id="oc-190">
         <name>.debug_info</name>
         <load_address>0xae5a</load_address>
         <run_address>0xae5a</run_address>
         <size>0x90</size>
         <input_file_ref idref="fl-19"/>
      </object_component>
      <object_component id="oc-10b">
         <name>.debug_info</name>
         <load_address>0xaeea</load_address>
         <run_address>0xaeea</run_address>
         <size>0x18b</size>
         <input_file_ref idref="fl-19"/>
      </object_component>
      <object_component id="oc-1a1">
         <name>.debug_info</name>
         <load_address>0xb075</load_address>
         <run_address>0xb075</run_address>
         <size>0x226</size>
         <input_file_ref idref="fl-1a"/>
      </object_component>
      <object_component id="oc-217">
         <name>.debug_info</name>
         <load_address>0xb29b</load_address>
         <run_address>0xb29b</run_address>
         <size>0xff</size>
         <input_file_ref idref="fl-1a"/>
      </object_component>
      <object_component id="oc-1a3">
         <name>.debug_info</name>
         <load_address>0xb39a</load_address>
         <run_address>0xb39a</run_address>
         <size>0x1e1</size>
         <input_file_ref idref="fl-1a"/>
      </object_component>
      <object_component id="oc-12b">
         <name>.debug_info</name>
         <load_address>0xb57b</load_address>
         <run_address>0xb57b</run_address>
         <size>0x2d4</size>
         <input_file_ref idref="fl-1a"/>
      </object_component>
      <object_component id="oc-1a9">
         <name>.debug_info</name>
         <load_address>0xb84f</load_address>
         <run_address>0xb84f</run_address>
         <size>0x202</size>
         <input_file_ref idref="fl-1a"/>
      </object_component>
      <object_component id="oc-210">
         <name>.debug_info</name>
         <load_address>0xba51</load_address>
         <run_address>0xba51</run_address>
         <size>0x5f</size>
         <input_file_ref idref="fl-1a"/>
      </object_component>
      <object_component id="oc-181">
         <name>.debug_info</name>
         <load_address>0xbab0</load_address>
         <run_address>0xbab0</run_address>
         <size>0x1ba</size>
         <input_file_ref idref="fl-1b"/>
      </object_component>
      <object_component id="oc-183">
         <name>.debug_info</name>
         <load_address>0xbc6a</load_address>
         <run_address>0xbc6a</run_address>
         <size>0x1c2</size>
         <input_file_ref idref="fl-1b"/>
      </object_component>
      <object_component id="oc-17e">
         <name>.debug_info</name>
         <load_address>0xbe2c</load_address>
         <run_address>0xbe2c</run_address>
         <size>0x109</size>
         <input_file_ref idref="fl-1b"/>
      </object_component>
      <object_component id="oc-189">
         <name>.debug_info</name>
         <load_address>0xbf35</load_address>
         <run_address>0xbf35</run_address>
         <size>0x217</size>
         <input_file_ref idref="fl-1b"/>
      </object_component>
      <object_component id="oc-ff">
         <name>.debug_info</name>
         <load_address>0xc14c</load_address>
         <run_address>0xc14c</run_address>
         <size>0x1d4</size>
         <input_file_ref idref="fl-1b"/>
      </object_component>
      <object_component id="oc-ed">
         <name>.debug_info</name>
         <load_address>0xc320</load_address>
         <run_address>0xc320</run_address>
         <size>0x2b0</size>
         <input_file_ref idref="fl-1b"/>
      </object_component>
      <object_component id="oc-137">
         <name>.debug_info</name>
         <load_address>0xc5d0</load_address>
         <run_address>0xc5d0</run_address>
         <size>0x1a2</size>
         <input_file_ref idref="fl-1b"/>
      </object_component>
      <object_component id="oc-f2">
         <name>.debug_info</name>
         <load_address>0xc772</load_address>
         <run_address>0xc772</run_address>
         <size>0x1cc</size>
         <input_file_ref idref="fl-1b"/>
      </object_component>
      <object_component id="oc-f8">
         <name>.debug_info</name>
         <load_address>0xc93e</load_address>
         <run_address>0xc93e</run_address>
         <size>0x1ce</size>
         <input_file_ref idref="fl-1b"/>
      </object_component>
      <object_component id="oc-1ce">
         <name>.debug_info</name>
         <load_address>0xcb0c</load_address>
         <run_address>0xcb0c</run_address>
         <size>0x176</size>
         <input_file_ref idref="fl-1c"/>
      </object_component>
      <object_component id="oc-27">
         <name>.debug_info</name>
         <load_address>0xcc82</load_address>
         <run_address>0xcc82</run_address>
         <size>0x134</size>
         <input_file_ref idref="fl-13e"/>
      </object_component>
      <object_component id="oc-47">
         <name>.debug_info</name>
         <load_address>0xcdb6</load_address>
         <run_address>0xcdb6</run_address>
         <size>0x121</size>
         <input_file_ref idref="fl-13f"/>
      </object_component>
      <object_component id="oc-16">
         <name>.debug_info</name>
         <load_address>0xced7</load_address>
         <run_address>0xced7</run_address>
         <size>0x1c0</size>
         <input_file_ref idref="fl-13f"/>
      </object_component>
      <object_component id="oc-42">
         <name>.debug_info</name>
         <load_address>0xd097</load_address>
         <run_address>0xd097</run_address>
         <size>0x46</size>
         <input_file_ref idref="fl-13f"/>
      </object_component>
      <object_component id="oc-a8">
         <name>.debug_info</name>
         <load_address>0xd0dd</load_address>
         <run_address>0xd0dd</run_address>
         <size>0x2c</size>
         <input_file_ref idref="fl-13f"/>
      </object_component>
      <object_component id="oc-4f">
         <name>.debug_info</name>
         <load_address>0xd109</load_address>
         <run_address>0xd109</run_address>
         <size>0x115</size>
         <input_file_ref idref="fl-140"/>
      </object_component>
      <object_component id="oc-49">
         <name>.debug_info</name>
         <load_address>0xd21e</load_address>
         <run_address>0xd21e</run_address>
         <size>0x228</size>
         <input_file_ref idref="fl-140"/>
      </object_component>
      <object_component id="oc-19">
         <name>.debug_info</name>
         <load_address>0xd446</load_address>
         <run_address>0xd446</run_address>
         <size>0x192</size>
         <input_file_ref idref="fl-140"/>
      </object_component>
      <object_component id="oc-50">
         <name>.debug_info</name>
         <load_address>0xd5d8</load_address>
         <run_address>0xd5d8</run_address>
         <size>0x39</size>
         <input_file_ref idref="fl-140"/>
      </object_component>
      <object_component id="oc-b2">
         <name>.debug_info</name>
         <load_address>0xd611</load_address>
         <run_address>0xd611</run_address>
         <size>0x2c</size>
         <input_file_ref idref="fl-140"/>
      </object_component>
      <object_component id="oc-60">
         <name>.debug_info</name>
         <load_address>0xd63d</load_address>
         <run_address>0xd63d</run_address>
         <size>0x110</size>
         <input_file_ref idref="fl-141"/>
      </object_component>
      <object_component id="oc-20">
         <name>.debug_info</name>
         <load_address>0xd74d</load_address>
         <run_address>0xd74d</run_address>
         <size>0x18b</size>
         <input_file_ref idref="fl-141"/>
      </object_component>
      <object_component id="oc-5b">
         <name>.debug_info</name>
         <load_address>0xd8d8</load_address>
         <run_address>0xd8d8</run_address>
         <size>0x46</size>
         <input_file_ref idref="fl-141"/>
      </object_component>
      <object_component id="oc-d2">
         <name>.debug_info</name>
         <load_address>0xd91e</load_address>
         <run_address>0xd91e</run_address>
         <size>0x172</size>
         <input_file_ref idref="fl-142"/>
      </object_component>
      <object_component id="oc-cf">
         <name>.debug_info</name>
         <load_address>0xda90</load_address>
         <run_address>0xda90</run_address>
         <size>0x117</size>
         <input_file_ref idref="fl-142"/>
      </object_component>
      <object_component id="oc-74">
         <name>.debug_info</name>
         <load_address>0xdba7</load_address>
         <run_address>0xdba7</run_address>
         <size>0x1ee</size>
         <input_file_ref idref="fl-142"/>
      </object_component>
      <object_component id="oc-3e">
         <name>.debug_info</name>
         <load_address>0xdd95</load_address>
         <run_address>0xdd95</run_address>
         <size>0xf6</size>
         <input_file_ref idref="fl-143"/>
      </object_component>
      <object_component id="oc-56">
         <name>.debug_info</name>
         <load_address>0xde8b</load_address>
         <run_address>0xde8b</run_address>
         <size>0x124</size>
         <input_file_ref idref="fl-144"/>
      </object_component>
      <object_component id="oc-62">
         <name>.debug_info</name>
         <load_address>0xdfaf</load_address>
         <run_address>0xdfaf</run_address>
         <size>0x129</size>
         <input_file_ref idref="fl-145"/>
      </object_component>
      <object_component id="oc-242">
         <name>.debug_info</name>
         <load_address>0xe0d8</load_address>
         <run_address>0xe0d8</run_address>
         <size>0x20d</size>
         <input_file_ref idref="fl-146"/>
      </object_component>
      <object_component id="oc-1e6">
         <name>.debug_info</name>
         <load_address>0xe2e5</load_address>
         <run_address>0xe2e5</run_address>
         <size>0x265</size>
         <input_file_ref idref="fl-146"/>
      </object_component>
      <object_component id="oc-2d6">
         <name>.debug_info</name>
         <load_address>0xe54a</load_address>
         <run_address>0xe54a</run_address>
         <size>0xae</size>
         <input_file_ref idref="fl-146"/>
      </object_component>
      <object_component id="oc-7a">
         <name>.debug_info</name>
         <load_address>0xe5f8</load_address>
         <run_address>0xe5f8</run_address>
         <size>0xea</size>
         <input_file_ref idref="fl-147"/>
      </object_component>
      <object_component id="oc-171">
         <name>.debug_info</name>
         <load_address>0xe6e2</load_address>
         <run_address>0xe6e2</run_address>
         <size>0x105</size>
         <input_file_ref idref="fl-148"/>
      </object_component>
      <object_component id="oc-cc">
         <name>.debug_info</name>
         <load_address>0xe7e7</load_address>
         <run_address>0xe7e7</run_address>
         <size>0xf4</size>
         <input_file_ref idref="fl-148"/>
      </object_component>
      <object_component id="oc-16a">
         <name>.debug_info</name>
         <load_address>0xe8db</load_address>
         <run_address>0xe8db</run_address>
         <size>0x200</size>
         <input_file_ref idref="fl-148"/>
      </object_component>
      <object_component id="oc-2c1">
         <name>.debug_info</name>
         <load_address>0xeadb</load_address>
         <run_address>0xeadb</run_address>
         <size>0x338</size>
         <input_file_ref idref="fl-149"/>
      </object_component>
      <object_component id="oc-239">
         <name>.debug_info</name>
         <load_address>0xee13</load_address>
         <run_address>0xee13</run_address>
         <size>0x17ea</size>
         <input_file_ref idref="fl-149"/>
      </object_component>
      <object_component id="oc-2c2">
         <name>.debug_info</name>
         <load_address>0x105fd</load_address>
         <run_address>0x105fd</run_address>
         <size>0x86</size>
         <input_file_ref idref="fl-149"/>
      </object_component>
      <object_component id="oc-2c7">
         <name>.debug_info</name>
         <load_address>0x10683</load_address>
         <run_address>0x10683</run_address>
         <size>0x2c</size>
         <input_file_ref idref="fl-149"/>
      </object_component>
      <object_component id="oc-33a">
         <name>.debug_info</name>
         <load_address>0x106af</load_address>
         <run_address>0x106af</run_address>
         <size>0x46</size>
         <input_file_ref idref="fl-149"/>
      </object_component>
      <object_component id="oc-2cc">
         <name>.debug_info</name>
         <load_address>0x106f5</load_address>
         <run_address>0x106f5</run_address>
         <size>0x39</size>
         <input_file_ref idref="fl-149"/>
      </object_component>
      <object_component id="oc-ca">
         <name>.debug_info</name>
         <load_address>0x1072e</load_address>
         <run_address>0x1072e</run_address>
         <size>0x147</size>
         <input_file_ref idref="fl-14a"/>
      </object_component>
      <object_component id="oc-6f">
         <name>.debug_info</name>
         <load_address>0x10875</load_address>
         <run_address>0x10875</run_address>
         <size>0x148</size>
         <input_file_ref idref="fl-14a"/>
      </object_component>
      <object_component id="oc-164">
         <name>.debug_info</name>
         <load_address>0x109bd</load_address>
         <run_address>0x109bd</run_address>
         <size>0x5e</size>
         <input_file_ref idref="fl-14a"/>
      </object_component>
      <object_component id="oc-337">
         <name>.debug_info</name>
         <load_address>0x10a1b</load_address>
         <run_address>0x10a1b</run_address>
         <size>0xf5</size>
         <input_file_ref idref="fl-14b"/>
      </object_component>
      <object_component id="oc-2bb">
         <name>.debug_info</name>
         <load_address>0x10b10</load_address>
         <run_address>0x10b10</run_address>
         <size>0x152</size>
         <input_file_ref idref="fl-14b"/>
      </object_component>
      <object_component id="oc-c2">
         <name>.debug_info</name>
         <load_address>0x10c62</load_address>
         <run_address>0x10c62</run_address>
         <size>0x29e</size>
         <input_file_ref idref="fl-14c"/>
      </object_component>
      <object_component id="oc-68">
         <name>.debug_info</name>
         <load_address>0x10f00</load_address>
         <run_address>0x10f00</run_address>
         <size>0x158</size>
         <input_file_ref idref="fl-14c"/>
      </object_component>
      <object_component id="oc-120">
         <name>.debug_info</name>
         <load_address>0x11058</load_address>
         <run_address>0x11058</run_address>
         <size>0x39</size>
         <input_file_ref idref="fl-14c"/>
      </object_component>
      <object_component id="oc-125">
         <name>.debug_info</name>
         <load_address>0x11091</load_address>
         <run_address>0x11091</run_address>
         <size>0xcd</size>
         <input_file_ref idref="fl-14c"/>
      </object_component>
      <object_component id="oc-11d">
         <name>.debug_info</name>
         <load_address>0x1115e</load_address>
         <run_address>0x1115e</run_address>
         <size>0x1c1</size>
         <input_file_ref idref="fl-14d"/>
      </object_component>
      <object_component id="oc-bc">
         <name>.debug_info</name>
         <load_address>0x1131f</load_address>
         <run_address>0x1131f</run_address>
         <size>0x164</size>
         <input_file_ref idref="fl-14d"/>
      </object_component>
      <object_component id="oc-19a">
         <name>.debug_info</name>
         <load_address>0x11483</load_address>
         <run_address>0x11483</run_address>
         <size>0x2c</size>
         <input_file_ref idref="fl-14d"/>
      </object_component>
      <object_component id="oc-398">
         <name>.debug_info</name>
         <load_address>0x114af</load_address>
         <run_address>0x114af</run_address>
         <size>0xcf</size>
         <input_file_ref idref="fl-14e"/>
      </object_component>
      <object_component id="oc-334">
         <name>.debug_info</name>
         <load_address>0x1157e</load_address>
         <run_address>0x1157e</run_address>
[...]
      <symbol id="sm-507">
         <name>C$$EXIT</name>
         <value>0x54e5</value>
         <object_component_ref idref="oc-73"/>
      </symbol>
      <symbol id="sm-508">
         <name>abort</name>
         <value>0x54e9</value>
         <object_component_ref idref="oc-73"/>
      </symbol>
      <symbol id="sm-509">
         <name>exit</name>
         <value>0x54f1</value>
         <object_component_ref idref="oc-73"/>
      </symbol>
      <symbol id="sm-50a">
         <name>__TI_dtors_ptr</name>
         <value>0x20000bb8</value>
         <object_component_ref idref="oc-ce"/>
      </symbol>
      <symbol id="sm-50b">
         <name>__TI_cleanup_ptr</name>
         <value>0x20000bb4</value>
         <object_component_ref idref="oc-ce"/>
      </symbol>
      <symbol id="sm-526">
         <name>memcpy</name>
         <value>0x4b11</value>
         <object_component_ref idref="oc-3c"/>
      </symbol>
      <symbol id="sm-527">
         <name>__aeabi_memcpy</name>
         <value>0x4b11</value>
         <object_component_ref idref="oc-3c"/>
      </symbol>
      <symbol id="sm-528">
         <name>__aeabi_memcpy8</name>
         <value>0x4b11</value>
         <object_component_ref idref="oc-3c"/>
      </symbol>
      <symbol id="sm-529">
         <name>__aeabi_memcpy4</name>
         <value>0x4b11</value>
         <object_component_ref idref="oc-3c"/>
      </symbol>
      <symbol id="sm-538">
         <name>__aeabi_memset</name>
         <value>0x4deb</value>
         <object_component_ref idref="oc-55"/>
      </symbol>
      <symbol id="sm-539">
         <name>memset</name>
         <value>0x4df1</value>
         <object_component_ref idref="oc-55"/>
      </symbol>
      <symbol id="sm-53a">
         <name>__aeabi_memset8</name>
         <value>0x4deb</value>
         <object_component_ref idref="oc-55"/>
      </symbol>
      <symbol id="sm-53b">
         <name>__aeabi_memset4</name>
         <value>0x4deb</value>
         <object_component_ref idref="oc-55"/>
      </symbol>
      <symbol id="sm-53c">
         <name>__aeabi_memclr8</name>
         <value>0x4de9</value>
         <object_component_ref idref="oc-55"/>
      </symbol>
      <symbol id="sm-53d">
         <name>__aeabi_memclr4</name>
         <value>0x4de9</value>
         <object_component_ref idref="oc-55"/>
      </symbol>
      <symbol id="sm-53e">
         <name>__aeabi_memclr</name>
         <value>0x4de9</value>
         <object_component_ref idref="oc-55"/>
      </symbol>
      <symbol id="sm-548">
         <name>_system_pre_init</name>
         <value>0x5865</value>
         <object_component_ref idref="oc-61"/>
      </symbol>
      <symbol id="sm-566">
         <name>printf</name>
         <value>0x4e6d</value>
         <object_component_ref idref="oc-1e5"/>
      </symbol>
      <symbol id="sm-56e">
         <name>main_func_sp</name>
         <value>0x20000bcc</value>
         <object_component_ref idref="oc-79"/>
      </symbol>
      <symbol id="sm-587">
         <name>_nop</name>
         <value>0x57c3</value>
         <object_component_ref idref="oc-169"/>
      </symbol>
      <symbol id="sm-588">
         <name>_lock</name>
         <value>0x20000bac</value>
         <object_component_ref idref="oc-cb"/>
      </symbol>
      <symbol id="sm-589">
         <name>_unlock</name>
         <value>0x20000bb0</value>
         <object_component_ref idref="oc-cb"/>
      </symbol>
      <symbol id="sm-58a">
         <name>_register_lock</name>
         <value>0x57bb</value>
         <object_component_ref idref="oc-169"/>
      </symbol>
      <symbol id="sm-58b">
         <name>_register_unlock</name>
         <value>0x57b5</value>
         <object_component_ref idref="oc-169"/>
      </symbol>
      <symbol id="sm-695">
         <name>__TI_printfi</name>
         <value>0x1021</value>
         <object_component_ref idref="oc-238"/>
      </symbol>
      <symbol id="sm-6aa">
         <name>_args_main</name>
         <value>0x5759</value>
         <object_component_ref idref="oc-6d"/>
      </symbol>
      <symbol id="sm-6c0">
         <name>atoi</name>
         <value>0x5405</value>
         <object_component_ref idref="oc-2ba"/>
      </symbol>
      <symbol id="sm-6e6">
         <name>__TI_auto_init</name>
         <value>0x4ed5</value>
         <object_component_ref idref="oc-67"/>
      </symbol>
      <symbol id="sm-700">
         <name>copy_in</name>
         <value>0x5451</value>
         <object_component_ref idref="oc-bb"/>
      </symbol>
      <symbol id="sm-70b">
         <name>_ctypes_</name>
         <value>0x5868</value>
         <object_component_ref idref="oc-333"/>
      </symbol>
      <symbol id="sm-724">
         <name>__aeabi_stdout</name>
         <value>0x20000b90</value>
         <object_component_ref idref="oc-2e9"/>
      </symbol>
      <symbol id="sm-725">
         <name>__TI_tmpnams</name>
         <value>0x200007ac</value>
         <object_component_ref idref="oc-3e2"/>
      </symbol>
      <symbol id="sm-726">
         <name>__aeabi_stderr</name>
         <value>0x20000b94</value>
         <object_component_ref idref="oc-2e9"/>
      </symbol>
      <symbol id="sm-727">
         <name>__aeabi_stdin</name>
         <value>0x20000b8c</value>
         <object_component_ref idref="oc-2e9"/>
      </symbol>
      <symbol id="sm-728">
         <name>_ftable</name>
         <value>0x20000898</value>
         <object_component_ref idref="oc-23e"/>
      </symbol>
      <symbol id="sm-729">
         <name>__TI_ft_end</name>
         <value>0x20000b88</value>
         <object_component_ref idref="oc-2e9"/>
      </symbol>
      <symbol id="sm-74d">
         <name>__aeabi_dsub</name>
         <value>0x3cbd</value>
         <object_component_ref idref="oc-297"/>
      </symbol>
      <symbol id="sm-74e">
         <name>__aeabi_dadd</name>
         <value>0x3cc7</value>
         <object_component_ref idref="oc-297"/>
      </symbol>
      <symbol id="sm-775">
         <name>__aeabi_cdcmpeq</name>
         <value>0x4cdd</value>
         <object_component_ref idref="oc-273"/>
      </symbol>
      <symbol id="sm-776">
         <name>__aeabi_cdcmple</name>
         <value>0x4cdd</value>
         <object_component_ref idref="oc-273"/>
      </symbol>
      <symbol id="sm-777">
         <name>__aeabi_cdrcmple</name>
         <value>0x4d63</value>
         <object_component_ref idref="oc-282"/>
      </symbol>
      <symbol id="sm-797">
         <name>__aeabi_ddiv</name>
         <value>0x4005</value>
         <object_component_ref idref="oc-27d"/>
      </symbol>
      <symbol id="sm-7ae">
         <name>__aeabi_dmul</name>
         <value>0x4595</value>
         <object_component_ref idref="oc-278"/>
      </symbol>
      <symbol id="sm-7bc">
         <name>__aeabi_d2iz</name>
         <value>0x549d</value>
         <object_component_ref idref="oc-287"/>
      </symbol>
      <symbol id="sm-7d3">
         <name>putc</name>
         <value>0x4c45</value>
         <object_component_ref idref="oc-22c"/>
      </symbol>
      <symbol id="sm-7d4">
         <name>fputc</name>
         <value>0x4c45</value>
         <object_component_ref idref="oc-22c"/>
      </symbol>
      <symbol id="sm-7d5">
         <name>putchar</name>
         <value>0x4cc9</value>
         <object_component_ref idref="oc-22c"/>
      </symbol>
      <symbol id="sm-7f7">
         <name>puts</name>
         <value>0x4249</value>
         <object_component_ref idref="oc-232"/>
      </symbol>
      <symbol id="sm-7f8">
         <name>fputs</name>
         <value>0x413d</value>
         <object_component_ref idref="oc-232"/>
      </symbol>
      <symbol id="sm-805">
         <name>frexp</name>
         <value>0x56f1</value>
         <object_component_ref idref="oc-29c"/>
      </symbol>
      <symbol id="sm-811">
         <name>__aeabi_i2d</name>
         <value>0x5695</value>
         <object_component_ref idref="oc-292"/>
      </symbol>
      <symbol id="sm-822">
         <name>ldexp</name>
         <value>0x5363</value>
         <object_component_ref idref="oc-2a2"/>
      </symbol>
      <symbol id="sm-874">
         <name>open</name>
         <value>0x3463</value>
         <object_component_ref idref="oc-258"/>
      </symbol>
      <symbol id="sm-875">
         <name>add_device</name>
         <value>0x3585</value>
         <object_component_ref idref="oc-258"/>
      </symbol>
      <symbol id="sm-876">
         <name>remove_device</name>
         <value>0x3417</value>
         <object_component_ref idref="oc-258"/>
      </symbol>
      <symbol id="sm-877">
         <name>lseek</name>
         <value>0x3511</value>
         <object_component_ref idref="oc-258"/>
      </symbol>
      <symbol id="sm-878">
         <name>read</name>
         <value>0x343f</value>
         <object_component_ref idref="oc-258"/>
      </symbol>
      <symbol id="sm-879">
         <name>rename</name>
         <value>0x33d9</value>
         <object_component_ref idref="oc-258"/>
      </symbol>
      <symbol id="sm-87a">
         <name>write</name>
         <value>0x3325</value>
         <object_component_ref idref="oc-258"/>
      </symbol>
      <symbol id="sm-87b">
         <name>close</name>
         <value>0x3535</value>
         <object_component_ref idref="oc-258"/>
      </symbol>
      <symbol id="sm-87c">
         <name>unlink</name>
         <value>0x33b5</value>
         <object_component_ref idref="oc-258"/>
      </symbol>
      <symbol id="sm-88b">
         <name>ltoa</name>
         <value>0x530d</value>
         <object_component_ref idref="oc-28c"/>
      </symbol>
      <symbol id="sm-89b">
         <name>memccpy</name>
         <value>0x573b</value>
         <object_component_ref idref="oc-2b4"/>
      </symbol>
      <symbol id="sm-8ab">
         <name>memchr</name>
         <value>0x571b</value>
         <object_component_ref idref="oc-266"/>
      </symbol>
      <symbol id="sm-8bb">
         <name>strchr</name>
         <value>0x5789</value>
         <object_component_ref idref="oc-2a8"/>
      </symbol>
      <symbol id="sm-8ca">
         <name>strcmp</name>
         <value>0x5771</value>
         <object_component_ref idref="oc-2ee"/>
      </symbol>
      <symbol id="sm-8d8">
         <name>strlen</name>
         <value>0x57dd</value>
         <object_component_ref idref="oc-260"/>
      </symbol>
      <symbol id="sm-8e8">
         <name>strncpy</name>
         <value>0x5605</value>
         <object_component_ref idref="oc-2f4"/>
      </symbol>
      <symbol id="sm-909">
         <name>HOSTgetenv</name>
         <value>0x3847</value>
         <object_component_ref idref="oc-360"/>
      </symbol>
      <symbol id="sm-90a">
         <name>HOSTrename</name>
         <value>0x36ef</value>
         <object_component_ref idref="oc-360"/>
      </symbol>
      <symbol id="sm-90b">
         <name>HOSTclose</name>
         <value>0x3885</value>
         <object_component_ref idref="oc-360"/>
      </symbol>
      <symbol id="sm-90c">
         <name>HOSTunlink</name>
         <value>0x367d</value>
         <object_component_ref idref="oc-360"/>
      </symbol>
      <symbol id="sm-90d">
         <name>HOSTlseek</name>
         <value>0x37eb</value>
         <object_component_ref idref="oc-360"/>
      </symbol>
      <symbol id="sm-90e">
         <name>HOSTopen</name>
         <value>0x3799</value>
         <object_component_ref idref="oc-360"/>
      </symbol>
      <symbol id="sm-90f">
         <name>HOSTclock</name>
         <value>0x38bd</value>
         <object_component_ref idref="oc-360"/>
      </symbol>
      <symbol id="sm-910">
         <name>HOSTwrite</name>
         <value>0x3631</value>
         <object_component_ref idref="oc-360"/>
      </symbol>
      <symbol id="sm-911">
         <name>HOSTread</name>
         <value>0x374d</value>
         <object_component_ref idref="oc-360"/>
      </symbol>
      <symbol id="sm-912">
         <name>HOSTtime</name>
         <value>0x36b5</value>
         <object_component_ref idref="oc-360"/>
      </symbol>
      <symbol id="sm-92d">
         <name>__TI_readmsg</name>
         <value>0x4fdf</value>
         <object_component_ref idref="oc-3b0"/>
      </symbol>
      <symbol id="sm-92e">
         <name>C$$IO$$</name>
         <value>0x4fdb</value>
         <object_component_ref idref="oc-3b0"/>
      </symbol>
      <symbol id="sm-92f">
         <name>__CIOBUF_</name>
         <value>0x2000068c</value>
         <object_component_ref idref="oc-3e9"/>
      </symbol>
      <symbol id="sm-930">
         <name>__TI_writemsg</name>
         <value>0x4fad</value>
         <object_component_ref idref="oc-3b0"/>
      </symbol>
      <symbol id="sm-95a">
         <name>__aeabi_uldivmod</name>
         <value>0x3905</value>
         <object_component_ref idref="oc-26e"/>
      </symbol>
      <symbol id="sm-968">
         <name>_Dclass</name>
         <value>0x5635</value>
         <object_component_ref idref="oc-2ae"/>
      </symbol>
      <symbol id="sm-989">
         <name>_Dscale</name>
         <value>0x4381</value>
         <object_component_ref idref="oc-31f"/>
      </symbol>
      <symbol id="sm-99d">
         <name>_Dunscale</name>
         <value>0x5015</value>
         <object_component_ref idref="oc-317"/>
      </symbol>
      <symbol id="sm-9ac">
         <name>_Feraise</name>
         <value>0x5665</value>
         <object_component_ref idref="oc-325"/>
      </symbol>
      <symbol id="sm-9bc">
         <name>_Rteps</name>
         <value>0x20000b68</value>
         <object_component_ref idref="oc-37f"/>
      </symbol>
      <symbol id="sm-9bd">
         <name>_Zero</name>
         <value>0x20000b80</value>
         <object_component_ref idref="oc-37f"/>
      </symbol>
      <symbol id="sm-9be">
         <name>_Hugeval</name>
         <value>0x20000b28</value>
         <object_component_ref idref="oc-37f"/>
      </symbol>
      <symbol id="sm-9bf">
         <name>_Snan</name>
         <value>0x20000b58</value>
         <object_component_ref idref="oc-37f"/>
      </symbol>
      <symbol id="sm-9c0">
         <name>_Nan</name>
         <value>0x20000b48</value>
         <object_component_ref idref="oc-37f"/>
      </symbol>
      <symbol id="sm-9c1">
         <name>_Inf</name>
         <value>0x20000b38</value>
         <object_component_ref idref="oc-37f"/>
      </symbol>
      <symbol id="sm-9c2">
         <name>_Xbig</name>
         <value>0x20000b78</value>
         <object_component_ref idref="oc-37f"/>
      </symbol>
      <symbol id="sm-9c3">
         <name>_Eps</name>
         <value>0x20000b18</value>
         <object_component_ref idref="oc-37f"/>
      </symbol>
      <symbol id="sm-9c4">
         <name>_Denorm</name>
         <value>0x20000b08</value>
         <object_component_ref idref="oc-37f"/>
      </symbol>
      <symbol id="sm-9e2">
         <name>__TI_wrt_ok</name>
         <value>0x49bb</value>
         <object_component_ref idref="oc-24c"/>
      </symbol>
      <symbol id="sm-9e3">
         <name>__TI_rd_ok</name>
         <value>0x4a1d</value>
         <object_component_ref idref="oc-24c"/>
      </symbol>
      <symbol id="sm-9eb">
         <name>_Errno</name>
         <value>0x20000bc4</value>
         <object_component_ref idref="oc-38a"/>
      </symbol>
      <symbol id="sm-a09">
         <name>feraiseexcept</name>
         <value>0x55d1</value>
         <object_component_ref idref="oc-384"/>
      </symbol>
      <symbol id="sm-a0a">
         <name>_Tls_setup__Fenv</name>
         <value>0x20000bc0</value>
         <object_component_ref idref="oc-3d8"/>
      </symbol>
      <symbol id="sm-a0b">
         <name>_Fenv</name>
         <value>0x20000bbc</value>
         <object_component_ref idref="oc-3d8"/>
      </symbol>
      <symbol id="sm-a25">
         <name>__TI_doflush</name>
         <value>0x4835</value>
         <object_component_ref idref="oc-252"/>
      </symbol>
      <symbol id="sm-a26">
         <name>fflush</name>
         <value>0x4881</value>
         <object_component_ref idref="oc-252"/>
      </symbol>
      <symbol id="sm-a38">
         <name>fseek</name>
         <value>0x507d</value>
         <object_component_ref idref="oc-2db"/>
      </symbol>
      <symbol id="sm-a4c">
         <name>raise</name>
         <value>0x56c3</value>
         <object_component_ref idref="oc-3d2"/>
      </symbol>
      <symbol id="sm-a68">
         <name>setvbuf</name>
         <value>0x4691</value>
         <object_component_ref idref="oc-2e1"/>
      </symbol>
      <symbol id="sm-a82">
         <name>signal</name>
         <value>0x5529</value>
         <object_component_ref idref="oc-3f4"/>
      </symbol>
      <symbol id="sm-a90">
         <name>strcpy</name>
         <value>0x57c9</value>
         <object_component_ref idref="oc-3b6"/>
      </symbol>
      <symbol id="sm-aa5">
         <name>_Dnorm</name>
         <value>0x48fd</value>
         <object_component_ref idref="oc-375"/>
      </symbol>
      <symbol id="sm-adc">
         <name>__TI_cleanup</name>
         <value>0x3bc1</value>
         <object_component_ref idref="oc-349"/>
      </symbol>
      <symbol id="sm-add">
         <name>freopen</name>
         <value>0x3bed</value>
         <object_component_ref idref="oc-349"/>
      </symbol>
      <symbol id="sm-ade">
         <name>fopen</name>
         <value>0x3c17</value>
         <object_component_ref idref="oc-349"/>
      </symbol>
      <symbol id="sm-b50">
         <name>_sys_memory</name>
         <value>0x20000d68</value>
         <object_component_ref idref="oc-2a"/>
      </symbol>
      <symbol id="sm-b51">
         <name>free</name>
         <value>0x303f</value>
         <object_component_ref idref="oc-343"/>
      </symbol>
      <symbol id="sm-b52">
         <name>realloc</name>
         <value>0x3101</value>
         <object_component_ref idref="oc-343"/>
      </symbol>
      <symbol id="sm-b53">
         <name>memalign</name>
         <value>0x320d</value>
         <object_component_ref idref="oc-343"/>
      </symbol>
      <symbol id="sm-b54">
         <name>calloc</name>
         <value>0x32f1</value>
         <object_component_ref idref="oc-343"/>
      </symbol>
      <symbol id="sm-b55">
         <name>malloc</name>
         <value>0x2fd7</value>
         <object_component_ref idref="oc-343"/>
      </symbol>
      <symbol id="sm-b56">
         <name>minit</name>
         <value>0x2f49</value>
         <object_component_ref idref="oc-343"/>
      </symbol>
      <symbol id="sm-b6c">
         <name>__TI_closefile</name>
         <value>0x4bad</value>
         <object_component_ref idref="oc-3a1"/>
      </symbol>
      <symbol id="sm-b6d">
         <name>fclose</name>
         <value>0x4c13</value>
         <object_component_ref idref="oc-3a1"/>
      </symbol>
      <symbol id="sm-b6f">
         <name>__TI_static_base__</name>
         <value>0x0</value>
      </symbol>
      <symbol id="sm-b72">
         <name>SHT$$INIT_ARRAY$$Limit</name>
         <value>0x0</value>
      </symbol>
      <symbol id="sm-b73">
         <name>SHT$$INIT_ARRAY$$Base</name>
         <value>0x0</value>
      </symbol>
      <symbol id="sm-b74">
         <name>remove</name>
         <value>0x33b5</value>
      </symbol>
   </symbol_table>
   <title>Link successful</title>
</link_info>
