<?xml version="1.0"?>
<link_info>
   <banner>TI ARM Linker PC v5.1.1</banner>
   <copyright>Copyright (c) 1996-2013 Texas Instruments Incorporated</copyright>
   <link_time>0x568b1fa4</link_time>
   <link_errors>0x0</link_errors>
   <output_file>PSO.out</output_file>
   <entry_point>
      <name>_c_int00</name>
      <address>0x8ea5</address>
   </entry_point>
   <input_file_list>
      <input_file id="fl-2">
         <path>.\src\sys\</path>
         <kind>object</kind>
         <file>watchdog.obj</file>
         <name>watchdog.obj</name>
      </input_file>
      <input_file id="fl-3">
         <path>.\src\sys\</path>
         <kind>object</kind>
         <file>uart.obj</file>
         <name>uart.obj</name>
      </input_file>
      <input_file id="fl-4">
         <path>.\src\sys\</path>
         <kind>object</kind>
         <file>tm4c123gh6pm_startup_ccs.obj</file>
         <name>tm4c123gh6pm_startup_ccs.obj</name>
      </input_file>
      <input_file id="fl-5">
         <path>.\src\sys\</path>
         <kind>object</kind>
         <file>systick.obj</file>
         <name>systick.obj</name>
      </input_file>
      <input_file id="fl-6">
         <path>.\src\sys\</path>
         <kind>object</kind>
         <file>pwm.obj</file>
         <name>pwm.obj</name>
      </input_file>
      <input_file id="fl-7">
         <path>.\src\sys\</path>
         <kind>object</kind>
         <file>gpio.obj</file>
         <name>gpio.obj</name>
      </input_file>
      <input_file id="fl-8">
         <path>.\src\sys\</path>
         <kind>object</kind>
         <file>flash.obj</file>
         <name>flash.obj</name>
      </input_file>
      <input_file id="fl-9">
         <path>.\src\sys\</path>
         <kind>object</kind>
         <file>crc.obj</file>
         <name>crc.obj</name>
      </input_file>
      <input_file id="fl-a">
         <path>.\src\sys\</path>
         <kind>object</kind>
         <file>adc.obj</file>
         <name>adc.obj</name>
      </input_file>
      <input_file id="fl-b">
         <path>.\src\usr\ff09b\</path>
         <kind>object</kind>
         <file>mmc-dk-tm4c123g.obj</file>
         <name>mmc-dk-tm4c123g.obj</name>
      </input_file>
      <input_file id="fl-c">
         <path>.\src\usr\ff09b\src\</path>
         <kind>object</kind>
         <file>ff.obj</file>
         <name>ff.obj</name>
      </input_file>
      <input_file id="fl-d">
         <path>.\src\usr\ff09b\src\option\</path>
         <kind>object</kind>
         <file>unicode.obj</file>
         <name>unicode.obj</name>
      </input_file>
      <input_file id="fl-e">
         <path>.\src\usr\ff09b\src\option\</path>
         <kind>object</kind>
         <file>syscall.obj</file>
         <name>syscall.obj</name>
      </input_file>
      <input_file id="fl-f">
         <path>.\src\usr\</path>
         <kind>object</kind>
         <file>ulink_bridge.obj</file>
         <name>ulink_bridge.obj</name>
      </input_file>
      <input_file id="fl-10">
         <path>.\src\usr\</path>
         <kind>object</kind>
         <file>ulink.obj</file>
         <name>ulink.obj</name>
      </input_file>
      <input_file id="fl-11">
         <path>.\src\usr\</path>
         <kind>object</kind>
         <file>pso_uart.obj</file>
         <name>pso_uart.obj</name>
      </input_file>
      <input_file id="fl-12">
         <path>.\src\usr\</path>
         <kind>object</kind>
         <file>pso_pwm.obj</file>
         <name>pso_pwm.obj</name>
      </input_file>
      <input_file id="fl-13">
         <path>.\src\usr\</path>
         <kind>object</kind>
         <file>pso_led.obj</file>
         <name>pso_led.obj</name>
      </input_file>
      <input_file id="fl-14">
         <path>.\src\usr\</path>
         <kind>object</kind>
         <file>pso_isr.obj</file>
         <name>pso_isr.obj</name>
      </input_file>
      <input_file id="fl-15">
         <path>.\src\usr\</path>
         <kind>object</kind>
         <file>pso_init.obj</file>
         <name>pso_init.obj</name>
      </input_file>
      <input_file id="fl-16">
         <path>.\src\usr\</path>
         <kind>object</kind>
         <file>pso_data.obj</file>
         <name>pso_data.obj</name>
      </input_file>
      <input_file id="fl-17">
         <path>.\src\usr\</path>
         <kind>object</kind>
         <file>main.obj</file>
         <name>main.obj</name>
      </input_file>
      <input_file id="fl-18">
         <path>.\src\usr\</path>
         <kind>object</kind>
         <file>fifo.obj</file>
         <name>fifo.obj</name>
      </input_file>
      <input_file id="fl-1d">
         <path>..\library\</path>
         <kind>archive</kind>
         <file>driverlib.lib</file>
         <name>timer.obj</name>
      </input_file>
      <input_file id="fl-1e">
         <path>..\library\</path>
         <kind>archive</kind>
         <file>driverlib.lib</file>
         <name>sysctl.obj</name>
      </input_file>
      <input_file id="fl-1f">
         <path>..\library\</path>
         <kind>archive</kind>
         <file>driverlib.lib</file>
         <name>interrupt.obj</name>
      </input_file>
      <input_file id="fl-20">
         <path>..\library\</path>
         <kind>archive</kind>
         <file>driverlib.lib</file>
         <name>cpu.obj</name>
      </input_file>
      <input_file id="fl-14a">
         <path>C:\ti\ccsv5\tools\compiler\arm_5.1.1\lib\</path>
         <kind>archive</kind>
         <file>rtsv7M4_T_le_v4SPD16_eabi.lib</file>
         <name>boot.obj</name>
      </input_file>
      <input_file id="fl-14b">
         <path>C:\ti\ccsv5\tools\compiler\arm_5.1.1\lib\</path>
         <kind>archive</kind>
         <file>rtsv7M4_T_le_v4SPD16_eabi.lib</file>
         <name>copy_decompress_none.obj</name>
      </input_file>
      <input_file id="fl-14c">
         <path>C:\ti\ccsv5\tools\compiler\arm_5.1.1\lib\</path>
         <kind>archive</kind>
         <file>rtsv7M4_T_le_v4SPD16_eabi.lib</file>
         <name>copy_decompress_rle.obj</name>
      </input_file>
      <input_file id="fl-14d">
         <path>C:\ti\ccsv5\tools\compiler\arm_5.1.1\lib\</path>
         <kind>archive</kind>
         <file>rtsv7M4_T_le_v4SPD16_eabi.lib</file>
         <name>copy_zero_init.obj</name>
      </input_file>
      <input_file id="fl-14e">
         <path>C:\ti\ccsv5\tools\compiler\arm_5.1.1\lib\</path>
         <kind>archive</kind>
         <file>rtsv7M4_T_le_v4SPD16_eabi.lib</file>
         <name>exit.obj</name>
      </input_file>
      <input_file id="fl-14f">
         <path>C:\ti\ccsv5\tools\compiler\arm_5.1.1\lib\</path>
         <kind>archive</kind>
         <file>rtsv7M4_T_le_v4SPD16_eabi.lib</file>
         <name>fd_add_t2.obj</name>
      </input_file>
      <input_file id="fl-150">
         <path>C:\ti\ccsv5\tools\compiler\arm_5.1.1\lib\</path>
         <kind>archive</kind>
         <file>rtsv7M4_T_le_v4SPD16_eabi.lib</file>
         <name>fd_div_t2.obj</name>
      </input_file>
      <input_file id="fl-151">
         <path>C:\ti\ccsv5\tools\compiler\arm_5.1.1\lib\</path>
         <kind>archive</kind>
         <file>rtsv7M4_T_le_v4SPD16_eabi.lib</file>
         <name>fd_mul_t2.obj</name>
      </input_file>
      <input_file id="fl-152">
         <path>C:\ti\ccsv5\tools\compiler\arm_5.1.1\lib\</path>
         <kind>archive</kind>
         <file>rtsv7M4_T_le_v4SPD16_eabi.lib</file>
         <name>fd_tou_t2.obj</name>
      </input_file>
      <input_file id="fl-153">
         <path>C:\ti\ccsv5\tools\compiler\arm_5.1.1\lib\</path>
         <kind>archive</kind>
         <file>rtsv7M4_T_le_v4SPD16_eabi.lib</file>
         <name>fputs.obj</name>
      </input_file>
      <input_file id="fl-154">
         <path>C:\ti\ccsv5\tools\compiler\arm_5.1.1\lib\</path>
         <kind>archive</kind>
         <file>rtsv7M4_T_le_v4SPD16_eabi.lib</file>
         <name>i_tofd_t2.obj</name>
      </input_file>
      <input_file id="fl-155">
         <path>C:\ti\ccsv5\tools\compiler\arm_5.1.1\lib\</path>
         <kind>archive</kind>
         <file>rtsv7M4_T_le_v4SPD16_eabi.lib</file>
         <name>lowlev.obj</name>
      </input_file>
      <input_file id="fl-156">
         <path>C:\ti\ccsv5\tools\compiler\arm_5.1.1\lib\</path>
         <kind>archive</kind>
         <file>rtsv7M4_T_le_v4SPD16_eabi.lib</file>
         <name>memchr.obj</name>
      </input_file>
      <input_file id="fl-157">
         <path>C:\ti\ccsv5\tools\compiler\arm_5.1.1\lib\</path>
         <kind>archive</kind>
         <file>rtsv7M4_T_le_v4SPD16_eabi.lib</file>
         <name>memcpy_t2.obj</name>
      </input_file>
      <input_file id="fl-158">
         <path>C:\ti\ccsv5\tools\compiler\arm_5.1.1\lib\</path>
         <kind>archive</kind>
         <file>rtsv7M4_T_le_v4SPD16_eabi.lib</file>
         <name>memset_t2.obj</name>
      </input_file>
      <input_file id="fl-159">
         <path>C:\ti\ccsv5\tools\compiler\arm_5.1.1\lib\</path>
         <kind>archive</kind>
         <file>rtsv7M4_T_le_v4SPD16_eabi.lib</file>
         <name>printf.obj</name>
      </input_file>
      <input_file id="fl-15a">
         <path>C:\ti\ccsv5\tools\compiler\arm_5.1.1\lib\</path>
         <kind>archive</kind>
         <file>rtsv7M4_T_le_v4SPD16_eabi.lib</file>
         <name>sprintf.obj</name>
      </input_file>
      <input_file id="fl-15b">
         <path>C:\ti\ccsv5\tools\compiler\arm_5.1.1\lib\</path>
         <kind>archive</kind>
         <file>rtsv7M4_T_le_v4SPD16_eabi.lib</file>
         <name>stkdepth_vars.obj</name>
      </input_file>
      <input_file id="fl-15c">
         <path>C:\ti\ccsv5\tools\compiler\arm_5.1.1\lib\</path>
         <kind>archive</kind>
         <file>rtsv7M4_T_le_v4SPD16_eabi.lib</file>
         <name>strchr.obj</name>
      </input_file>
      <input_file id="fl-15d">
         <path>C:\ti\ccsv5\tools\compiler\arm_5.1.1\lib\</path>
         <kind>archive</kind>
         <file>rtsv7M4_T_le_v4SPD16_eabi.lib</file>
         <name>strcmp.obj</name>
      </input_file>
      <input_file id="fl-15e">
         <path>C:\ti\ccsv5\tools\compiler\arm_5.1.1\lib\</path>
         <kind>archive</kind>
         <file>rtsv7M4_T_le_v4SPD16_eabi.lib</file>
         <name>strlen.obj</name>
      </input_file>
      <input_file id="fl-15f">
         <path>C:\ti\ccsv5\tools\compiler\arm_5.1.1\lib\</path>
         <kind>archive</kind>
         <file>rtsv7M4_T_le_v4SPD16_eabi.lib</file>
         <name>strncpy.obj</name>
      </input_file>
      <input_file id="fl-160">
         <path>C:\ti\ccsv5\tools\compiler\arm_5.1.1\lib\</path>
         <kind>archive</kind>
         <file>rtsv7M4_T_le_v4SPD16_eabi.lib</file>
         <name>trgdrv.obj</name>
      </input_file>
      <input_file id="fl-161">
         <path>C:\ti\ccsv5\tools\compiler\arm_5.1.1\lib\</path>
         <kind>archive</kind>
         <file>rtsv7M4_T_le_v4SPD16_eabi.lib</file>
         <name>trgmsg.obj</name>
      </input_file>
      <input_file id="fl-162">
         <path>C:\ti\ccsv5\tools\compiler\arm_5.1.1\lib\</path>
         <kind>archive</kind>
         <file>rtsv7M4_T_le_v4SPD16_eabi.lib</file>
         <name>u_tofd_t2.obj</name>
      </input_file>
      <input_file id="fl-163">
         <path>C:\ti\ccsv5\tools\compiler\arm_5.1.1\lib\</path>
         <kind>archive</kind>
         <file>rtsv7M4_T_le_v4SPD16_eabi.lib</file>
         <name>_io_perm.obj</name>
      </input_file>
      <input_file id="fl-164">
         <path>C:\ti\ccsv5\tools\compiler\arm_5.1.1\lib\</path>
         <kind>archive</kind>
         <file>rtsv7M4_T_le_v4SPD16_eabi.lib</file>
         <name>_lock.obj</name>
      </input_file>
      <input_file id="fl-165">
         <path>C:\ti\ccsv5\tools\compiler\arm_5.1.1\lib\</path>
         <kind>archive</kind>
         <file>rtsv7M4_T_le_v4SPD16_eabi.lib</file>
         <name>_printfi.obj</name>
      </input_file>
      <input_file id="fl-166">
         <path>C:\ti\ccsv5\tools\compiler\arm_5.1.1\lib\</path>
         <kind>archive</kind>
         <file>rtsv7M4_T_le_v4SPD16_eabi.lib</file>
         <name>args_main.obj</name>
      </input_file>
      <input_file id="fl-167">
         <path>C:\ti\ccsv5\tools\compiler\arm_5.1.1\lib\</path>
         <kind>archive</kind>
         <file>rtsv7M4_T_le_v4SPD16_eabi.lib</file>
         <name>atoi.obj</name>
      </input_file>
      <input_file id="fl-168">
         <path>C:\ti\ccsv5\tools\compiler\arm_5.1.1\lib\</path>
         <kind>archive</kind>
         <file>rtsv7M4_T_le_v4SPD16_eabi.lib</file>
         <name>auto_init.obj</name>
      </input_file>
      <input_file id="fl-169">
         <path>C:\ti\ccsv5\tools\compiler\arm_5.1.1\lib\</path>
         <kind>archive</kind>
         <file>rtsv7M4_T_le_v4SPD16_eabi.lib</file>
         <name>cpy_tbl.obj</name>
      </input_file>
      <input_file id="fl-16a">
         <path>C:\ti\ccsv5\tools\compiler\arm_5.1.1\lib\</path>
         <kind>archive</kind>
         <file>rtsv7M4_T_le_v4SPD16_eabi.lib</file>
         <name>ctype.obj</name>
      </input_file>
      <input_file id="fl-16b">
         <path>C:\ti\ccsv5\tools\compiler\arm_5.1.1\lib\</path>
         <kind>archive</kind>
         <file>rtsv7M4_T_le_v4SPD16_eabi.lib</file>
         <name>defs.obj</name>
      </input_file>
      <input_file id="fl-16c">
         <path>C:\ti\ccsv5\tools\compiler\arm_5.1.1\lib\</path>
         <kind>archive</kind>
         <file>rtsv7M4_T_le_v4SPD16_eabi.lib</file>
         <name>fd_cmp_t2.obj</name>
      </input_file>
      <input_file id="fl-16d">
         <path>C:\ti\ccsv5\tools\compiler\arm_5.1.1\lib\</path>
         <kind>archive</kind>
         <file>rtsv7M4_T_le_v4SPD16_eabi.lib</file>
         <name>fd_toi_t2.obj</name>
      </input_file>
      <input_file id="fl-16e">
         <path>C:\ti\ccsv5\tools\compiler\arm_5.1.1\lib\</path>
         <kind>archive</kind>
         <file>rtsv7M4_T_le_v4SPD16_eabi.lib</file>
         <name>fflush.obj</name>
      </input_file>
      <input_file id="fl-16f">
         <path>C:\ti\ccsv5\tools\compiler\arm_5.1.1\lib\</path>
         <kind>archive</kind>
         <file>rtsv7M4_T_le_v4SPD16_eabi.lib</file>
         <name>fputc.obj</name>
      </input_file>
      <input_file id="fl-170">
         <path>C:\ti\ccsv5\tools\compiler\arm_5.1.1\lib\</path>
         <kind>archive</kind>
         <file>rtsv7M4_T_le_v4SPD16_eabi.lib</file>
         <name>fseek.obj</name>
      </input_file>
      <input_file id="fl-171">
         <path>C:\ti\ccsv5\tools\compiler\arm_5.1.1\lib\</path>
         <kind>archive</kind>
         <file>rtsv7M4_T_le_v4SPD16_eabi.lib</file>
         <name>ll_mul_t2.obj</name>
      </input_file>
      <input_file id="fl-172">
         <path>C:\ti\ccsv5\tools\compiler\arm_5.1.1\lib\</path>
         <kind>archive</kind>
         <file>rtsv7M4_T_le_v4SPD16_eabi.lib</file>
         <name>ltoa.obj</name>
      </input_file>
      <input_file id="fl-173">
         <path>C:\ti\ccsv5\tools\compiler\arm_5.1.1\lib\</path>
         <kind>archive</kind>
         <file>rtsv7M4_T_le_v4SPD16_eabi.lib</file>
         <name>memccpy.obj</name>
      </input_file>
      <input_file id="fl-174">
         <path>C:\ti\ccsv5\tools\compiler\arm_5.1.1\lib\</path>
         <kind>archive</kind>
         <file>rtsv7M4_T_le_v4SPD16_eabi.lib</file>
         <name>setvbuf.obj</name>
      </input_file>
      <input_file id="fl-175">
         <path>C:\ti\ccsv5\tools\compiler\arm_5.1.1\lib\</path>
         <kind>archive</kind>
         <file>rtsv7M4_T_le_v4SPD16_eabi.lib</file>
         <name>strcpy.obj</name>
      </input_file>
      <input_file id="fl-176">
         <path>C:\ti\ccsv5\tools\compiler\arm_5.1.1\lib\</path>
         <kind>archive</kind>
         <file>rtsv7M4_T_le_v4SPD16_eabi.lib</file>
         <name>ull_div_t2.obj</name>
      </input_file>
      <input_file id="fl-177">
         <path>C:\ti\ccsv5\tools\compiler\arm_5.1.1\lib\</path>
         <kind>archive</kind>
         <file>rtsv7M4_T_le_v4SPD16_eabi.lib</file>
         <name>xdclass.obj</name>
      </input_file>
      <input_file id="fl-178">
         <path>C:\ti\ccsv5\tools\compiler\arm_5.1.1\lib\</path>
         <kind>archive</kind>
         <file>rtsv7M4_T_le_v4SPD16_eabi.lib</file>
         <name>xdtest.obj</name>
      </input_file>
      <input_file id="fl-179">
         <path>C:\ti\ccsv5\tools\compiler\arm_5.1.1\lib\</path>
         <kind>archive</kind>
         <file>rtsv7M4_T_le_v4SPD16_eabi.lib</file>
         <name>fopen.obj</name>
      </input_file>
      <input_file id="fl-17a">
         <path>C:\ti\ccsv5\tools\compiler\arm_5.1.1\lib\</path>
         <kind>archive</kind>
         <file>rtsv7M4_T_le_v4SPD16_eabi.lib</file>
         <name>memory.obj</name>
      </input_file>
      <input_file id="fl-17b">
         <path>C:\ti\ccsv5\tools\compiler\arm_5.1.1\lib\</path>
         <kind>archive</kind>
         <file>rtsv7M4_T_le_v4SPD16_eabi.lib</file>
         <name>fclose.obj</name>
      </input_file>
      <input_file id="fl-17c">
         <path>C:\ti\ccsv5\tools\compiler\arm_5.1.1\lib\</path>
         <kind>archive</kind>
         <file>rtsv7M4_T_le_v4SPD16_eabi.lib</file>
         <name>remove.obj</name>
      </input_file>
   </input_file_list>
   <object_component_list>
      <object_component id="oc-e">
         <name>.intvecs</name>
         <load_address>0x0</load_address>
         <run_address>0x0</run_address>
         <size>0x26c</size>
         <input_file_ref idref="fl-4"/>
      </object_component>
      <object_component id="oc-160">
         <name>.text</name>
         <load_address>0x26c</load_address>
         <run_address>0x26c</run_address>
         <size>0x2a24</size>
         <input_file_ref idref="fl-c"/>
      </object_component>
      <object_component id="oc-217">
         <name>.text</name>
         <load_address>0x2c90</load_address>
         <run_address>0x2c90</run_address>
         <size>0xe8c</size>
         <input_file_ref idref="fl-165"/>
      </object_component>
      <object_component id="oc-1cd">
         <name>.text</name>
         <load_address>0x3b1c</load_address>
         <run_address>0x3b1c</run_address>
         <size>0xb94</size>
         <input_file_ref idref="fl-7"/>
      </object_component>
      <object_component id="oc-70">
         <name>.text</name>
         <load_address>0x46b0</load_address>
         <run_address>0x46b0</run_address>
         <size>0x9d8</size>
         <input_file_ref idref="fl-b"/>
      </object_component>
      <object_component id="oc-134">
         <name>.text</name>
         <load_address>0x5088</load_address>
         <run_address>0x5088</run_address>
         <size>0x8b8</size>
         <input_file_ref idref="fl-15"/>
      </object_component>
      <object_component id="oc-66">
         <name>.text</name>
         <load_address>0x5940</load_address>
         <run_address>0x5940</run_address>
         <size>0x604</size>
         <input_file_ref idref="fl-3"/>
      </object_component>
      <object_component id="oc-143">
         <name>.text</name>
         <load_address>0x5f44</load_address>
         <run_address>0x5f44</run_address>
         <size>0x450</size>
         <input_file_ref idref="fl-10"/>
      </object_component>
      <object_component id="oc-95">
         <name>.text</name>
         <load_address>0x6394</load_address>
         <run_address>0x6394</run_address>
         <size>0x440</size>
         <input_file_ref idref="fl-17"/>
      </object_component>
      <object_component id="oc-339">
         <name>.text</name>
         <load_address>0x67d4</load_address>
         <run_address>0x67d4</run_address>
         <size>0x3cc</size>
         <input_file_ref idref="fl-17a"/>
      </object_component>
      <object_component id="oc-237">
         <name>.text</name>
         <load_address>0x6ba0</load_address>
         <run_address>0x6ba0</run_address>
         <size>0x310</size>
         <input_file_ref idref="fl-155"/>
      </object_component>
      <object_component id="oc-75">
         <name>.text</name>
         <load_address>0x6eb0</load_address>
         <run_address>0x6eb0</run_address>
         <size>0x2e4</size>
         <input_file_ref idref="fl-12"/>
      </object_component>
      <object_component id="oc-35a">
         <name>.text</name>
         <load_address>0x7194</load_address>
         <run_address>0x7194</run_address>
         <size>0x2d4</size>
         <input_file_ref idref="fl-160"/>
      </object_component>
      <object_component id="oc-148">
         <name>.text</name>
         <load_address>0x7468</load_address>
         <run_address>0x7468</run_address>
         <size>0x27a</size>
         <input_file_ref idref="fl-18"/>
      </object_component>
      <object_component id="oc-297">
         <name>.text</name>
         <load_address>0x76e2</load_address>
         <run_address>0x76e2</run_address>
         <size>0x1f4</size>
         <input_file_ref idref="fl-176"/>
      </object_component>
      <object_component id="oc-1a1">
         <name>.text:_IntDefaultHandler</name>
         <load_address>0x78d6</load_address>
         <run_address>0x78d6</run_address>
         <size>0x2</size>
         <input_file_ref idref="fl-1f"/>
      </object_component>
      <object_component id="oc-33e">
         <name>.text</name>
         <load_address>0x78d8</load_address>
         <run_address>0x78d8</run_address>
         <size>0x1c0</size>
         <input_file_ref idref="fl-179"/>
      </object_component>
      <object_component id="oc-117">
         <name>.text</name>
         <load_address>0x7a98</load_address>
         <run_address>0x7a98</run_address>
         <size>0x1b6</size>
         <input_file_ref idref="fl-14f"/>
      </object_component>
      <object_component id="oc-2b">
         <name>.text</name>
         <load_address>0x7c50</load_address>
         <run_address>0x7c50</run_address>
         <size>0x1a0</size>
         <input_file_ref idref="fl-14"/>
      </object_component>
      <object_component id="oc-107">
         <name>.text</name>
         <load_address>0x7df0</load_address>
         <run_address>0x7df0</run_address>
         <size>0x136</size>
         <input_file_ref idref="fl-150"/>
      </object_component>
      <object_component id="oc-157">
         <name>.text</name>
         <load_address>0x7f28</load_address>
         <run_address>0x7f28</run_address>
         <size>0x134</size>
         <input_file_ref idref="fl-153"/>
      </object_component>
      <object_component id="oc-12f">
         <name>.text:SysCtlClockSet</name>
         <load_address>0x805c</load_address>
         <run_address>0x805c</run_address>
         <size>0x104</size>
         <input_file_ref idref="fl-1e"/>
      </object_component>
      <object_component id="oc-113">
         <name>.text</name>
         <load_address>0x8160</load_address>
         <run_address>0x8160</run_address>
         <size>0xfc</size>
         <input_file_ref idref="fl-151"/>
      </object_component>
      <object_component id="oc-13e">
         <name>.text</name>
         <load_address>0x825c</load_address>
         <run_address>0x825c</run_address>
         <size>0xe8</size>
         <input_file_ref idref="fl-13"/>
      </object_component>
      <object_component id="oc-2d8">
         <name>.text</name>
         <load_address>0x8344</load_address>
         <run_address>0x8344</run_address>
         <size>0xdc</size>
         <input_file_ref idref="fl-174"/>
      </object_component>
      <object_component id="oc-1d2">
         <name>.text:SysCtlClockGet</name>
         <load_address>0x8420</load_address>
         <run_address>0x8420</run_address>
         <size>0xc8</size>
         <input_file_ref idref="fl-1e"/>
      </object_component>
      <object_component id="oc-232">
         <name>.text</name>
         <load_address>0x84e8</load_address>
         <run_address>0x84e8</run_address>
         <size>0xc0</size>
         <input_file_ref idref="fl-16e"/>
      </object_component>
      <object_component id="oc-223">
         <name>.text</name>
         <load_address>0x85a8</load_address>
         <run_address>0x85a8</run_address>
         <size>0xac</size>
         <input_file_ref idref="fl-163"/>
      </object_component>
      <object_component id="oc-24b">
         <name>.text</name>
         <load_address>0x8654</load_address>
         <run_address>0x8654</run_address>
         <size>0x9c</size>
         <input_file_ref idref="fl-16f"/>
      </object_component>
      <object_component id="oc-44">
         <name>.text</name>
         <load_address>0x86f0</load_address>
         <run_address>0x86f0</run_address>
         <size>0x9c</size>
         <input_file_ref idref="fl-157"/>
      </object_component>
      <object_component id="oc-37c">
         <name>.text</name>
         <load_address>0x878c</load_address>
         <run_address>0x878c</run_address>
         <size>0x98</size>
         <input_file_ref idref="fl-17b"/>
      </object_component>
      <object_component id="oc-33">
         <name>.text</name>
         <load_address>0x8824</load_address>
         <run_address>0x8824</run_address>
         <size>0x94</size>
         <input_file_ref idref="fl-168"/>
      </object_component>
      <object_component id="oc-29f">
         <name>.text:__aeabi_cdcmple</name>
         <load_address>0x88b8</load_address>
         <run_address>0x88b8</run_address>
         <size>0x7e</size>
         <input_file_ref idref="fl-16c"/>
      </object_component>
      <object_component id="oc-2a3">
         <name>.text:__aeabi_cdrcmple</name>
         <load_address>0x8936</load_address>
         <run_address>0x8936</run_address>
         <size>0x7e</size>
         <input_file_ref idref="fl-16c"/>
      </object_component>
      <object_component id="oc-15c">
         <name>.text</name>
         <load_address>0x89b4</load_address>
         <run_address>0x89b4</run_address>
         <size>0x78</size>
         <input_file_ref idref="fl-158"/>
      </object_component>
      <object_component id="oc-165">
         <name>.text</name>
         <load_address>0x8a2c</load_address>
         <run_address>0x8a2c</run_address>
         <size>0x70</size>
         <input_file_ref idref="fl-159"/>
      </object_component>
      <object_component id="oc-14d">
         <name>.text</name>
         <load_address>0x8a9c</load_address>
         <run_address>0x8a9c</run_address>
         <size>0x68</size>
         <input_file_ref idref="fl-11"/>
      </object_component>
      <object_component id="oc-2d3">
         <name>.text</name>
         <load_address>0x8b04</load_address>
         <run_address>0x8b04</run_address>
         <size>0x64</size>
         <input_file_ref idref="fl-170"/>
      </object_component>
      <object_component id="oc-d7">
         <name>.text:IntDisable</name>
         <load_address>0x8b68</load_address>
         <run_address>0x8b68</run_address>
         <size>0x60</size>
         <input_file_ref idref="fl-1f"/>
      </object_component>
      <object_component id="oc-d2">
         <name>.text:IntEnable</name>
         <load_address>0x8bc8</load_address>
         <run_address>0x8bc8</run_address>
         <size>0x60</size>
         <input_file_ref idref="fl-1f"/>
      </object_component>
      <object_component id="oc-152">
         <name>.text</name>
         <load_address>0x8c28</load_address>
         <run_address>0x8c28</run_address>
         <size>0x60</size>
         <input_file_ref idref="fl-15a"/>
      </object_component>
      <object_component id="oc-38c">
         <name>.text</name>
         <load_address>0x8c88</load_address>
         <run_address>0x8c88</run_address>
         <size>0x60</size>
         <input_file_ref idref="fl-161"/>
      </object_component>
      <object_component id="oc-56">
         <name>.text</name>
         <load_address>0x8ce8</load_address>
         <run_address>0x8ce8</run_address>
         <size>0x5e</size>
         <input_file_ref idref="fl-14c"/>
      </object_component>
      <object_component id="oc-1d7">
         <name>.text:TimerConfigure</name>
         <load_address>0x8d48</load_address>
         <run_address>0x8d48</run_address>
         <size>0x5c</size>
         <input_file_ref idref="fl-1d"/>
      </object_component>
      <object_component id="oc-2ab">
         <name>.text</name>
         <load_address>0x8da4</load_address>
         <run_address>0x8da4</run_address>
         <size>0x5a</size>
         <input_file_ref idref="fl-172"/>
      </object_component>
      <object_component id="oc-1e1">
         <name>.text:TimerControlTrigger</name>
         <load_address>0x8e00</load_address>
         <run_address>0x8e00</run_address>
         <size>0x58</size>
         <input_file_ref idref="fl-1d"/>
      </object_component>
      <object_component id="oc-2ba">
         <name>.text</name>
         <load_address>0x8e58</load_address>
         <run_address>0x8e58</run_address>
         <size>0x4c</size>
         <input_file_ref idref="fl-167"/>
      </object_component>
      <object_component id="oc-10">
         <name>.text</name>
         <load_address>0x8ea4</load_address>
         <run_address>0x8ea4</run_address>
         <size>0x48</size>
         <input_file_ref idref="fl-14a"/>
      </object_component>
      <object_component id="oc-2a7">
         <name>.text</name>
         <load_address>0x8eec</load_address>
         <run_address>0x8eec</run_address>
         <size>0x48</size>
         <input_file_ref idref="fl-16d"/>
      </object_component>
      <object_component id="oc-8f">
         <name>.text</name>
         <load_address>0x8f34</load_address>
         <run_address>0x8f34</run_address>
         <size>0x44</size>
         <input_file_ref idref="fl-169"/>
      </object_component>
      <object_component id="oc-3c">
         <name>.text</name>
         <load_address>0x8f78</load_address>
         <run_address>0x8f78</run_address>
         <size>0x44</size>
         <input_file_ref idref="fl-14e"/>
      </object_component>
      <object_component id="oc-10b">
         <name>.text</name>
         <load_address>0x8fbc</load_address>
         <run_address>0x8fbc</run_address>
         <size>0x44</size>
         <input_file_ref idref="fl-152"/>
      </object_component>
      <object_component id="oc-322">
         <name>.text</name>
         <load_address>0x9000</load_address>
         <run_address>0x9000</run_address>
         <size>0x44</size>
         <input_file_ref idref="fl-178"/>
      </object_component>
      <object_component id="oc-cd">
         <name>.text:IntRegister</name>
         <load_address>0x9044</load_address>
         <run_address>0x9044</run_address>
         <size>0x34</size>
         <input_file_ref idref="fl-1f"/>
      </object_component>
      <object_component id="oc-1c8">
         <name>.text:SysCtlPeripheralEnable</name>
         <load_address>0x9078</load_address>
         <run_address>0x9078</run_address>
         <size>0x34</size>
         <input_file_ref idref="fl-1e"/>
      </object_component>
      <object_component id="oc-2f1">
         <name>.text</name>
         <load_address>0x90ac</load_address>
         <run_address>0x90ac</run_address>
         <size>0x30</size>
         <input_file_ref idref="fl-15f"/>
      </object_component>
      <object_component id="oc-10f">
         <name>.text</name>
         <load_address>0x90dc</load_address>
         <run_address>0x90dc</run_address>
         <size>0x2e</size>
         <input_file_ref idref="fl-154"/>
      </object_component>
      <object_component id="oc-103">
         <name>.text</name>
         <load_address>0x910a</load_address>
         <run_address>0x910a</run_address>
         <size>0x20</size>
         <input_file_ref idref="fl-162"/>
      </object_component>
      <object_component id="oc-2b5">
         <name>.text</name>
         <load_address>0x912a</load_address>
         <run_address>0x912a</run_address>
         <size>0x1c</size>
         <input_file_ref idref="fl-173"/>
      </object_component>
      <object_component id="oc-37">
         <name>.text</name>
         <load_address>0x9148</load_address>
         <run_address>0x9148</run_address>
         <size>0x18</size>
         <input_file_ref idref="fl-166"/>
      </object_component>
      <object_component id="oc-29b">
         <name>.text</name>
         <load_address>0x9160</load_address>
         <run_address>0x9160</run_address>
         <size>0x18</size>
         <input_file_ref idref="fl-171"/>
      </object_component>
      <object_component id="oc-2e7">
         <name>.text</name>
         <load_address>0x9178</load_address>
         <run_address>0x9178</run_address>
         <size>0x18</size>
         <input_file_ref idref="fl-15d"/>
      </object_component>
      <object_component id="oc-22d">
         <name>.text</name>
         <load_address>0x9190</load_address>
         <run_address>0x9190</run_address>
         <size>0x16</size>
         <input_file_ref idref="fl-156"/>
      </object_component>
      <object_component id="oc-2ec">
         <name>.text</name>
         <load_address>0x91a6</load_address>
         <run_address>0x91a6</run_address>
         <size>0x16</size>
         <input_file_ref idref="fl-15c"/>
      </object_component>
      <object_component id="oc-dc">
         <name>.text:IntUnregister</name>
         <load_address>0x91bc</load_address>
         <run_address>0x91bc</run_address>
         <size>0x14</size>
         <input_file_ref idref="fl-1f"/>
      </object_component>
      <object_component id="oc-187">
         <name>.text</name>
         <load_address>0x91d0</load_address>
         <run_address>0x91d0</run_address>
         <size>0x14</size>
         <input_file_ref idref="fl-164"/>
      </object_component>
      <object_component id="oc-228">
         <name>.text</name>
         <load_address>0x91e4</load_address>
         <run_address>0x91e4</run_address>
         <size>0x14</size>
         <input_file_ref idref="fl-15e"/>
      </object_component>
      <object_component id="oc-1dc">
         <name>.text:TimerLoadSet</name>
         <load_address>0x91f8</load_address>
         <run_address>0x91f8</run_address>
         <size>0x12</size>
         <input_file_ref idref="fl-1d"/>
      </object_component>
      <object_component id="oc-19">
         <name>.text:decompress:ZI</name>
         <load_address>0x920a</load_address>
         <run_address>0x920a</run_address>
         <size>0x12</size>
         <input_file_ref idref="fl-14d"/>
      </object_component>
      <object_component id="oc-2b0">
         <name>.text</name>
         <load_address>0x921c</load_address>
         <run_address>0x921c</run_address>
         <size>0x12</size>
         <input_file_ref idref="fl-177"/>
      </object_component>
      <object_component id="oc-391">
         <name>.text</name>
         <load_address>0x922e</load_address>
         <run_address>0x922e</run_address>
         <size>0x10</size>
         <input_file_ref idref="fl-175"/>
      </object_component>
      <object_component id="oc-1eb">
         <name>.text:TimerEnable</name>
         <load_address>0x923e</load_address>
         <run_address>0x923e</run_address>
         <size>0xe</size>
         <input_file_ref idref="fl-1d"/>
      </object_component>
      <object_component id="oc-14">
         <name>.text:decompress:none</name>
         <load_address>0x924c</load_address>
         <run_address>0x924c</run_address>
         <size>0xe</size>
         <input_file_ref idref="fl-14b"/>
      </object_component>
      <object_component id="oc-1f2">
         <name>.text:CPUcpsie</name>
         <load_address>0x925a</load_address>
         <run_address>0x925a</run_address>
         <size>0xc</size>
         <input_file_ref idref="fl-20"/>
      </object_component>
      <object_component id="oc-26">
         <name>.text</name>
         <load_address>0x9266</load_address>
         <run_address>0x9266</run_address>
         <size>0xc</size>
         <input_file_ref idref="fl-4"/>
      </object_component>
      <object_component id="oc-139">
         <name>.text:IntMasterEnable</name>
         <load_address>0x9272</load_address>
         <run_address>0x9272</run_address>
         <size>0xa</size>
         <input_file_ref idref="fl-1f"/>
      </object_component>
      <object_component id="oc-1e6">
         <name>.text:TimerIntEnable</name>
         <load_address>0x927c</load_address>
         <run_address>0x927c</run_address>
         <size>0x8</size>
         <input_file_ref idref="fl-1d"/>
      </object_component>
      <object_component id="oc-1c5">
         <name>.text:SysCtlDelay</name>
         <load_address>0x9284</load_address>
         <run_address>0x9284</run_address>
         <size>0x6</size>
         <input_file_ref idref="fl-1e"/>
      </object_component>
      <object_component id="oc-1e">
         <name>.text:decompress:rle24</name>
         <load_address>0x928a</load_address>
         <run_address>0x928a</run_address>
         <size>0x6</size>
         <input_file_ref idref="fl-14c"/>
      </object_component>
      <object_component id="oc-6b">
         <name>.text:TimerIntClear</name>
         <load_address>0x9290</load_address>
         <run_address>0x9290</run_address>
         <size>0x4</size>
         <input_file_ref idref="fl-1d"/>
      </object_component>
      <object_component id="oc-32a">
         <name>.const:.string:_ctypes_</name>
         <load_address>0x9294</load_address>
         <run_address>0x9294</run_address>
         <size>0x102</size>
         <input_file_ref idref="fl-16a"/>
      </object_component>
      <object_component id="oc-27e">
         <name>.const:g_ppui32GPIOIntMapBlizzard</name>
         <load_address>0x9398</load_address>
         <run_address>0x9398</run_address>
         <size>0xc0</size>
         <input_file_ref idref="fl-7"/>
      </object_component>
      <object_component id="oc-282">
         <name>.const:g_ppui32GPIOIntMapSnowflake</name>
         <load_address>0x9458</load_address>
         <run_address>0x9458</run_address>
         <size>0xc0</size>
         <input_file_ref idref="fl-7"/>
      </object_component>
      <object_component id="oc-284">
         <name>.const:g_pui32GPIOBaseAddrs</name>
         <load_address>0x9518</load_address>
         <run_address>0x9518</run_address>
         <size>0x90</size>
         <input_file_ref idref="fl-7"/>
      </object_component>
      <object_component id="oc-19d">
         <name>.const</name>
         <load_address>0x95a8</load_address>
         <run_address>0x95a8</run_address>
         <size>0x70</size>
         <input_file_ref idref="fl-1f"/>
      </object_component>
      <object_component id="oc-288">
         <name>.const:g_pui32Xtals</name>
         <load_address>0x9618</load_address>
         <run_address>0x9618</run_address>
         <size>0x6c</size>
         <input_file_ref idref="fl-1e"/>
      </object_component>
      <object_component id="oc-c7">
         <name>.const:g_ppui32UARTIntMap</name>
         <load_address>0x9684</load_address>
         <run_address>0x9684</run_address>
         <size>0x40</size>
         <input_file_ref idref="fl-3"/>
      </object_component>
      <object_component id="oc-cb">
         <name>.const:g_ppui32UARTIntMapSnowflake</name>
         <load_address>0x96c4</load_address>
         <run_address>0x96c4</run_address>
         <size>0x40</size>
         <input_file_ref idref="fl-3"/>
      </object_component>
      <object_component id="oc-280">
         <name>.const</name>
         <load_address>0x9704</load_address>
         <run_address>0x9704</run_address>
         <size>0x8</size>
         <input_file_ref idref="fl-7"/>
      </object_component>
      <object_component id="oc-c9">
         <name>.const</name>
         <load_address>0x970c</load_address>
         <run_address>0x970c</run_address>
         <size>0x8</size>
         <input_file_ref idref="fl-3"/>
      </object_component>
      <object_component id="oc-3d9">
         <name>.cinit..data.load</name>
         <load_address>0x9718</load_address>
         <run_address>0x9718</run_address>
         <size>0x81</size>
      </object_component>
      <object_component id="oc-3d6">
         <name>__TI_handler_table</name>
         <load_address>0x979c</load_address>
         <run_address>0x979c</run_address>
         <size>0xc</size>
      </object_component>
      <object_component id="oc-3da">
         <name>.cinit..bss.load</name>
         <load_address>0x97a8</load_address>
         <run_address>0x97a8</run_address>
         <size>0x8</size>
      </object_component>
      <object_component id="oc-3d8">
         <name>.cinit..vtable.load</name>
         <load_address>0x97b0</load_address>
         <run_address>0x97b0</run_address>
         <size>0x8</size>
      </object_component>
      <object_component id="oc-3d7">
         <name>__TI_cinit_table</name>
         <load_address>0x97b8</load_address>
         <run_address>0x97b8</run_address>
         <size>0x18</size>
      </object_component>
      <object_component id="oc-199">
         <name>.vtable</name>
         <uninitialized>true</uninitialized>
         <run_address>0x20000000</run_address>
         <size>0x26c</size>
         <input_file_ref idref="fl-1f"/>
      </object_component>
      <object_component id="oc-41">
         <name>.data</name>
         <load_address>0x20002160</load_address>
         <run_address>0x20002160</run_address>
         <size>0x4</size>
         <input_file_ref idref="fl-15b"/>
      </object_component>
      <object_component id="oc-81">
         <name>.data</name>
         <load_address>0x20002144</load_address>
         <run_address>0x20002144</run_address>
         <size>0x8</size>
         <input_file_ref idref="fl-14"/>
      </object_component>
      <object_component id="oc-a1">
         <name>.data</name>
         <load_address>0x2000214c</load_address>
         <run_address>0x2000214c</run_address>
         <size>0x8</size>
         <input_file_ref idref="fl-164"/>
      </object_component>
      <object_component id="oc-a3">
         <name>.data</name>
         <load_address>0x20002154</load_address>
         <run_address>0x20002154</run_address>
         <size>0x8</size>
         <input_file_ref idref="fl-14e"/>
      </object_component>
      <object_component id="oc-f2">
         <name>.data</name>
         <load_address>0x20002164</load_address>
         <run_address>0x20002164</run_address>
         <size>0x2</size>
         <input_file_ref idref="fl-b"/>
      </object_component>
      <object_component id="oc-11f">
         <name>.data</name>
         <load_address>0x20002166</load_address>
         <run_address>0x20002166</run_address>
         <size>0x2</size>
         <input_file_ref idref="fl-12"/>
      </object_component>
      <object_component id="oc-23c">
         <name>.data:_ftable</name>
         <load_address>0x20001f68</load_address>
         <run_address>0x20001f68</run_address>
         <size>0xf0</size>
         <input_file_ref idref="fl-16b"/>
      </object_component>
      <object_component id="oc-2e3">
         <name>.data</name>
         <load_address>0x20002128</load_address>
         <run_address>0x20002128</run_address>
         <size>0x10</size>
         <input_file_ref idref="fl-16b"/>
      </object_component>
      <object_component id="oc-2f6">
         <name>.data</name>
         <load_address>0x20002058</load_address>
         <run_address>0x20002058</run_address>
         <size>0xd0</size>
         <input_file_ref idref="fl-155"/>
      </object_component>
      <object_component id="oc-379">
         <name>.data</name>
         <load_address>0x20002138</load_address>
         <run_address>0x20002138</run_address>
         <size>0xc</size>
         <input_file_ref idref="fl-17a"/>
      </object_component>
      <object_component id="oc-381">
         <name>.data</name>
         <load_address>0x2000215c</load_address>
         <run_address>0x2000215c</run_address>
         <size>0x4</size>
         <input_file_ref idref="fl-179"/>
      </object_component>
      <object_component id="oc-16e">
         <name>.bss:uart_tx_buffer</name>
         <uninitialized>true</uninitialized>
         <run_address>0x200014e0</run_address>
         <size>0x210</size>
         <input_file_ref idref="fl-10"/>
      </object_component>
      <object_component id="oc-170">
         <name>.bss:g_fifo_ping</name>
         <uninitialized>true</uninitialized>
         <run_address>0x20000270</run_address>
         <size>0x404</size>
         <input_file_ref idref="fl-18"/>
      </object_component>
      <object_component id="oc-172">
         <name>.bss:buffer</name>
         <uninitialized>true</uninitialized>
         <run_address>0x20000a78</run_address>
         <size>0x400</size>
         <input_file_ref idref="fl-17"/>
      </object_component>
      <object_component id="oc-174">
         <name>.bss:g_fifo_pong</name>
         <uninitialized>true</uninitialized>
         <run_address>0x20000674</run_address>
         <size>0x404</size>
         <input_file_ref idref="fl-18"/>
      </object_component>
      <object_component id="oc-177">
         <name>.bss:fs</name>
         <uninitialized>true</uninitialized>
         <run_address>0x20000e78</run_address>
         <size>0x234</size>
         <input_file_ref idref="fl-17"/>
      </object_component>
      <object_component id="oc-17a">
         <name>.bss:ftxt</name>
         <uninitialized>true</uninitialized>
         <run_address>0x200010ac</run_address>
         <size>0x224</size>
         <input_file_ref idref="fl-17"/>
      </object_component>
      <object_component id="oc-201">
         <name>.bss:uart_rx_buffer</name>
         <uninitialized>true</uninitialized>
         <run_address>0x200012d0</run_address>
         <size>0x210</size>
         <input_file_ref idref="fl-10"/>
      </object_component>
      <object_component id="oc-3a4">
         <name>.bss:__TI_tmpnams</name>
         <uninitialized>true</uninitialized>
         <run_address>0x20001810</run_address>
         <size>0xa0</size>
         <input_file_ref idref="fl-16b"/>
      </object_component>
      <object_component id="oc-3aa">
         <name>.bss:__CIOBUF_</name>
         <uninitialized>true</uninitialized>
         <run_address>0x200016f0</run_address>
         <size>0x120</size>
         <input_file_ref idref="fl-161"/>
      </object_component>
      <object_component id="oc-f6">
         <name>.common:Timer1</name>
         <uninitialized>true</uninitialized>
         <run_address>0x2000191d</run_address>
         <size>0x1</size>
      </object_component>
      <object_component id="oc-f7">
         <name>.common:Timer2</name>
         <uninitialized>true</uninitialized>
         <run_address>0x2000191e</run_address>
         <size>0x1</size>
      </object_component>
      <object_component id="oc-f5">
         <name>.common:CardType</name>
         <uninitialized>true</uninitialized>
         <run_address>0x2000191c</run_address>
         <size>0x1</size>
      </object_component>
      <object_component id="oc-244">
         <name>.common:FatFs</name>
         <uninitialized>true</uninitialized>
         <run_address>0x20001900</run_address>
         <size>0x4</size>
      </object_component>
      <object_component id="oc-243">
         <name>.common:Fsid</name>
         <uninitialized>true</uninitialized>
         <run_address>0x200018c2</run_address>
         <size>0x2</size>
      </object_component>
      <object_component id="oc-17d">
         <name>.common:dp</name>
         <uninitialized>true</uninitialized>
         <run_address>0x200018b0</run_address>
         <size>0x12</size>
      </object_component>
      <object_component id="oc-203">
         <name>.common:command</name>
         <uninitialized>true</uninitialized>
         <run_address>0x200018f8</run_address>
         <size>0x6</size>
      </object_component>
      <object_component id="oc-1fa">
         <name>.common:ulink_system</name>
         <uninitialized>true</uninitialized>
         <run_address>0x2000191a</run_address>
         <size>0x2</size>
      </object_component>
      <object_component id="oc-213">
         <name>.common:i$1</name>
         <uninitialized>true</uninitialized>
         <run_address>0x20001914</run_address>
         <size>0x2</size>
      </object_component>
      <object_component id="oc-214">
         <name>.common:returnval$2</name>
         <uninitialized>true</uninitialized>
         <run_address>0x20001920</run_address>
         <size>0x1</size>
      </object_component>
      <object_component id="oc-215">
         <name>.common:returnval$4</name>
         <uninitialized>true</uninitialized>
         <run_address>0x20001921</run_address>
         <size>0x1</size>
      </object_component>
      <object_component id="oc-7d">
         <name>.common:g_uart0_data</name>
         <uninitialized>true</uninitialized>
         <run_address>0x2000190c</run_address>
         <size>0x4</size>
      </object_component>
      <object_component id="oc-11b">
         <name>.common:inc</name>
         <uninitialized>true</uninitialized>
         <run_address>0x20001916</run_address>
         <size>0x2</size>
      </object_component>
      <object_component id="oc-11d">
         <name>.common:dec</name>
         <uninitialized>true</uninitialized>
         <run_address>0x200018fe</run_address>
         <size>0x2</size>
      </object_component>
      <object_component id="oc-11e">
         <name>.common:lin_coeff$1</name>
         <uninitialized>true</uninitialized>
         <run_address>0x200018e8</run_address>
         <size>0x8</size>
      </object_component>
      <object_component id="oc-20a">
         <name>.common:adc0_buffer</name>
         <uninitialized>true</uninitialized>
         <run_address>0x200018c4</run_address>
         <size>0xc</size>
      </object_component>
      <object_component id="oc-208">
         <name>.common:adc1_buffer</name>
         <uninitialized>true</uninitialized>
         <run_address>0x200018d0</run_address>
         <size>0xc</size>
      </object_component>
      <object_component id="oc-204">
         <name>.common:delta</name>
         <uninitialized>true</uninitialized>
         <run_address>0x20001908</run_address>
         <size>0x4</size>
      </object_component>
      <object_component id="oc-7e">
         <name>.common:wt1cpp0_tav_buffer</name>
         <uninitialized>true</uninitialized>
         <run_address>0x20001910</run_address>
         <size>0x4</size>
      </object_component>
      <object_component id="oc-179">
         <name>.common:res</name>
         <uninitialized>true</uninitialized>
         <run_address>0x2000191f</run_address>
         <size>0x1</size>
      </object_component>
      <object_component id="oc-176">
         <name>.common:filename</name>
         <uninitialized>true</uninitialized>
         <run_address>0x200018dc</run_address>
         <size>0xc</size>
      </object_component>
      <object_component id="oc-17e">
         <name>.common:scan_period_actual</name>
         <uninitialized>true</uninitialized>
         <run_address>0x20001918</run_address>
         <size>0x2</size>
      </object_component>
      <object_component id="oc-17c">
         <name>.common:b_aux</name>
         <uninitialized>true</uninitialized>
         <run_address>0x20001904</run_address>
         <size>0x4</size>
      </object_component>
      <object_component id="oc-396">
         <name>.common:parmbuf</name>
         <uninitialized>true</uninitialized>
         <run_address>0x200018f0</run_address>
         <size>0x8</size>
      </object_component>
      <object_component id="oc-24">
         <name>.sysmem</name>
         <uninitialized>true</uninitialized>
         <run_address>0x20001c48</run_address>
         <size>0x8</size>
         <input_file_ref idref="fl-17a"/>
      </object_component>
      <object_component id="oc-3dc">
         <name>.sysmem</name>
         <uninitialized>true</uninitialized>
         <run_address>0x20001c48</run_address>
         <size>0x0</size>
      </object_component>
      <object_component id="oc-23">
         <name>.stack</name>
         <uninitialized>true</uninitialized>
         <run_address>0x20001924</run_address>
         <size>0x0</size>
         <input_file_ref idref="fl-14a"/>
      </object_component>
      <object_component id="oc-3db">
         <name>.stack</name>
         <uninitialized>true</uninitialized>
         <run_address>0x20001924</run_address>
         <size>0x0</size>
      </object_component>
      <object_component id="oc-f">
         <name>.debug_info</name>
         <load_address>0x0</load_address>
         <run_address>0x0</run_address>
         <size>0xf3</size>
         <input_file_ref idref="fl-4"/>
      </object_component>
      <object_component id="oc-12">
         <name>.debug_info</name>
         <load_address>0xf3</load_address>
         <run_address>0xf3</run_address>
         <size>0xf3</size>
         <input_file_ref idref="fl-14a"/>
      </object_component>
      <object_component id="oc-18">
         <name>.debug_info</name>
         <load_address>0x1e6</load_address>
         <run_address>0x1e6</run_address>
         <size>0x194</size>
         <input_file_ref idref="fl-14b"/>
      </object_component>
      <object_component id="oc-1a">
         <name>.debug_info</name>
         <load_address>0x37a</load_address>
         <run_address>0x37a</run_address>
         <size>0x16a</size>
         <input_file_ref idref="fl-14d"/>
      </object_component>
      <object_component id="oc-20">
         <name>.debug_info</name>
         <load_address>0x4e4</load_address>
         <run_address>0x4e4</run_address>
         <size>0x18e</size>
         <input_file_ref idref="fl-14c"/>
      </object_component>
      <object_component id="oc-25">
         <name>.debug_info</name>
         <load_address>0x672</load_address>
         <run_address>0x672</run_address>
         <size>0xb6</size>
         <input_file_ref idref="fl-17a"/>
      </object_component>
      <object_component id="oc-29">
         <name>.debug_info</name>
         <load_address>0x728</load_address>
         <run_address>0x728</run_address>
         <size>0x2af</size>
         <input_file_ref idref="fl-4"/>
      </object_component>
      <object_component id="oc-2c">
         <name>.debug_info</name>
         <load_address>0x9d7</load_address>
         <run_address>0x9d7</run_address>
         <size>0x555</size>
         <input_file_ref idref="fl-14"/>
      </object_component>
      <object_component id="oc-32">
         <name>.debug_info</name>
         <load_address>0xf2c</load_address>
         <run_address>0xf2c</run_address>
         <size>0x286</size>
         <input_file_ref idref="fl-4"/>
      </object_component>
      <object_component id="oc-34">
         <name>.debug_info</name>
         <load_address>0x11b2</load_address>
         <run_address>0x11b2</run_address>
         <size>0x13d</size>
         <input_file_ref idref="fl-168"/>
      </object_component>
      <object_component id="oc-39">
         <name>.debug_info</name>
         <load_address>0x12ef</load_address>
         <run_address>0x12ef</run_address>
         <size>0x11c</size>
         <input_file_ref idref="fl-166"/>
      </object_component>
      <object_component id="oc-3d">
         <name>.debug_info</name>
         <load_address>0x140b</load_address>
         <run_address>0x140b</run_address>
         <size>0x1c2</size>
         <input_file_ref idref="fl-14e"/>
      </object_component>
      <object_component id="oc-42">
         <name>.debug_info</name>
         <load_address>0x15cd</load_address>
         <run_address>0x15cd</run_address>
         <size>0xbe</size>
         <input_file_ref idref="fl-15b"/>
      </object_component>
      <object_component id="oc-46">
         <name>.debug_info</name>
         <load_address>0x168b</load_address>
         <run_address>0x168b</run_address>
         <size>0xcc</size>
         <input_file_ref idref="fl-157"/>
      </object_component>
      <object_component id="oc-49">
         <name>.debug_info</name>
         <load_address>0x1757</load_address>
         <run_address>0x1757</run_address>
         <size>0x46</size>
         <input_file_ref idref="fl-14b"/>
      </object_component>
      <object_component id="oc-4e">
         <name>.debug_info</name>
         <load_address>0x179d</load_address>
         <run_address>0x179d</run_address>
         <size>0xf2</size>
         <input_file_ref idref="fl-14b"/>
      </object_component>
      <object_component id="oc-50">
         <name>.debug_info</name>
         <load_address>0x188f</load_address>
         <run_address>0x188f</run_address>
         <size>0x46</size>
         <input_file_ref idref="fl-14d"/>
      </object_component>
      <object_component id="oc-55">
         <name>.debug_info</name>
         <load_address>0x18d5</load_address>
         <run_address>0x18d5</run_address>
         <size>0xad</size>
         <input_file_ref idref="fl-14d"/>
      </object_component>
      <object_component id="oc-57">
         <name>.debug_info</name>
         <load_address>0x1982</load_address>
         <run_address>0x1982</run_address>
         <size>0x1ef</size>
         <input_file_ref idref="fl-14c"/>
      </object_component>
      <object_component id="oc-5c">
         <name>.debug_info</name>
         <load_address>0x1b71</load_address>
         <run_address>0x1b71</run_address>
         <size>0xb7</size>
         <input_file_ref idref="fl-14c"/>
      </object_component>
      <object_component id="oc-5d">
         <name>.debug_info</name>
         <load_address>0x1c28</load_address>
         <run_address>0x1c28</run_address>
         <size>0x39</size>
         <input_file_ref idref="fl-14c"/>
      </object_component>
      <object_component id="oc-64">
         <name>.debug_info</name>
         <load_address>0x1c61</load_address>
         <run_address>0x1c61</run_address>
         <size>0x1d7</size>
         <input_file_ref idref="fl-17a"/>
      </object_component>
      <object_component id="oc-67">
         <name>.debug_info</name>
         <load_address>0x1e38</load_address>
         <run_address>0x1e38</run_address>
         <size>0x259f</size>
         <input_file_ref idref="fl-3"/>
      </object_component>
      <object_component id="oc-6d">
         <name>.debug_info</name>
         <load_address>0x43d7</load_address>
         <run_address>0x43d7</run_address>
         <size>0x1f6</size>
         <input_file_ref idref="fl-1d"/>
      </object_component>
      <object_component id="oc-71">
         <name>.debug_info</name>
         <load_address>0x45cd</load_address>
         <run_address>0x45cd</run_address>
         <size>0x1875</size>
         <input_file_ref idref="fl-b"/>
      </object_component>
      <object_component id="oc-78">
         <name>.debug_info</name>
         <load_address>0x5e42</load_address>
         <run_address>0x5e42</run_address>
         <size>0x5c9</size>
         <input_file_ref idref="fl-12"/>
      </object_component>
      <object_component id="oc-7b">
         <name>.debug_info</name>
         <load_address>0x640b</load_address>
         <run_address>0x640b</run_address>
         <size>0x139</size>
         <input_file_ref idref="fl-11"/>
      </object_component>
      <object_component id="oc-7f">
         <name>.debug_info</name>
         <load_address>0x6544</load_address>
         <run_address>0x6544</run_address>
         <size>0x2ee</size>
         <input_file_ref idref="fl-14"/>
      </object_component>
      <object_component id="oc-82">
         <name>.debug_info</name>
         <load_address>0x6832</load_address>
         <run_address>0x6832</run_address>
         <size>0x12b</size>
         <input_file_ref idref="fl-14"/>
      </object_component>
      <object_component id="oc-88">
         <name>.debug_info</name>
         <load_address>0x695d</load_address>
         <run_address>0x695d</run_address>
         <size>0x18b</size>
         <input_file_ref idref="fl-2"/>
      </object_component>
      <object_component id="oc-93">
         <name>.debug_info</name>
         <load_address>0x6ae8</load_address>
         <run_address>0x6ae8</run_address>
         <size>0x14b</size>
         <input_file_ref idref="fl-169"/>
      </object_component>
      <object_component id="oc-97">
         <name>.debug_info</name>
         <load_address>0x6c33</load_address>
         <run_address>0x6c33</run_address>
         <size>0x4d1</size>
         <input_file_ref idref="fl-17"/>
      </object_component>
      <object_component id="oc-9b">
         <name>.debug_info</name>
         <load_address>0x7104</load_address>
         <run_address>0x7104</run_address>
         <size>0x84</size>
         <input_file_ref idref="fl-2"/>
      </object_component>
      <object_component id="oc-a0">
         <name>.debug_info</name>
         <load_address>0x7188</load_address>
         <run_address>0x7188</run_address>
         <size>0x11b</size>
         <input_file_ref idref="fl-166"/>
      </object_component>
      <object_component id="oc-a2">
         <name>.debug_info</name>
         <load_address>0x72a3</load_address>
         <run_address>0x72a3</run_address>
         <size>0xc8</size>
         <input_file_ref idref="fl-164"/>
      </object_component>
      <object_component id="oc-a4">
         <name>.debug_info</name>
         <load_address>0x736b</load_address>
         <run_address>0x736b</run_address>
         <size>0xeb</size>
         <input_file_ref idref="fl-14e"/>
      </object_component>
      <object_component id="oc-a6">
         <name>.debug_info</name>
         <load_address>0x7456</load_address>
         <run_address>0x7456</run_address>
         <size>0x146</size>
         <input_file_ref idref="fl-14e"/>
      </object_component>
      <object_component id="oc-aa">
         <name>.debug_info</name>
         <load_address>0x759c</load_address>
         <run_address>0x759c</run_address>
         <size>0x2c</size>
         <input_file_ref idref="fl-14b"/>
      </object_component>
      <object_component id="oc-b1">
         <name>.debug_info</name>
         <load_address>0x75c8</load_address>
         <run_address>0x75c8</run_address>
         <size>0x2c</size>
         <input_file_ref idref="fl-14d"/>
      </object_component>
      <object_component id="oc-bd">
         <name>.debug_info</name>
         <load_address>0x75f4</load_address>
         <run_address>0x75f4</run_address>
         <size>0x2c</size>
         <input_file_ref idref="fl-179"/>
      </object_component>
      <object_component id="oc-c2">
         <name>.debug_info</name>
         <load_address>0x7620</load_address>
         <run_address>0x7620</run_address>
         <size>0x62</size>
         <input_file_ref idref="fl-17a"/>
      </object_component>
      <object_component id="oc-c8">
         <name>.debug_info</name>
         <load_address>0x7682</load_address>
         <run_address>0x7682</run_address>
         <size>0xea</size>
         <input_file_ref idref="fl-3"/>
      </object_component>
      <object_component id="oc-ca">
         <name>.debug_info</name>
         <load_address>0x776c</load_address>
         <run_address>0x776c</run_address>
         <size>0x134</size>
         <input_file_ref idref="fl-3"/>
      </object_component>
      <object_component id="oc-cc">
         <name>.debug_info</name>
         <load_address>0x78a0</load_address>
         <run_address>0x78a0</run_address>
         <size>0xfc</size>
         <input_file_ref idref="fl-3"/>
      </object_component>
      <object_component id="oc-ce">
         <name>.debug_info</name>
         <load_address>0x799c</load_address>
         <run_address>0x799c</run_address>
         <size>0x2b0</size>
         <input_file_ref idref="fl-1f"/>
      </object_component>
      <object_component id="oc-d3">
         <name>.debug_info</name>
         <load_address>0x7c4c</load_address>
         <run_address>0x7c4c</run_address>
         <size>0x1cc</size>
         <input_file_ref idref="fl-1f"/>
      </object_component>
      <object_component id="oc-d8">
         <name>.debug_info</name>
         <load_address>0x7e18</load_address>
         <run_address>0x7e18</run_address>
         <size>0x1ce</size>
         <input_file_ref idref="fl-1f"/>
      </object_component>
      <object_component id="oc-dd">
         <name>.debug_info</name>
         <load_address>0x7fe6</load_address>
         <run_address>0x7fe6</run_address>
         <size>0x1d4</size>
         <input_file_ref idref="fl-1f"/>
      </object_component>
      <object_component id="oc-e2">
         <name>.debug_info</name>
         <load_address>0x81ba</load_address>
         <run_address>0x81ba</run_address>
         <size>0x19b</size>
         <input_file_ref idref="fl-3"/>
      </object_component>
      <object_component id="oc-e3">
         <name>.debug_info</name>
         <load_address>0x8355</load_address>
         <run_address>0x8355</run_address>
         <size>0x2c</size>
         <input_file_ref idref="fl-2"/>
      </object_component>
      <object_component id="oc-e9">
         <name>.debug_info</name>
         <load_address>0x8381</load_address>
         <run_address>0x8381</run_address>
         <size>0x18b</size>
         <input_file_ref idref="fl-1d"/>
      </object_component>
      <object_component id="oc-ee">
         <name>.debug_info</name>
         <load_address>0x850c</load_address>
         <run_address>0x850c</run_address>
         <size>0x1cf</size>
         <input_file_ref idref="fl-1d"/>
      </object_component>
      <object_component id="oc-f0">
         <name>.debug_info</name>
         <load_address>0x86db</load_address>
         <run_address>0x86db</run_address>
         <size>0x15c</size>
         <input_file_ref idref="fl-b"/>
      </object_component>
      <object_component id="oc-f3">
         <name>.debug_info</name>
         <load_address>0x8837</load_address>
         <run_address>0x8837</run_address>
         <size>0x101</size>
         <input_file_ref idref="fl-b"/>
      </object_component>
      <object_component id="oc-f9">
         <name>.debug_info</name>
         <load_address>0x8938</load_address>
         <run_address>0x8938</run_address>
         <size>0xe4</size>
         <input_file_ref idref="fl-b"/>
      </object_component>
      <object_component id="oc-fe">
         <name>.debug_info</name>
         <load_address>0x8a1c</load_address>
         <run_address>0x8a1c</run_address>
         <size>0x70</size>
         <input_file_ref idref="fl-b"/>
      </object_component>
      <object_component id="oc-104">
         <name>.debug_info</name>
         <load_address>0x8a8c</load_address>
         <run_address>0x8a8c</run_address>
         <size>0xe1</size>
         <input_file_ref idref="fl-162"/>
      </object_component>
      <object_component id="oc-108">
         <name>.debug_info</name>
         <load_address>0x8b6d</load_address>
         <run_address>0x8b6d</run_address>
         <size>0xed</size>
         <input_file_ref idref="fl-150"/>
      </object_component>
      <object_component id="oc-10d">
         <name>.debug_info</name>
         <load_address>0x8c5a</load_address>
         <run_address>0x8c5a</run_address>
         <size>0xec</size>
         <input_file_ref idref="fl-152"/>
      </object_component>
      <object_component id="oc-110">
         <name>.debug_info</name>
         <load_address>0x8d46</load_address>
         <run_address>0x8d46</run_address>
         <size>0xdf</size>
         <input_file_ref idref="fl-154"/>
      </object_component>
      <object_component id="oc-114">
         <name>.debug_info</name>
         <load_address>0x8e25</load_address>
         <run_address>0x8e25</run_address>
         <size>0xed</size>
         <input_file_ref idref="fl-151"/>
      </object_component>
      <object_component id="oc-118">
         <name>.debug_info</name>
         <load_address>0x8f12</load_address>
         <run_address>0x8f12</run_address>
         <size>0xff</size>
         <input_file_ref idref="fl-14f"/>
      </object_component>
      <object_component id="oc-11c">
         <name>.debug_info</name>
         <load_address>0x9011</load_address>
         <run_address>0x9011</run_address>
         <size>0xf0</size>
         <input_file_ref idref="fl-12"/>
      </object_component>
      <object_component id="oc-120">
         <name>.debug_info</name>
         <load_address>0x9101</load_address>
         <run_address>0x9101</run_address>
         <size>0xe2</size>
         <input_file_ref idref="fl-12"/>
      </object_component>
      <object_component id="oc-124">
         <name>.debug_info</name>
         <load_address>0x91e3</load_address>
         <run_address>0x91e3</run_address>
         <size>0x76</size>
         <input_file_ref idref="fl-11"/>
      </object_component>
      <object_component id="oc-12e">
         <name>.debug_info</name>
         <load_address>0x9259</load_address>
         <run_address>0x9259</run_address>
         <size>0x148</size>
         <input_file_ref idref="fl-169"/>
      </object_component>
      <object_component id="oc-130">
         <name>.debug_info</name>
         <load_address>0x93a1</load_address>
         <run_address>0x93a1</run_address>
         <size>0x2d4</size>
         <input_file_ref idref="fl-1e"/>
      </object_component>
      <object_component id="oc-137">
         <name>.debug_info</name>
         <load_address>0x9675</load_address>
         <run_address>0x9675</run_address>
         <size>0x913</size>
         <input_file_ref idref="fl-15"/>
      </object_component>
      <object_component id="oc-13a">
         <name>.debug_info</name>
         <load_address>0x9f88</load_address>
         <run_address>0x9f88</run_address>
         <size>0x1a2</size>
         <input_file_ref idref="fl-1f"/>
      </object_component>
      <object_component id="oc-141">
         <name>.debug_info</name>
         <load_address>0xa12a</load_address>
         <run_address>0xa12a</run_address>
         <size>0x834</size>
         <input_file_ref idref="fl-13"/>
      </object_component>
      <object_component id="oc-144">
         <name>.debug_info</name>
         <load_address>0xa95e</load_address>
         <run_address>0xa95e</run_address>
         <size>0x8d9</size>
         <input_file_ref idref="fl-10"/>
      </object_component>
      <object_component id="oc-149">
         <name>.debug_info</name>
         <load_address>0xb237</load_address>
         <run_address>0xb237</run_address>
         <size>0x805</size>
         <input_file_ref idref="fl-18"/>
      </object_component>
      <object_component id="oc-14f">
         <name>.debug_info</name>
         <load_address>0xba3c</load_address>
         <run_address>0xba3c</run_address>
         <size>0x346</size>
         <input_file_ref idref="fl-11"/>
      </object_component>
      <object_component id="oc-153">
         <name>.debug_info</name>
         <load_address>0xbd82</load_address>
         <run_address>0xbd82</run_address>
         <size>0x2b5</size>
         <input_file_ref idref="fl-15a"/>
      </object_component>
      <object_component id="oc-158">
         <name>.debug_info</name>
         <load_address>0xc037</load_address>
         <run_address>0xc037</run_address>
         <size>0x31f</size>
         <input_file_ref idref="fl-153"/>
      </object_component>
      <object_component id="oc-15f">
         <name>.debug_info</name>
         <load_address>0xc356</load_address>
         <run_address>0xc356</run_address>
         <size>0xfc</size>
         <input_file_ref idref="fl-158"/>
      </object_component>
      <object_component id="oc-163">
         <name>.debug_info</name>
         <load_address>0xc452</load_address>
         <run_address>0xc452</run_address>
         <size>0x31b1</size>
         <input_file_ref idref="fl-c"/>
      </object_component>
      <object_component id="oc-166">
         <name>.debug_info</name>
         <load_address>0xf603</load_address>
         <run_address>0xf603</run_address>
         <size>0x26d</size>
         <input_file_ref idref="fl-159"/>
      </object_component>
      <object_component id="oc-16b">
         <name>.debug_info</name>
         <load_address>0xf870</load_address>
         <run_address>0xf870</run_address>
         <size>0x806</size>
         <input_file_ref idref="fl-17"/>
      </object_component>
      <object_component id="oc-16d">
         <name>.debug_info</name>
         <load_address>0x10076</load_address>
         <run_address>0x10076</run_address>
         <size>0x2bb</size>
         <input_file_ref idref="fl-10"/>
      </object_component>
      <object_component id="oc-16f">
         <name>.debug_info</name>
         <load_address>0x10331</load_address>
         <run_address>0x10331</run_address>
         <size>0xe4</size>
         <input_file_ref idref="fl-10"/>
      </object_component>
      <object_component id="oc-171">
         <name>.debug_info</name>
         <load_address>0x10415</load_address>
         <run_address>0x10415</run_address>
         <size>0xdd</size>
         <input_file_ref idref="fl-18"/>
      </object_component>
      <object_component id="oc-173">
         <name>.debug_info</name>
         <load_address>0x104f2</load_address>
         <run_address>0x104f2</run_address>
         <size>0xd3</size>
         <input_file_ref idref="fl-17"/>
      </object_component>
      <object_component id="oc-175">
         <name>.debug_info</name>
         <load_address>0x105c5</load_address>
         <run_address>0x105c5</run_address>
         <size>0xdd</size>
         <input_file_ref idref="fl-18"/>
      </object_component>
      <object_component id="oc-178">
         <name>.debug_info</name>
         <load_address>0x106a2</load_address>
         <run_address>0x106a2</run_address>
         <size>0xcb</size>
         <input_file_ref idref="fl-17"/>
      </object_component>
      <object_component id="oc-17b">
         <name>.debug_info</name>
         <load_address>0x1076d</load_address>
         <run_address>0x1076d</run_address>
         <size>0xcf</size>
         <input_file_ref idref="fl-17"/>
      </object_component>
      <object_component id="oc-182">
         <name>.debug_info</name>
         <load_address>0x1083c</load_address>
         <run_address>0x1083c</run_address>
         <size>0x5e</size>
         <input_file_ref idref="fl-166"/>
      </object_component>
      <object_component id="oc-188">
         <name>.debug_info</name>
         <load_address>0x1089a</load_address>
         <run_address>0x1089a</run_address>
         <size>0x1d4</size>
         <input_file_ref idref="fl-164"/>
      </object_component>
      <object_component id="oc-18e">
         <name>.debug_info</name>
         <load_address>0x10a6e</load_address>
         <run_address>0x10a6e</run_address>
         <size>0xd9</size>
         <input_file_ref idref="fl-164"/>
      </object_component>
      <object_component id="oc-19a">
         <name>.debug_info</name>
         <load_address>0x10b47</load_address>
         <run_address>0x10b47</run_address>
         <size>0x109</size>
         <input_file_ref idref="fl-1f"/>
      </object_component>
      <object_component id="oc-19c">
         <name>.debug_info</name>
         <load_address>0x10c50</load_address>
         <run_address>0x10c50</run_address>
         <size>0x1ba</size>
         <input_file_ref idref="fl-1f"/>
      </object_component>
      <object_component id="oc-19e">
         <name>.debug_info</name>
         <load_address>0x10e0a</load_address>
         <run_address>0x10e0a</run_address>
         <size>0x1c2</size>
         <input_file_ref idref="fl-1f"/>
      </object_component>
      <object_component id="oc-1a2">
         <name>.debug_info</name>
         <load_address>0x10fcc</load_address>
         <run_address>0x10fcc</run_address>
         <size>0x217</size>
         <input_file_ref idref="fl-1f"/>
      </object_component>
      <object_component id="oc-1a9">
         <name>.debug_info</name>
         <load_address>0x111e3</load_address>
         <run_address>0x111e3</run_address>
         <size>0x90</size>
         <input_file_ref idref="fl-1d"/>
      </object_component>
      <object_component id="oc-1c0">
         <name>.debug_info</name>
         <load_address>0x11273</load_address>
         <run_address>0x11273</run_address>
         <size>0xcd</size>
         <input_file_ref idref="fl-169"/>
      </object_component>
      <object_component id="oc-1c7">
         <name>.debug_info</name>
         <load_address>0x11340</load_address>
         <run_address>0x11340</run_address>
         <size>0x226</size>
         <input_file_ref idref="fl-1e"/>
      </object_component>
      <object_component id="oc-1cb">
         <name>.debug_info</name>
         <load_address>0x11566</load_address>
         <run_address>0x11566</run_address>
         <size>0x1e1</size>
         <input_file_ref idref="fl-1e"/>
      </object_component>
      <object_component id="oc-1cf">
         <name>.debug_info</name>
         <load_address>0x11747</load_address>
         <run_address>0x11747</run_address>
         <size>0x2f88</size>
         <input_file_ref idref="fl-7"/>
      </object_component>
      <object_component id="oc-1d3">
         <name>.debug_info</name>
         <load_address>0x146cf</load_address>
         <run_address>0x146cf</run_address>
         <size>0x202</size>
         <input_file_ref idref="fl-1e"/>
      </object_component>
      <object_component id="oc-1d8">
         <name>.debug_info</name>
         <load_address>0x148d1</load_address>
         <run_address>0x148d1</run_address>
[...]
         <name>SysCtlClockSet</name>
         <value>0x805d</value>
         <object_component_ref idref="oc-12f"/>
      </symbol>
      <symbol id="sm-78a">
         <name>SysCtlDelay</name>
         <value>0x9285</value>
         <object_component_ref idref="oc-1c5"/>
      </symbol>
      <symbol id="sm-78b">
         <name>SysCtlPeripheralEnable</name>
         <value>0x9079</value>
         <object_component_ref idref="oc-1c8"/>
      </symbol>
      <symbol id="sm-78c">
         <name>SysCtlClockGet</name>
         <value>0x8421</value>
         <object_component_ref idref="oc-1d2"/>
      </symbol>
      <symbol id="sm-7ef">
         <name>IntEnable</name>
         <value>0x8bc9</value>
         <object_component_ref idref="oc-d2"/>
      </symbol>
      <symbol id="sm-7f0">
         <name>IntDisable</name>
         <value>0x8b69</value>
         <object_component_ref idref="oc-d7"/>
      </symbol>
      <symbol id="sm-7f1">
         <name>IntRegister</name>
         <value>0x9045</value>
         <object_component_ref idref="oc-cd"/>
      </symbol>
      <symbol id="sm-7f2">
         <name>IntUnregister</name>
         <value>0x91bd</value>
         <object_component_ref idref="oc-dc"/>
      </symbol>
      <symbol id="sm-7f3">
         <name>g_pfnRAMVectors</name>
         <value>0x20000000</value>
         <object_component_ref idref="oc-199"/>
      </symbol>
      <symbol id="sm-7f4">
         <name>IntMasterEnable</name>
         <value>0x9273</value>
         <object_component_ref idref="oc-139"/>
      </symbol>
      <symbol id="sm-7fd">
         <name>CPUcpsie</name>
         <value>0x925b</value>
         <object_component_ref idref="oc-1f2"/>
      </symbol>
      <symbol id="sm-80c">
         <name>_c_int00</name>
         <value>0x8ea5</value>
         <object_component_ref idref="oc-10"/>
      </symbol>
      <symbol id="sm-80d">
         <name>__stack</name>
         <value>0x20001924</value>
         <object_component_ref idref="oc-23"/>
      </symbol>
      <symbol id="sm-823">
         <name>__TI_decompress_none</name>
         <value>0x924d</value>
         <object_component_ref idref="oc-14"/>
      </symbol>
      <symbol id="sm-845">
         <name>__TI_decompress_rle24</name>
         <value>0x928b</value>
         <object_component_ref idref="oc-1e"/>
      </symbol>
      <symbol id="sm-85d">
         <name>__TI_zero_init</name>
         <value>0x920b</value>
         <object_component_ref idref="oc-19"/>
      </symbol>
      <symbol id="sm-879">
         <name>C$$EXIT</name>
         <value>0x8f79</value>
         <object_component_ref idref="oc-3c"/>
      </symbol>
      <symbol id="sm-87a">
         <name>abort</name>
         <value>0x8f7d</value>
         <object_component_ref idref="oc-3c"/>
      </symbol>
      <symbol id="sm-87b">
         <name>exit</name>
         <value>0x8f85</value>
         <object_component_ref idref="oc-3c"/>
      </symbol>
      <symbol id="sm-87c">
         <name>__TI_dtors_ptr</name>
         <value>0x20002158</value>
         <object_component_ref idref="oc-a3"/>
      </symbol>
      <symbol id="sm-87d">
         <name>__TI_cleanup_ptr</name>
         <value>0x20002154</value>
         <object_component_ref idref="oc-a3"/>
      </symbol>
      <symbol id="sm-893">
         <name>__aeabi_dsub</name>
         <value>0x7a99</value>
         <object_component_ref idref="oc-117"/>
      </symbol>
      <symbol id="sm-894">
         <name>__aeabi_dadd</name>
         <value>0x7aa3</value>
         <object_component_ref idref="oc-117"/>
      </symbol>
      <symbol id="sm-8a7">
         <name>__aeabi_ddiv</name>
         <value>0x7df1</value>
         <object_component_ref idref="oc-107"/>
      </symbol>
      <symbol id="sm-8b1">
         <name>__aeabi_dmul</name>
         <value>0x8161</value>
         <object_component_ref idref="oc-113"/>
      </symbol>
      <symbol id="sm-8ba">
         <name>__aeabi_d2uiz</name>
         <value>0x8fbd</value>
         <object_component_ref idref="oc-10b"/>
      </symbol>
      <symbol id="sm-8e0">
         <name>puts</name>
         <value>0x8035</value>
         <object_component_ref idref="oc-157"/>
      </symbol>
      <symbol id="sm-8e1">
         <name>fputs</name>
         <value>0x7f29</value>
         <object_component_ref idref="oc-157"/>
      </symbol>
      <symbol id="sm-8ea">
         <name>__aeabi_i2d</name>
         <value>0x90dd</value>
         <object_component_ref idref="oc-10f"/>
      </symbol>
      <symbol id="sm-93a">
         <name>open</name>
         <value>0x6cdf</value>
         <object_component_ref idref="oc-237"/>
      </symbol>
      <symbol id="sm-93b">
         <name>add_device</name>
         <value>0x6e03</value>
         <object_component_ref idref="oc-237"/>
      </symbol>
      <symbol id="sm-93c">
         <name>remove_device</name>
         <value>0x6c93</value>
         <object_component_ref idref="oc-237"/>
      </symbol>
      <symbol id="sm-93d">
         <name>lseek</name>
         <value>0x6d8d</value>
         <object_component_ref idref="oc-237"/>
      </symbol>
      <symbol id="sm-93e">
         <name>read</name>
         <value>0x6cbb</value>
         <object_component_ref idref="oc-237"/>
      </symbol>
      <symbol id="sm-93f">
         <name>rename</name>
         <value>0x6c55</value>
         <object_component_ref idref="oc-237"/>
      </symbol>
      <symbol id="sm-940">
         <name>write</name>
         <value>0x6ba1</value>
         <object_component_ref idref="oc-237"/>
      </symbol>
      <symbol id="sm-941">
         <name>close</name>
         <value>0x6db1</value>
         <object_component_ref idref="oc-237"/>
      </symbol>
      <symbol id="sm-942">
         <name>unlink</name>
         <value>0x6c31</value>
         <object_component_ref idref="oc-237"/>
      </symbol>
      <symbol id="sm-951">
         <name>memchr</name>
         <value>0x9191</value>
         <object_component_ref idref="oc-22d"/>
      </symbol>
      <symbol id="sm-96b">
         <name>memcpy</name>
         <value>0x86f1</value>
         <object_component_ref idref="oc-44"/>
      </symbol>
      <symbol id="sm-96c">
         <name>__aeabi_memcpy</name>
         <value>0x86f1</value>
         <object_component_ref idref="oc-44"/>
      </symbol>
      <symbol id="sm-96d">
         <name>__aeabi_memcpy8</name>
         <value>0x86f1</value>
         <object_component_ref idref="oc-44"/>
      </symbol>
      <symbol id="sm-96e">
         <name>__aeabi_memcpy4</name>
         <value>0x86f1</value>
         <object_component_ref idref="oc-44"/>
      </symbol>
      <symbol id="sm-97c">
         <name>__aeabi_memset</name>
         <value>0x89b7</value>
         <object_component_ref idref="oc-15c"/>
      </symbol>
      <symbol id="sm-97d">
         <name>memset</name>
         <value>0x89bd</value>
         <object_component_ref idref="oc-15c"/>
      </symbol>
      <symbol id="sm-97e">
         <name>__aeabi_memset8</name>
         <value>0x89b7</value>
         <object_component_ref idref="oc-15c"/>
      </symbol>
      <symbol id="sm-97f">
         <name>__aeabi_memset4</name>
         <value>0x89b7</value>
         <object_component_ref idref="oc-15c"/>
      </symbol>
      <symbol id="sm-980">
         <name>__aeabi_memclr8</name>
         <value>0x89b5</value>
         <object_component_ref idref="oc-15c"/>
      </symbol>
      <symbol id="sm-981">
         <name>__aeabi_memclr4</name>
         <value>0x89b5</value>
         <object_component_ref idref="oc-15c"/>
      </symbol>
      <symbol id="sm-982">
         <name>__aeabi_memclr</name>
         <value>0x89b5</value>
         <object_component_ref idref="oc-15c"/>
      </symbol>
      <symbol id="sm-99a">
         <name>printf</name>
         <value>0x8a35</value>
         <object_component_ref idref="oc-165"/>
      </symbol>
      <symbol id="sm-9ad">
         <name>sprintf</name>
         <value>0x8c29</value>
         <object_component_ref idref="oc-152"/>
      </symbol>
      <symbol id="sm-9b4">
         <name>main_func_sp</name>
         <value>0x20002160</value>
         <object_component_ref idref="oc-41"/>
      </symbol>
      <symbol id="sm-9c3">
         <name>strchr</name>
         <value>0x91a7</value>
         <object_component_ref idref="oc-2ec"/>
      </symbol>
      <symbol id="sm-9d1">
         <name>strcmp</name>
         <value>0x9179</value>
         <object_component_ref idref="oc-2e7"/>
      </symbol>
      <symbol id="sm-9de">
         <name>strlen</name>
         <value>0x91e5</value>
         <object_component_ref idref="oc-228"/>
      </symbol>
      <symbol id="sm-9ed">
         <name>strncpy</name>
         <value>0x90ad</value>
         <object_component_ref idref="oc-2f1"/>
      </symbol>
      <symbol id="sm-a0c">
         <name>HOSTgetenv</name>
         <value>0x73ab</value>
         <object_component_ref idref="oc-35a"/>
      </symbol>
      <symbol id="sm-a0d">
         <name>HOSTrename</name>
         <value>0x7253</value>
         <object_component_ref idref="oc-35a"/>
      </symbol>
      <symbol id="sm-a0e">
         <name>HOSTclose</name>
         <value>0x73e9</value>
         <object_component_ref idref="oc-35a"/>
      </symbol>
      <symbol id="sm-a0f">
         <name>HOSTunlink</name>
         <value>0x71e1</value>
         <object_component_ref idref="oc-35a"/>
      </symbol>
      <symbol id="sm-a10">
         <name>HOSTlseek</name>
         <value>0x734f</value>
         <object_component_ref idref="oc-35a"/>
      </symbol>
      <symbol id="sm-a11">
         <name>HOSTopen</name>
         <value>0x72fd</value>
         <object_component_ref idref="oc-35a"/>
      </symbol>
      <symbol id="sm-a12">
         <name>HOSTclock</name>
         <value>0x7421</value>
         <object_component_ref idref="oc-35a"/>
      </symbol>
      <symbol id="sm-a13">
         <name>HOSTwrite</name>
         <value>0x7195</value>
         <object_component_ref idref="oc-35a"/>
      </symbol>
      <symbol id="sm-a14">
         <name>HOSTread</name>
         <value>0x72b1</value>
         <object_component_ref idref="oc-35a"/>
      </symbol>
      <symbol id="sm-a15">
         <name>HOSTtime</name>
         <value>0x7219</value>
         <object_component_ref idref="oc-35a"/>
      </symbol>
      <symbol id="sm-a2e">
         <name>__TI_readmsg</name>
         <value>0x8cb7</value>
         <object_component_ref idref="oc-38c"/>
      </symbol>
      <symbol id="sm-a2f">
         <name>C$$IO$$</name>
         <value>0x8cb3</value>
         <object_component_ref idref="oc-38c"/>
      </symbol>
      <symbol id="sm-a30">
         <name>__CIOBUF_</name>
         <value>0x200016f0</value>
         <object_component_ref idref="oc-3aa"/>
      </symbol>
      <symbol id="sm-a31">
         <name>__TI_writemsg</name>
         <value>0x8c89</value>
         <object_component_ref idref="oc-38c"/>
      </symbol>
      <symbol id="sm-a3a">
         <name>__aeabi_ui2d</name>
         <value>0x910b</value>
         <object_component_ref idref="oc-103"/>
      </symbol>
      <symbol id="sm-a57">
         <name>__TI_wrt_ok</name>
         <value>0x85a9</value>
         <object_component_ref idref="oc-223"/>
      </symbol>
      <symbol id="sm-a58">
         <name>__TI_rd_ok</name>
         <value>0x860b</value>
         <object_component_ref idref="oc-223"/>
      </symbol>
      <symbol id="sm-a6e">
         <name>_nop</name>
         <value>0x91df</value>
         <object_component_ref idref="oc-187"/>
      </symbol>
      <symbol id="sm-a6f">
         <name>_lock</name>
         <value>0x2000214c</value>
         <object_component_ref idref="oc-a1"/>
      </symbol>
      <symbol id="sm-a70">
         <name>_unlock</name>
         <value>0x20002150</value>
         <object_component_ref idref="oc-a1"/>
      </symbol>
      <symbol id="sm-a71">
         <name>_register_lock</name>
         <value>0x91d7</value>
         <object_component_ref idref="oc-187"/>
      </symbol>
      <symbol id="sm-a72">
         <name>_register_unlock</name>
         <value>0x91d1</value>
         <object_component_ref idref="oc-187"/>
      </symbol>
      <symbol id="sm-b5a">
         <name>__TI_printfi</name>
         <value>0x3813</value>
         <object_component_ref idref="oc-217"/>
      </symbol>
      <symbol id="sm-b6d">
         <name>_args_main</name>
         <value>0x9149</value>
         <object_component_ref idref="oc-37"/>
      </symbol>
      <symbol id="sm-b82">
         <name>atoi</name>
         <value>0x8e59</value>
         <object_component_ref idref="oc-2ba"/>
      </symbol>
      <symbol id="sm-b9e">
         <name>__TI_auto_init</name>
         <value>0x8825</value>
         <object_component_ref idref="oc-33"/>
      </symbol>
      <symbol id="sm-bb6">
         <name>copy_in</name>
         <value>0x8f35</value>
         <object_component_ref idref="oc-8f"/>
      </symbol>
      <symbol id="sm-bc0">
         <name>_ctypes_</name>
         <value>0x9294</value>
         <object_component_ref idref="oc-32a"/>
      </symbol>
      <symbol id="sm-bd6">
         <name>__aeabi_stdout</name>
         <value>0x20002130</value>
         <object_component_ref idref="oc-2e3"/>
      </symbol>
      <symbol id="sm-bd7">
         <name>__TI_tmpnams</name>
         <value>0x20001810</value>
         <object_component_ref idref="oc-3a4"/>
      </symbol>
      <symbol id="sm-bd8">
         <name>__aeabi_stderr</name>
         <value>0x20002134</value>
         <object_component_ref idref="oc-2e3"/>
      </symbol>
      <symbol id="sm-bd9">
         <name>__aeabi_stdin</name>
         <value>0x2000212c</value>
         <object_component_ref idref="oc-2e3"/>
      </symbol>
      <symbol id="sm-bda">
         <name>_ftable</name>
         <value>0x20001f68</value>
         <object_component_ref idref="oc-23c"/>
      </symbol>
      <symbol id="sm-bdb">
         <name>__TI_ft_end</name>
         <value>0x20002128</value>
         <object_component_ref idref="oc-2e3"/>
      </symbol>
      <symbol id="sm-bfb">
         <name>__aeabi_cdcmpeq</name>
         <value>0x88b9</value>
         <object_component_ref idref="oc-29f"/>
      </symbol>
      <symbol id="sm-bfc">
         <name>__aeabi_cdcmple</name>
         <value>0x88b9</value>
         <object_component_ref idref="oc-29f"/>
      </symbol>
      <symbol id="sm-bfd">
         <name>__aeabi_cdrcmple</name>
         <value>0x8937</value>
         <object_component_ref idref="oc-2a3"/>
      </symbol>
      <symbol id="sm-c06">
         <name>__aeabi_d2iz</name>
         <value>0x8eed</value>
         <object_component_ref idref="oc-2a7"/>
      </symbol>
      <symbol id="sm-c1f">
         <name>__TI_doflush</name>
         <value>0x84e9</value>
         <object_component_ref idref="oc-232"/>
      </symbol>
      <symbol id="sm-c20">
         <name>fflush</name>
         <value>0x8535</value>
         <object_component_ref idref="oc-232"/>
      </symbol>
      <symbol id="sm-c37">
         <name>putc</name>
         <value>0x86d9</value>
         <object_component_ref idref="oc-24b"/>
      </symbol>
      <symbol id="sm-c38">
         <name>fputc</name>
         <value>0x8655</value>
         <object_component_ref idref="oc-24b"/>
      </symbol>
      <symbol id="sm-c39">
         <name>putchar</name>
         <value>0x86dd</value>
         <object_component_ref idref="oc-24b"/>
      </symbol>
      <symbol id="sm-c4a">
         <name>fseek</name>
         <value>0x8b05</value>
         <object_component_ref idref="oc-2d3"/>
      </symbol>
      <symbol id="sm-c52">
         <name>__aeabi_lmul</name>
         <value>0x9161</value>
         <object_component_ref idref="oc-29b"/>
      </symbol>
      <symbol id="sm-c60">
         <name>ltoa</name>
         <value>0x8da5</value>
         <object_component_ref idref="oc-2ab"/>
      </symbol>
      <symbol id="sm-c6f">
         <name>memccpy</name>
         <value>0x912b</value>
         <object_component_ref idref="oc-2b5"/>
      </symbol>
      <symbol id="sm-c8a">
         <name>setvbuf</name>
         <value>0x8345</value>
         <object_component_ref idref="oc-2d8"/>
      </symbol>
      <symbol id="sm-c97">
         <name>strcpy</name>
         <value>0x922f</value>
         <object_component_ref idref="oc-391"/>
      </symbol>
      <symbol id="sm-cb2">
         <name>__aeabi_uldivmod</name>
         <value>0x76e3</value>
         <object_component_ref idref="oc-297"/>
      </symbol>
      <symbol id="sm-cbb">
         <name>_Dclass</name>
         <value>0x921d</value>
         <object_component_ref idref="oc-2b0"/>
      </symbol>
      <symbol id="sm-ccc">
         <name>_Dtest</name>
         <value>0x9001</value>
         <object_component_ref idref="oc-322"/>
      </symbol>
      <symbol id="sm-d03">
         <name>__TI_cleanup</name>
         <value>0x79a1</value>
         <object_component_ref idref="oc-33e"/>
      </symbol>
      <symbol id="sm-d04">
         <name>freopen</name>
         <value>0x79cd</value>
         <object_component_ref idref="oc-33e"/>
      </symbol>
      <symbol id="sm-d05">
         <name>fopen</name>
         <value>0x79f7</value>
         <object_component_ref idref="oc-33e"/>
      </symbol>
      <symbol id="sm-d71">
         <name>_sys_memory</name>
         <value>0x20001c48</value>
         <object_component_ref idref="oc-24"/>
      </symbol>
      <symbol id="sm-d72">
         <name>free</name>
         <value>0x68c3</value>
         <object_component_ref idref="oc-339"/>
      </symbol>
      <symbol id="sm-d73">
         <name>realloc</name>
         <value>0x6983</value>
         <object_component_ref idref="oc-339"/>
      </symbol>
      <symbol id="sm-d74">
         <name>memalign</name>
         <value>0x6a89</value>
         <object_component_ref idref="oc-339"/>
      </symbol>
      <symbol id="sm-d75">
         <name>calloc</name>
         <value>0x6b69</value>
         <object_component_ref idref="oc-339"/>
      </symbol>
      <symbol id="sm-d76">
         <name>malloc</name>
         <value>0x6861</value>
         <object_component_ref idref="oc-339"/>
      </symbol>
      <symbol id="sm-d77">
         <name>minit</name>
         <value>0x67d5</value>
         <object_component_ref idref="oc-339"/>
      </symbol>
      <symbol id="sm-d8c">
         <name>__TI_closefile</name>
         <value>0x878d</value>
         <object_component_ref idref="oc-37c"/>
      </symbol>
      <symbol id="sm-d8d">
         <name>fclose</name>
         <value>0x87f3</value>
         <object_component_ref idref="oc-37c"/>
      </symbol>
      <symbol id="sm-d8f">
         <name>__TI_static_base__</name>
         <value>0x0</value>
      </symbol>
      <symbol id="sm-d90">
         <name>__TI_args_main</name>
         <value>0x1</value>
      </symbol>
      <symbol id="sm-d91">
         <name>SHT$$INIT_ARRAY$$Limit</name>
         <value>0x0</value>
      </symbol>
      <symbol id="sm-d92">
         <name>SHT$$INIT_ARRAY$$Base</name>
         <value>0x0</value>
      </symbol>
      <symbol id="sm-d96">
         <name>remove</name>
         <value>0x6c31</value>
      </symbol>
   </symbol_table>
   <title>Link successful</title>
</link_info>
